Feb  1 17:51:58 mail postfix/cleanup[1520819]: 4DTwW145xMz24l1: message-id=<628355597184217012239@inconue-PC>
Feb  1 17:51:58 mail postfix/qmgr[2026]: 4DTwW145xMz24l1: from=<do-not-reply@oneidnet.com>, size=13049, nrcpt=1 (queue active)
Feb  1 17:51:58 mail postfix/cleanup[1520820]: 4DTwW14Bf7z256W: message-id=<628355597184287145557@inconue-PC>
Feb  1 17:51:58 mail postfix/qmgr[2026]: 4DTwW14Bf7z256W: from=<do-not-reply@oneidnet.com>, size=13053, nrcpt=1 (queue active)
Feb  1 17:51:58 mail amavis[1485067]: (1485067-02) NOTICE: reconnecting in response to: err=2006, HY000, DBD::mysql::st execute failed: MySQL server has gone away at (eval 108) line 173.
Feb  1 17:51:58 mail postfix/cleanup[1520828]: 4DTwW14FKjz256X: message-id=<6283555971843283882@inconue-PC>
Feb  1 17:51:58 mail postfix/qmgr[2026]: 4DTwW14FKjz256X: from=<do-not-reply@oneidnet.com>, size=13053, nrcpt=1 (queue active)
Feb  1 17:51:58 mail postfix/cleanup[1520833]: 4DTwW152MKz256Y: message-id=<6283555971842498013814@inconue-PC>
Feb  1 17:51:58 mail postfix/qmgr[2026]: 4DTwW152MKz256Y: from=<do-not-reply@oneidnet.com>, size=13062, nrcpt=1 (queue active)
Feb  1 17:51:58 mail postfix/submission/smtpd[1520789]: disconnect from unknown[41.142.47.107] ehlo=2 starttls=1 auth=1 mail=1 rcpt=1 data=1 quit=1 commands=8
Feb  1 17:51:58 mail postfix/submission/smtpd[1520812]: disconnect from unknown[41.142.47.107] ehlo=2 starttls=1 auth=1 mail=1 rcpt=1 data=1 quit=1 commands=8
Feb  1 17:51:58 mail postfix/submission/smtpd[1520811]: disconnect from unknown[41.142.47.107] ehlo=2 starttls=1 auth=1 mail=1 rcpt=1 data=1 quit=1 commands=8
Feb  1 17:51:58 mail postfix/submission/smtpd[1520813]: disconnect from unknown[41.142.47.107] ehlo=2 starttls=1 auth=1 mail=1 rcpt=1 data=1 quit=1 commands=8
Feb  1 17:51:58 mail postfix/10025/smtpd[1520845]: connect from localhost[127.0.0.1]
Feb  1 17:51:58 mail postfix/10025/smtpd[1520845]: 4DTwW24TSFz256d: client=localhost[127.0.0.1]
Feb  1 17:51:58 mail postfix/cleanup[1520819]: 4DTwW24TSFz256d: message-id=<628355597184287145557@inconue-PC>
Feb  1 17:51:58 mail postfix/10025/smtpd[1520845]: disconnect from localhost[127.0.0.1] ehlo=1 mail=1 rcpt=1 data=1 quit=1 commands=5
Feb  1 17:51:58 mail postfix/qmgr[2026]: 4DTwW24TSFz256d: from=<do-not-reply@oneidnet.com>, size=14295, nrcpt=1 (queue active)
Feb  1 17:51:58 mail amavis[1485067]: (1485067-02) Passed CLEAN {RelayedInternal}, ORIGINATING LOCAL [41.142.47.107]:14484 [41.142.47.107] ESMTP/ESMTP <do-not-reply@oneidnet.com> -> <mamaip2@hotmail.com>, (ESMTPSA://[41.142.47.107]:14484), Queue-ID: 4DTwW14Bf7z256W, Message-ID: <628355597184287145557@inconue-pc>, mail_id: H4LHf19wNC7f, b: BYxNXVR2A, Hits: -0.261, size: 13053, queued_as: 4DTwW24TSFz256d, Subject: "Offre spciale | D'une valeur de 250  (raw: =?UTF-8?Q?Offre_sp=C3=A9ciale_|_D'une_valeur_de_250_=E2=82=AC?=)", From: <do-not-reply@oneidnet.com>, X-Mailer: Smart_Send_3_1_6, helo=105.156.61.195, Tests: [ALL_TRUSTED=-1,HTML_FONT_LOW_CONTRAST=0.001,HTML_MESSAGE=0.001,HTML_MIME_NO_HTML_TAG=0.635,MIME_HTML_ONLY=0.1,TVD_RCVD_IP4=0.001,TVD_RCVD_IP=0.001], autolearn=no autolearn_force=no, autolearnscore=0.739, dkim_new=dkim:oneidnet.com, 285 ms
Feb  1 17:51:58 mail postfix/amavis/smtp[1520836]: 4DTwW14Bf7z256W: to=<mamaip2@hotmail.com>, relay=127.0.0.1[127.0.0.1]:10026, delay=1.3, delays=0.96/0.01/0/0.29, dsn=2.0.0, status=sent (250 2.0.0 from MTA(smtp:[127.0.0.1]:10025): 250 2.0.0 Ok: queued as 4DTwW24TSFz256d)
Feb  1 17:51:58 mail postfix/qmgr[2026]: 4DTwW14Bf7z256W: removed
Feb  1 17:51:58 mail postfix/10025/smtpd[1520845]: connect from localhost[127.0.0.1]
Feb  1 17:51:58 mail postfix/10025/smtpd[1520845]: 4DTwW24wG8z256W: client=localhost[127.0.0.1]
Feb  1 17:51:58 mail postfix/cleanup[1520820]: 4DTwW24wG8z256W: message-id=<628355597184217012239@inconue-PC>
Feb  1 17:51:58 mail postfix/10025/smtpd[1520845]: disconnect from localhost[127.0.0.1] ehlo=1 mail=1 rcpt=1 data=1 quit=1 commands=5
Feb  1 17:51:58 mail postfix/qmgr[2026]: 4DTwW24wG8z256W: from=<do-not-reply@oneidnet.com>, size=14287, nrcpt=1 (queue active)
Feb  1 17:51:58 mail amavis[1485070]: (1485070-01) Passed CLEAN {RelayedInternal}, ORIGINATING LOCAL [41.142.47.107]:14482 [41.142.47.107] ESMTP/ESMTP <do-not-reply@oneidnet.com> -> <mama.ip@yahoo.com>, (ESMTPSA://[41.142.47.107]:14482), Queue-ID: 4DTwW145xMz24l1, Message-ID: <628355597184217012239@inconue-pc>, mail_id: 7aosQD0Pm_Ay, b: BYxNXVR2A, Hits: -0.261, size: 13049, queued_as: 4DTwW24wG8z256W, Subject: "Offre spciale | D'une valeur de 250  (raw: =?UTF-8?Q?Offre_sp=C3=A9ciale_|_D'une_valeur_de_250_=E2=82=AC?=)", From: <do-not-reply@oneidnet.com>, X-Mailer: Smart_Send_3_1_6, helo=105.156.61.195, Tests: [ALL_TRUSTED=-1,HTML_FONT_LOW_CONTRAST=0.001,HTML_MESSAGE=0.001,HTML_MIME_NO_HTML_TAG=0.635,MIME_HTML_ONLY=0.1,TVD_RCVD_IP4=0.001,TVD_RCVD_IP=0.001], autolearn=no autolearn_force=no, autolearnscore=0.739, dkim_new=dkim:oneidnet.com, 393 ms
Feb  1 17:51:58 mail postfix/amavis/smtp[1520834]: 4DTwW145xMz24l1: to=<mama.ip@yahoo.com>, relay=127.0.0.1[127.0.0.1]:10026, delay=1.3, delays=0.92/0.01/0.01/0.4, dsn=2.0.0, status=sent (250 2.0.0 from MTA(smtp:[127.0.0.1]:10025): 250 2.0.0 Ok: queued as 4DTwW24wG8z256W)
Feb  1 17:51:58 mail postfix/qmgr[2026]: 4DTwW145xMz24l1: removed
Feb  1 17:51:58 mail postfix/10025/smtpd[1520845]: connect from localhost[127.0.0.1]
Feb  1 17:51:58 mail postfix/10025/smtpd[1520845]: 4DTwW25FJVz24l1: client=localhost[127.0.0.1]
Feb  1 17:51:58 mail postfix/cleanup[1520828]: 4DTwW25FJVz24l1: message-id=<6283555971843283882@inconue-PC>
Feb  1 17:51:58 mail postfix/qmgr[2026]: 4DTwW25FJVz24l1: from=<do-not-reply@oneidnet.com>, size=14297, nrcpt=1 (queue active)
Feb  1 17:51:58 mail postfix/10025/smtpd[1520845]: disconnect from localhost[127.0.0.1] ehlo=1 mail=1 rcpt=1 data=1 quit=1 commands=5
Feb  1 17:51:58 mail amavis[1485068]: (1485068-02) Passed CLEAN {RelayedInternal}, ORIGINATING LOCAL [41.142.47.107]:14483 [41.142.47.107] ESMTP/ESMTP <do-not-reply@oneidnet.com> -> <mamaip110@outlook.fr>, (ESMTPSA://[41.142.47.107]:14483), Queue-ID: 4DTwW14FKjz256X, Message-ID: <6283555971843283882@inconue-pc>, mail_id: 3cJT0P2hIWo2, b: BYxNXVR2A, Hits: -0.261, size: 13053, queued_as: 4DTwW25FJVz24l1, Subject: "Offre spciale | D'une valeur de 250  (raw: =?UTF-8?Q?Offre_sp=C3=A9ciale_|_D'une_valeur_de_250_=E2=82=AC?=)", From: <do-not-reply@oneidnet.com>, X-Mailer: Smart_Send_3_1_6, helo=105.156.61.195, Tests: [ALL_TRUSTED=-1,HTML_FONT_LOW_CONTRAST=0.001,HTML_MESSAGE=0.001,HTML_MIME_NO_HTML_TAG=0.635,MIME_HTML_ONLY=0.1,TVD_RCVD_IP4=0.001,TVD_RCVD_IP=0.001], autolearn=no autolearn_force=no, autolearnscore=0.739, dkim_new=dkim:oneidnet.com, 331 ms
Feb  1 17:51:58 mail postfix/amavis/smtp[1520841]: 4DTwW14FKjz256X: to=<mamaip110@outlook.fr>, relay=127.0.0.1[127.0.0.1]:10026, delay=1.4, delays=1/0.01/0/0.33, dsn=2.0.0, status=sent (250 2.0.0 from MTA(smtp:[127.0.0.1]:10025): 250 2.0.0 Ok: queued as 4DTwW25FJVz24l1)
Feb  1 17:51:58 mail postfix/qmgr[2026]: 4DTwW14FKjz256X: removed
Feb  1 17:51:58 mail postfix/10025/smtpd[1520845]: connect from localhost[127.0.0.1]
Feb  1 17:51:58 mail postfix/10025/smtpd[1520845]: 4DTwW25Y7gz256X: client=localhost[127.0.0.1]
Feb  1 17:51:58 mail postfix/cleanup[1520833]: 4DTwW25Y7gz256X: message-id=<6283555971842498013814@inconue-PC>
Feb  1 17:51:58 mail postfix/qmgr[2026]: 4DTwW25Y7gz256X: from=<do-not-reply@oneidnet.com>, size=14312, nrcpt=1 (queue active)
Feb  1 17:51:58 mail postfix/10025/smtpd[1520845]: disconnect from localhost[127.0.0.1] ehlo=1 mail=1 rcpt=1 data=1 quit=1 commands=5
Feb  1 17:51:58 mail amavis[1485069]: (1485069-02) Passed CLEAN {RelayedInternal}, ORIGINATING LOCAL [41.142.47.107]:14485 [41.142.47.107] ESMTP/ESMTP <do-not-reply@oneidnet.com> -> <yassintaza9@hotmail.com>, (ESMTPSA://[41.142.47.107]:14485), Queue-ID: 4DTwW152MKz256Y, Message-ID: <6283555971842498013814@inconue-pc>, mail_id: W_r1CXKD15zw, b: BYxNXVR2A, Hits: -0.261, size: 13062, queued_as: 4DTwW25Y7gz256X, Subject: "Offre spciale | D'une valeur de 250  (raw: =?UTF-8?Q?Offre_sp=C3=A9ciale_|_D'une_valeur_de_250_=E2=82=AC?=)", From: <do-not-reply@oneidnet.com>, X-Mailer: Smart_Send_3_1_6, helo=105.156.61.195, Tests: [ALL_TRUSTED=-1,HTML_FONT_LOW_CONTRAST=0.001,HTML_MESSAGE=0.001,HTML_MIME_NO_HTML_TAG=0.635,MIME_HTML_ONLY=0.1,TVD_RCVD_IP4=0.001,TVD_RCVD_IP=0.001], autolearn=no autolearn_force=no, autolearnscore=0.739, dkim_new=dkim:oneidnet.com, 338 ms
Feb  1 17:51:58 mail postfix/amavis/smtp[1520842]: 4DTwW152MKz256Y: to=<yassintaza9@hotmail.com>, relay=127.0.0.1[127.0.0.1]:10026, delay=1.3, delays=0.91/0.01/0/0.34, dsn=2.0.0, status=sent (250 2.0.0 from MTA(smtp:[127.0.0.1]:10025): 250 2.0.0 Ok: queued as 4DTwW25Y7gz256X)
Feb  1 17:51:58 mail postfix/qmgr[2026]: 4DTwW152MKz256Y: removed
Feb  1 17:51:59 mail postfix/smtp[1520847]: Trusted TLS connection established to mta7.am0.yahoodns.net[98.136.96.75]:25: TLSv1.2 with cipher ECDHE-RSA-AES128-GCM-SHA256 (128/128 bits)
Feb  1 17:51:59 mail postfix/smtp[1520846]: Trusted TLS connection established to hotmail-com.olc.protection.outlook.com[104.47.22.161]:25: TLSv1.2 with cipher ECDHE-RSA-AES256-GCM-SHA384 (256/256 bits)
Feb  1 17:51:59 mail postfix/smtp[1520849]: Trusted TLS connection established to hotmail-com.olc.protection.outlook.com[104.47.18.161]:25: TLSv1.2 with cipher ECDHE-RSA-AES256-GCM-SHA384 (256/256 bits)
Feb  1 17:51:59 mail postfix/smtp[1520848]: Trusted TLS connection established to eur.olc.protection.outlook.com[104.47.1.33]:25: TLSv1.2 with cipher ECDHE-RSA-AES256-GCM-SHA384 (256/256 bits)
Feb  1 17:51:59 mail postfix/smtp[1520846]: 4DTwW24TSFz256d: to=<mamaip2@hotmail.com>, relay=hotmail-com.olc.protection.outlook.com[104.47.22.161]:25, delay=0.91, delays=0.01/0.01/0.55/0.33, dsn=2.6.0, status=sent (250 2.6.0 <628355597184287145557@inconue-PC> [InternalId=33638183959164, Hostname=DB8EUR06HT222.eop-eur06.prod.protection.outlook.com] 21488 bytes in 0.089, 233.227 KB/sec Queued mail for delivery -> 250 2.1.5)
Feb  1 17:51:59 mail postfix/qmgr[2026]: 4DTwW24TSFz256d: removed
Feb  1 17:51:59 mail postfix/smtp[1520849]: 4DTwW25Y7gz256X: to=<yassintaza9@hotmail.com>, relay=hotmail-com.olc.protection.outlook.com[104.47.18.161]:25, delay=1, delays=0.01/0.01/0.6/0.44, dsn=2.6.0, status=sent (250 2.6.0 <6283555971842498013814@inconue-PC> [InternalId=33608119181487, Hostname=AM7EUR06HT014.eop-eur06.prod.protection.outlook.com] 21516 bytes in 0.201, 104.082 KB/sec Queued mail for delivery -> 250 2.1.5)
Feb  1 17:51:59 mail postfix/qmgr[2026]: 4DTwW25Y7gz256X: removed
Feb  1 17:52:00 mail postfix/smtp[1520848]: 4DTwW25FJVz24l1: to=<mamaip110@outlook.fr>, relay=eur.olc.protection.outlook.com[104.47.1.33]:25, delay=1.3, delays=0.01/0.01/0.76/0.5, dsn=2.6.0, status=sent (250 2.6.0 <6283555971843283882@inconue-PC> [InternalId=109706349680912, Hostname=VE1EUR01HT003.eop-EUR01.prod.protection.outlook.com] 21560 bytes in 0.139, 151.145 KB/sec Queued mail for delivery -> 250 2.1.5)
Feb  1 17:52:00 mail postfix/qmgr[2026]: 4DTwW25FJVz24l1: removed
Feb  1 17:52:00 mail postfix/smtp[1520847]: 4DTwW24wG8z256W: to=<mama.ip@yahoo.com>, relay=mta7.am0.yahoodns.net[98.136.96.75]:25, delay=1.7, delays=0.01/0.02/0.32/1.3, dsn=2.0.0, status=sent (250 ok dirdel)
Feb  1 17:52:00 mail postfix/qmgr[2026]: 4DTwW24wG8z256W: removed
Feb  1 17:53:23 mail postfix/submission/smtpd[1520789]: connect from unknown[41.142.47.107]
Feb  1 17:53:24 mail postfix/submission/smtpd[1520789]: Anonymous TLS connection established from unknown[41.142.47.107]: TLSv1 with cipher DHE-RSA-AES256-SHA (256/256 bits)
Feb  1 17:53:25 mail postfix/submission/smtpd[1520789]: warning: unknown[41.142.47.107]: SASL CRAM-MD5 authentication failed: Invalid authentication mechanism
Feb  1 17:53:25 mail postfix/submission/smtpd[1520789]: lost connection after AUTH from unknown[41.142.47.107]
Feb  1 17:53:25 mail postfix/submission/smtpd[1520789]: disconnect from unknown[41.142.47.107] ehlo=2 starttls=1 auth=0/1 commands=3/4
Feb  1 17:53:25 mail postfix/submission/smtpd[1520812]: connect from unknown[41.142.47.107]
Feb  1 17:53:26 mail postfix/submission/smtpd[1520812]: Anonymous TLS connection established from unknown[41.142.47.107]: TLSv1 with cipher DHE-RSA-AES256-SHA (256/256 bits)
Feb  1 17:53:27 mail postfix/submission/smtpd[1520812]: disconnect from unknown[41.142.47.107] ehlo=2 starttls=1 auth=1 quit=1 commands=5
Feb  1 17:53:27 mail postfix/submission/smtpd[1520811]: connect from unknown[41.142.47.107]
Feb  1 17:53:27 mail postfix/submission/smtpd[1520813]: connect from unknown[41.142.47.107]
Feb  1 17:53:27 mail postfix/submission/smtpd[1520789]: connect from unknown[41.142.47.107]
Feb  1 17:53:27 mail postfix/submission/smtpd[1520812]: connect from unknown[41.142.47.107]
Feb  1 17:53:29 mail postfix/submission/smtpd[1520811]: Anonymous TLS connection established from unknown[41.142.47.107]: TLSv1 with cipher DHE-RSA-AES256-SHA (256/256 bits)
Feb  1 17:53:29 mail postfix/submission/smtpd[1520813]: Anonymous TLS connection established from unknown[41.142.47.107]: TLSv1 with cipher DHE-RSA-AES256-SHA (256/256 bits)
Feb  1 17:53:30 mail postfix/submission/smtpd[1520789]: Anonymous TLS connection established from unknown[41.142.47.107]: TLSv1 with cipher DHE-RSA-AES256-SHA (256/256 bits)
Feb  1 17:53:30 mail postfix/submission/smtpd[1520812]: Anonymous TLS connection established from unknown[41.142.47.107]: TLSv1 with cipher DHE-RSA-AES256-SHA (256/256 bits)
Feb  1 17:53:31 mail postfix/submission/smtpd[1520813]: 4DTwXq2NQPz24l1: client=unknown[41.142.47.107], sasl_method=LOGIN, sasl_username=do-not-reply@oneidnet.com
Feb  1 17:53:31 mail postfix/submission/smtpd[1520811]: 4DTwXq2htWz256W: client=unknown[41.142.47.107], sasl_method=LOGIN, sasl_username=do-not-reply@oneidnet.com
Feb  1 17:53:31 mail postfix/submission/smtpd[1520789]: 4DTwXq2mhbz256X: client=unknown[41.142.47.107], sasl_method=LOGIN, sasl_username=do-not-reply@oneidnet.com
Feb  1 17:53:31 mail postfix/submission/smtpd[1520812]: 4DTwXq3WW6z256Y: client=unknown[41.142.47.107], sasl_method=LOGIN, sasl_username=do-not-reply@oneidnet.com
Feb  1 17:53:32 mail postfix/cleanup[1520819]: 4DTwXq2NQPz24l1: message-id=<62835559718469639484@inconue-PC>
Feb  1 17:53:32 mail postfix/qmgr[2026]: 4DTwXq2NQPz24l1: from=<do-not-reply@oneidnet.com>, size=13054, nrcpt=1 (queue active)
Feb  1 17:53:32 mail postfix/cleanup[1520820]: 4DTwXq2htWz256W: message-id=<628355597184100898926@inconue-PC>
Feb  1 17:53:32 mail postfix/qmgr[2026]: 4DTwXq2htWz256W: from=<do-not-reply@oneidnet.com>, size=13049, nrcpt=1 (queue active)
Feb  1 17:53:32 mail postfix/cleanup[1520828]: 4DTwXq2mhbz256X: message-id=<628355597184120722706@inconue-PC>
Feb  1 17:53:32 mail postfix/qmgr[2026]: 4DTwXq2mhbz256X: from=<do-not-reply@oneidnet.com>, size=13053, nrcpt=1 (queue active)
Feb  1 17:53:32 mail postfix/submission/smtpd[1520813]: disconnect from unknown[41.142.47.107] ehlo=2 starttls=1 auth=1 mail=1 rcpt=1 data=1 quit=1 commands=8
Feb  1 17:53:32 mail postfix/10025/smtpd[1520845]: connect from localhost[127.0.0.1]
Feb  1 17:53:32 mail postfix/10025/smtpd[1520845]: 4DTwXr1nbkz256d: client=localhost[127.0.0.1]
Feb  1 17:53:32 mail postfix/cleanup[1520819]: 4DTwXr1nbkz256d: message-id=<62835559718469639484@inconue-PC>
Feb  1 17:53:32 mail postfix/10025/smtpd[1520845]: disconnect from localhost[127.0.0.1] ehlo=1 mail=1 rcpt=1 data=1 quit=1 commands=5
Feb  1 17:53:32 mail postfix/qmgr[2026]: 4DTwXr1nbkz256d: from=<do-not-reply@oneidnet.com>, size=14298, nrcpt=1 (queue active)
Feb  1 17:53:32 mail amavis[1485067]: (1485067-03) Passed CLEAN {RelayedInternal}, ORIGINATING LOCAL [41.142.47.107]:14935 [41.142.47.107] ESMTP/ESMTP <do-not-reply@oneidnet.com> -> <mamaip110@outlook.fr>, (ESMTPSA://[41.142.47.107]:14935), Queue-ID: 4DTwXq2NQPz24l1, Message-ID: <62835559718469639484@inconue-pc>, mail_id: oQV_9r-0XmWs, b: BYxNXVR2A, Hits: -0.261, size: 13054, queued_as: 4DTwXr1nbkz256d, Subject: "Offre spciale | D'une valeur de 250  (raw: =?UTF-8?Q?Offre_sp=C3=A9ciale_|_D'une_valeur_de_250_=E2=82=AC?=)", From: <do-not-reply@oneidnet.com>, X-Mailer: Smart_Send_3_1_6, helo=105.156.61.195, Tests: [ALL_TRUSTED=-1,HTML_FONT_LOW_CONTRAST=0.001,HTML_MESSAGE=0.001,HTML_MIME_NO_HTML_TAG=0.635,MIME_HTML_ONLY=0.1,TVD_RCVD_IP4=0.001,TVD_RCVD_IP=0.001], autolearn=no autolearn_force=no, autolearnscore=0.739, dkim_new=dkim:oneidnet.com, 187 ms
Feb  1 17:53:32 mail postfix/amavis/smtp[1520836]: 4DTwXq2NQPz24l1: to=<mamaip110@outlook.fr>, relay=127.0.0.1[127.0.0.1]:10026, delay=1.1, delays=0.91/0/0/0.2, dsn=2.0.0, status=sent (250 2.0.0 from MTA(smtp:[127.0.0.1]:10025): 250 2.0.0 Ok: queued as 4DTwXr1nbkz256d)
Feb  1 17:53:32 mail postfix/qmgr[2026]: 4DTwXq2NQPz24l1: removed
Feb  1 17:53:32 mail postfix/cleanup[1520833]: 4DTwXq3WW6z256Y: message-id=<6283555971841167617378@inconue-PC>
Feb  1 17:53:32 mail postfix/qmgr[2026]: 4DTwXq3WW6z256Y: from=<do-not-reply@oneidnet.com>, size=13062, nrcpt=1 (queue active)
Feb  1 17:53:32 mail postfix/submission/smtpd[1520811]: disconnect from unknown[41.142.47.107] ehlo=2 starttls=1 auth=1 mail=1 rcpt=1 data=1 quit=1 commands=8
Feb  1 17:53:32 mail postfix/submission/smtpd[1520789]: disconnect from unknown[41.142.47.107] ehlo=2 starttls=1 auth=1 mail=1 rcpt=1 data=1 quit=1 commands=8
Feb  1 17:53:32 mail postfix/10025/smtpd[1520845]: connect from localhost[127.0.0.1]
Feb  1 17:53:32 mail postfix/10025/smtpd[1520845]: 4DTwXr2s5vz24l1: client=localhost[127.0.0.1]
Feb  1 17:53:32 mail postfix/cleanup[1520820]: 4DTwXr2s5vz24l1: message-id=<628355597184100898926@inconue-PC>
Feb  1 17:53:32 mail postfix/10025/smtpd[1520845]: disconnect from localhost[127.0.0.1] ehlo=1 mail=1 rcpt=1 data=1 quit=1 commands=5
Feb  1 17:53:32 mail postfix/qmgr[2026]: 4DTwXr2s5vz24l1: from=<do-not-reply@oneidnet.com>, size=14287, nrcpt=1 (queue active)
Feb  1 17:53:32 mail postfix/10025/smtpd[1520845]: connect from localhost[127.0.0.1]
Feb  1 17:53:32 mail postfix/10025/smtpd[1520845]: 4DTwXr2xPYz256j: client=localhost[127.0.0.1]
Feb  1 17:53:32 mail postfix/cleanup[1520828]: 4DTwXr2xPYz256j: message-id=<628355597184120722706@inconue-PC>
Feb  1 17:53:32 mail amavis[1485070]: (1485070-02) Passed CLEAN {RelayedInternal}, ORIGINATING LOCAL [41.142.47.107]:14934 [41.142.47.107] ESMTP/ESMTP <do-not-reply@oneidnet.com> -> <mama.ip@yahoo.com>, (ESMTPSA://[41.142.47.107]:14934), Queue-ID: 4DTwXq2htWz256W, Message-ID: <628355597184100898926@inconue-pc>, mail_id: ZInEiqAnybpO, b: BYxNXVR2A, Hits: -0.261, size: 13049, queued_as: 4DTwXr2s5vz24l1, Subject: "Offre spciale | D'une valeur de 250  (raw: =?UTF-8?Q?Offre_sp=C3=A9ciale_|_D'une_valeur_de_250_=E2=82=AC?=)", From: <do-not-reply@oneidnet.com>, X-Mailer: Smart_Send_3_1_6, helo=105.156.61.195, Tests: [ALL_TRUSTED=-1,HTML_FONT_LOW_CONTRAST=0.001,HTML_MESSAGE=0.001,HTML_MIME_NO_HTML_TAG=0.635,MIME_HTML_ONLY=0.1,TVD_RCVD_IP4=0.001,TVD_RCVD_IP=0.001], autolearn=no autolearn_force=no, autolearnscore=0.739, dkim_new=dkim:oneidnet.com, 242 ms
Feb  1 17:53:32 mail postfix/10025/smtpd[1520845]: disconnect from localhost[127.0.0.1] ehlo=1 mail=1 rcpt=1 data=1 quit=1 commands=5
Feb  1 17:53:32 mail postfix/qmgr[2026]: 4DTwXr2xPYz256j: from=<do-not-reply@oneidnet.com>, size=14295, nrcpt=1 (queue active)
Feb  1 17:53:32 mail postfix/amavis/smtp[1520834]: 4DTwXq2htWz256W: to=<mama.ip@yahoo.com>, relay=127.0.0.1[127.0.0.1]:10026, delay=1.2, delays=0.97/0/0/0.25, dsn=2.0.0, status=sent (250 2.0.0 from MTA(smtp:[127.0.0.1]:10025): 250 2.0.0 Ok: queued as 4DTwXr2s5vz24l1)
Feb  1 17:53:32 mail postfix/qmgr[2026]: 4DTwXq2htWz256W: removed
Feb  1 17:53:32 mail amavis[1485068]: (1485068-03) Passed CLEAN {RelayedInternal}, ORIGINATING LOCAL [41.142.47.107]:14936 [41.142.47.107] ESMTP/ESMTP <do-not-reply@oneidnet.com> -> <mamaip2@hotmail.com>, (ESMTPSA://[41.142.47.107]:14936), Queue-ID: 4DTwXq2mhbz256X, Message-ID: <628355597184120722706@inconue-pc>, mail_id: 68xEDDeJfFB7, b: BYxNXVR2A, Hits: -0.261, size: 13053, queued_as: 4DTwXr2xPYz256j, Subject: "Offre spciale | D'une valeur de 250  (raw: =?UTF-8?Q?Offre_sp=C3=A9ciale_|_D'une_valeur_de_250_=E2=82=AC?=)", From: <do-not-reply@oneidnet.com>, X-Mailer: Smart_Send_3_1_6, helo=105.156.61.195, Tests: [ALL_TRUSTED=-1,HTML_FONT_LOW_CONTRAST=0.001,HTML_MESSAGE=0.001,HTML_MIME_NO_HTML_TAG=0.635,MIME_HTML_ONLY=0.1,TVD_RCVD_IP4=0.001,TVD_RCVD_IP=0.001], autolearn=no autolearn_force=no, autolearnscore=0.739, dkim_new=dkim:oneidnet.com, 212 ms
Feb  1 17:53:32 mail postfix/amavis/smtp[1520841]: 4DTwXq2mhbz256X: to=<mamaip2@hotmail.com>, relay=127.0.0.1[127.0.0.1]:10026, delay=1.2, delays=1/0/0/0.22, dsn=2.0.0, status=sent (250 2.0.0 from MTA(smtp:[127.0.0.1]:10025): 250 2.0.0 Ok: queued as 4DTwXr2xPYz256j)
Feb  1 17:53:32 mail postfix/qmgr[2026]: 4DTwXq2mhbz256X: removed
Feb  1 17:53:32 mail postfix/submission/smtpd[1520812]: disconnect from unknown[41.142.47.107] ehlo=2 starttls=1 auth=1 mail=1 rcpt=1 data=1 quit=1 commands=8
Feb  1 17:53:32 mail postfix/10025/smtpd[1520845]: connect from localhost[127.0.0.1]
Feb  1 17:53:32 mail postfix/10025/smtpd[1520845]: 4DTwXr3cCfz256W: client=localhost[127.0.0.1]
Feb  1 17:53:32 mail postfix/cleanup[1520819]: 4DTwXr3cCfz256W: message-id=<6283555971841167617378@inconue-PC>
Feb  1 17:53:32 mail postfix/qmgr[2026]: 4DTwXr3cCfz256W: from=<do-not-reply@oneidnet.com>, size=14312, nrcpt=1 (queue active)
Feb  1 17:53:32 mail postfix/10025/smtpd[1520845]: disconnect from localhost[127.0.0.1] ehlo=1 mail=1 rcpt=1 data=1 quit=1 commands=5
Feb  1 17:53:32 mail amavis[1485069]: (1485069-03) Passed CLEAN {RelayedInternal}, ORIGINATING LOCAL [41.142.47.107]:14938 [41.142.47.107] ESMTP/ESMTP <do-not-reply@oneidnet.com> -> <yassintaza9@hotmail.com>, (ESMTPSA://[41.142.47.107]:14938), Queue-ID: 4DTwXq3WW6z256Y, Message-ID: <6283555971841167617378@inconue-pc>, mail_id: z9f1zSf6hmGo, b: BYxNXVR2A, Hits: -0.261, size: 13062, queued_as: 4DTwXr3cCfz256W, Subject: "Offre spciale | D'une valeur de 250  (raw: =?UTF-8?Q?Offre_sp=C3=A9ciale_|_D'une_valeur_de_250_=E2=82=AC?=)", From: <do-not-reply@oneidnet.com>, X-Mailer: Smart_Send_3_1_6, helo=105.156.61.195, Tests: [ALL_TRUSTED=-1,HTML_FONT_LOW_CONTRAST=0.001,HTML_MESSAGE=0.001,HTML_MIME_NO_HTML_TAG=0.635,MIME_HTML_ONLY=0.1,TVD_RCVD_IP4=0.001,TVD_RCVD_IP=0.001], autolearn=no autolearn_force=no, autolearnscore=0.739, dkim_new=dkim:oneidnet.com, 224 ms
Feb  1 17:53:32 mail postfix/amavis/smtp[1520842]: 4DTwXq3WW6z256Y: to=<yassintaza9@hotmail.com>, relay=127.0.0.1[127.0.0.1]:10026, delay=1.2, delays=0.98/0/0/0.23, dsn=2.0.0, status=sent (250 2.0.0 from MTA(smtp:[127.0.0.1]:10025): 250 2.0.0 Ok: queued as 4DTwXr3cCfz256W)
Feb  1 17:53:32 mail postfix/qmgr[2026]: 4DTwXq3WW6z256Y: removed
Feb  1 17:53:32 mail postfix/smtp[1520849]: Trusted TLS connection established to mta5.am0.yahoodns.net[98.136.96.77]:25: TLSv1.2 with cipher ECDHE-RSA-AES128-GCM-SHA256 (128/128 bits)
Feb  1 17:53:32 mail postfix/smtp[1520846]: Trusted TLS connection established to eur.olc.protection.outlook.com[104.47.6.33]:25: TLSv1.2 with cipher ECDHE-RSA-AES256-GCM-SHA384 (256/256 bits)
Feb  1 17:53:33 mail postfix/smtp[1520848]: Trusted TLS connection established to hotmail-com.olc.protection.outlook.com[104.47.6.33]:25: TLSv1.2 with cipher ECDHE-RSA-AES256-GCM-SHA384 (256/256 bits)
Feb  1 17:53:33 mail postfix/smtp[1520847]: Trusted TLS connection established to hotmail-com.olc.protection.outlook.com[104.47.5.33]:25: TLSv1.2 with cipher ECDHE-RSA-AES256-GCM-SHA384 (256/256 bits)
Feb  1 17:53:33 mail postfix/smtp[1520846]: 4DTwXr1nbkz256d: to=<mamaip110@outlook.fr>, relay=eur.olc.protection.outlook.com[104.47.6.33]:25, delay=1.2, delays=0.01/0/0.69/0.55, dsn=2.6.0, status=sent (250 2.6.0 <62835559718469639484@inconue-PC> [InternalId=109126529096500, Hostname=VE1EUR02HT222.eop-EUR02.prod.protection.outlook.com] 21567 bytes in 0.157, 133.467 KB/sec Queued mail for delivery -> 250 2.1.5)
Feb  1 17:53:33 mail postfix/qmgr[2026]: 4DTwXr1nbkz256d: removed
Feb  1 17:53:33 mail postfix/smtp[1520848]: 4DTwXr2xPYz256j: to=<mamaip2@hotmail.com>, relay=hotmail-com.olc.protection.outlook.com[104.47.6.33]:25, delay=1.2, delays=0.01/0/0.73/0.45, dsn=2.6.0, status=sent (250 2.6.0 <628355597184120722706@inconue-PC> [InternalId=72980084331605, Hostname=VE1EUR02HT081.eop-EUR02.prod.protection.outlook.com] 21570 bytes in 0.097, 215.881 KB/sec Queued mail for delivery -> 250 2.1.5)
Feb  1 17:53:33 mail postfix/qmgr[2026]: 4DTwXr2xPYz256j: removed
Feb  1 17:53:33 mail postfix/smtp[1520849]: 4DTwXr2s5vz24l1: to=<mama.ip@yahoo.com>, relay=mta5.am0.yahoodns.net[98.136.96.77]:25, delay=1.3, delays=0.01/0/0.28/1.1, dsn=2.0.0, status=sent (250 ok dirdel)
Feb  1 17:53:33 mail postfix/qmgr[2026]: 4DTwXr2s5vz24l1: removed
Feb  1 17:53:33 mail postfix/smtp[1520847]: 4DTwXr3cCfz256W: to=<yassintaza9@hotmail.com>, relay=hotmail-com.olc.protection.outlook.com[104.47.5.33]:25, delay=1.3, delays=0.01/0/0.79/0.51, dsn=2.6.0, status=sent (250 2.6.0 <6283555971841167617378@inconue-PC> [InternalId=109959752750749, Hostname=HE1EUR02HT130.eop-EUR02.prod.protection.outlook.com] 21595 bytes in 0.167, 125.988 KB/sec Queued mail for delivery -> 250 2.1.5)
Feb  1 17:53:33 mail postfix/qmgr[2026]: 4DTwXr3cCfz256W: removed
Feb  1 17:56:52 mail postfix/anvil[1520791]: statistics: max connection rate 11/60s for (submission:41.142.47.107) at Feb  1 17:51:54
Feb  1 17:56:52 mail postfix/anvil[1520791]: statistics: max connection count 4 for (submission:41.142.47.107) at Feb  1 17:51:54
Feb  1 17:56:52 mail postfix/anvil[1520791]: statistics: max cache size 1 at Feb  1 17:51:15
Feb  1 18:10:34 mail postfix/submission/smtpd[1521833]: connect from unknown[41.142.47.107]
Feb  1 18:10:34 mail postfix/submission/smtpd[1521833]: Anonymous TLS connection established from unknown[41.142.47.107]: TLSv1 with cipher AES128-SHA (128/128 bits)
Feb  1 18:10:35 mail postfix/submission/smtpd[1521833]: warning: unknown[41.142.47.107]: SASL CRAM-MD5 authentication failed: Invalid authentication mechanism
Feb  1 18:10:35 mail postfix/submission/smtpd[1521833]: lost connection after AUTH from unknown[41.142.47.107]
Feb  1 18:10:35 mail postfix/submission/smtpd[1521833]: disconnect from unknown[41.142.47.107] ehlo=2 starttls=1 auth=0/1 commands=3/4
Feb  1 18:10:35 mail postfix/submission/smtpd[1521833]: connect from unknown[41.142.47.107]
Feb  1 18:10:36 mail postfix/submission/smtpd[1521833]: Anonymous TLS connection established from unknown[41.142.47.107]: TLSv1 with cipher AES128-SHA (128/128 bits)
Feb  1 18:10:36 mail postfix/submission/smtpd[1521833]: disconnect from unknown[41.142.47.107] ehlo=2 starttls=1 auth=1 quit=1 commands=5
Feb  1 18:10:43 mail postfix/submission/smtpd[1521833]: connect from unknown[41.142.47.107]
Feb  1 18:11:02 mail postfix/submission/smtpd[1521833]: Anonymous TLS connection established from unknown[41.142.47.107]: TLSv1 with cipher DHE-RSA-AES256-SHA (256/256 bits)
Feb  1 18:11:02 mail postfix/submission/smtpd[1521833]: warning: unknown[41.142.47.107]: SASL CRAM-MD5 authentication failed: Invalid authentication mechanism
Feb  1 18:11:02 mail postfix/submission/smtpd[1521833]: lost connection after AUTH from unknown[41.142.47.107]
Feb  1 18:11:02 mail postfix/submission/smtpd[1521833]: disconnect from unknown[41.142.47.107] ehlo=2 starttls=1 auth=0/1 commands=3/4
Feb  1 18:14:22 mail postfix/anvil[1521835]: statistics: max connection rate 3/60s for (submission:41.142.47.107) at Feb  1 18:10:43
Feb  1 18:14:22 mail postfix/anvil[1521835]: statistics: max connection count 1 for (submission:41.142.47.107) at Feb  1 18:10:34
Feb  1 18:14:22 mail postfix/anvil[1521835]: statistics: max cache size 1 at Feb  1 18:10:34
Feb  1 18:24:19 mail postfix/qmgr[2026]: 4DT0tL5Qhbz24lB: from=<do-not-reply@oneidnet.com>, size=12512, nrcpt=1 (queue active)
Feb  1 18:24:19 mail postfix/smtp[1522513]: Trusted TLS connection established to gmail-smtp-in.l.google.com[173.194.206.27]:25: TLSv1.3 with cipher TLS_AES_256_GCM_SHA384 (256/256 bits) key-exchange X25519 server-signature ECDSA (P-256) server-digest SHA256
Feb  1 18:24:19 mail postfix/smtp[1522513]: 4DT0tL5Qhbz24lB: host gmail-smtp-in.l.google.com[173.194.206.27] said: 452-4.2.2 The email account that you tried to reach is over quota. Please direct 452-4.2.2 the recipient to 452 4.2.2  https://support.google.com/mail/?p=OverQuotaTemp z3si9485420qkb.38 - gsmtp (in reply to RCPT TO command)
Feb  1 18:24:19 mail postfix/smtp[1522513]: connect to gmail-smtp-in.l.google.com[2607:f8b0:400d:c00::1b]:25: Network is unreachable
Feb  1 18:24:19 mail postfix/smtp[1522513]: connect to alt1.gmail-smtp-in.l.google.com[2800:3f0:4003:c00::1b]:25: Network is unreachable
Feb  1 18:24:20 mail postfix/smtp[1522513]: Trusted TLS connection established to alt1.gmail-smtp-in.l.google.com[64.233.186.26]:25: TLSv1.3 with cipher TLS_AES_256_GCM_SHA384 (256/256 bits) key-exchange X25519 server-signature ECDSA (P-256) server-digest SHA256
Feb  1 18:24:21 mail postfix/smtp[1522513]: 4DT0tL5Qhbz24lB: to=<sonimitesh805@gmail.com>, relay=alt1.gmail-smtp-in.l.google.com[64.233.186.26]:25, delay=130730, delays=130728/0.02/1.6/0.31, dsn=4.2.2, status=deferred (host alt1.gmail-smtp-in.l.google.com[64.233.186.26] said: 452-4.2.2 The email account that you tried to reach is over quota. Please direct 452-4.2.2 the recipient to 452 4.2.2  https://support.google.com/mail/?p=OverQuotaTemp bg1si9637563plb.77 - gsmtp (in reply to RCPT TO command))
Feb  1 18:53:47 mail postfix/submission/smtpd[1523960]: connect from unknown[185.167.96.138]
Feb  1 18:53:47 mail postfix/submission/smtpd[1523960]: lost connection after UNKNOWN from unknown[185.167.96.138]
Feb  1 18:53:47 mail postfix/submission/smtpd[1523960]: disconnect from unknown[185.167.96.138] unknown=0/1 commands=0/1
Feb  1 18:57:07 mail postfix/anvil[1523962]: statistics: max connection rate 1/60s for (submission:185.167.96.138) at Feb  1 18:53:47
Feb  1 18:57:07 mail postfix/anvil[1523962]: statistics: max connection count 1 for (submission:185.167.96.138) at Feb  1 18:53:47
Feb  1 18:57:07 mail postfix/anvil[1523962]: statistics: max cache size 1 at Feb  1 18:53:47
Feb  1 19:14:41 mail postfix/postscreen[1525015]: CONNECT from [91.227.17.18]:64428 to [172.31.34.110]:25
Feb  1 19:14:41 mail postfix/postscreen[1525015]: PREGREET 47 after 0 from [91.227.17.18]:64428: \003\000\000/*\340\000\000\000\000\000Cookie: mstshash=Administr\r\n\001\000\b\000\003\000\000\000
Feb  1 19:14:41 mail postfix/postscreen[1525015]: DISCONNECT [91.227.17.18]:64428
Feb  1 19:14:41 mail postfix/dnsblog[1525017]: addr 91.227.17.18 listed by domain zen.spamhaus.org as 127.0.0.4
Feb  1 19:14:41 mail postfix/dnsblog[1525016]: addr 91.227.17.18 listed by domain b.barracudacentral.org as 127.0.0.2
Feb  1 19:34:19 mail postfix/qmgr[2026]: 4DT0tL5Qhbz24lB: from=<do-not-reply@oneidnet.com>, size=12512, nrcpt=1 (queue active)
Feb  1 19:34:19 mail postfix/smtp[1525972]: connect to gmail-smtp-in.l.google.com[2607:f8b0:400d:c00::1b]:25: Network is unreachable
Feb  1 19:34:19 mail postfix/smtp[1525972]: Trusted TLS connection established to gmail-smtp-in.l.google.com[74.125.192.27]:25: TLSv1.3 with cipher TLS_AES_256_GCM_SHA384 (256/256 bits) key-exchange X25519 server-signature ECDSA (P-256) server-digest SHA256
Feb  1 19:34:19 mail postfix/smtp[1525972]: 4DT0tL5Qhbz24lB: host gmail-smtp-in.l.google.com[74.125.192.27] said: 452-4.2.2 The email account that you tried to reach is over quota. Please direct 452-4.2.2 the recipient to 452 4.2.2  https://support.google.com/mail/?p=OverQuotaTemp t9si9348983qkt.351 - gsmtp (in reply to RCPT TO command)
Feb  1 19:34:20 mail postfix/smtp[1525972]: Trusted TLS connection established to alt1.gmail-smtp-in.l.google.com[64.233.186.26]:25: TLSv1.3 with cipher TLS_AES_256_GCM_SHA384 (256/256 bits) key-exchange X25519 server-signature ECDSA (P-256) server-digest SHA256
Feb  1 19:34:21 mail postfix/smtp[1525972]: 4DT0tL5Qhbz24lB: to=<sonimitesh805@gmail.com>, relay=alt1.gmail-smtp-in.l.google.com[64.233.186.26]:25, delay=134930, delays=134928/0.02/1.6/0.31, dsn=4.2.2, status=deferred (host alt1.gmail-smtp-in.l.google.com[64.233.186.26] said: 452-4.2.2 The email account that you tried to reach is over quota. Please direct 452-4.2.2 the recipient to 452 4.2.2  https://support.google.com/mail/?p=OverQuotaTemp a12si21133216pfg.43 - gsmtp (in reply to RCPT TO command))
Feb  1 20:44:19 mail postfix/qmgr[2026]: 4DT0tL5Qhbz24lB: from=<do-not-reply@oneidnet.com>, size=12512, nrcpt=1 (queue active)
Feb  1 20:44:19 mail postfix/smtp[1529510]: Trusted TLS connection established to gmail-smtp-in.l.google.com[172.217.197.26]:25: TLSv1.3 with cipher TLS_AES_256_GCM_SHA384 (256/256 bits) key-exchange X25519 server-signature ECDSA (P-256) server-digest SHA256
Feb  1 20:44:19 mail postfix/smtp[1529510]: 4DT0tL5Qhbz24lB: host gmail-smtp-in.l.google.com[172.217.197.26] said: 452-4.2.2 The email account that you tried to reach is over quota. Please direct 452-4.2.2 the recipient to 452 4.2.2  https://support.google.com/mail/?p=OverQuotaTemp b9si9657203qti.105 - gsmtp (in reply to RCPT TO command)
Feb  1 20:44:19 mail postfix/smtp[1529510]: connect to gmail-smtp-in.l.google.com[2607:f8b0:400d:c09::1b]:25: Network is unreachable
Feb  1 20:44:19 mail postfix/smtp[1529510]: connect to alt1.gmail-smtp-in.l.google.com[2800:3f0:4003:c00::1a]:25: Network is unreachable
Feb  1 20:44:20 mail postfix/smtp[1529510]: Trusted TLS connection established to alt1.gmail-smtp-in.l.google.com[64.233.186.27]:25: TLSv1.3 with cipher TLS_AES_256_GCM_SHA384 (256/256 bits) key-exchange X25519 server-signature ECDSA (P-256) server-digest SHA256
Feb  1 20:44:21 mail postfix/smtp[1529510]: 4DT0tL5Qhbz24lB: to=<sonimitesh805@gmail.com>, relay=alt1.gmail-smtp-in.l.google.com[64.233.186.27]:25, delay=139130, delays=139128/0.03/1.6/0.34, dsn=4.2.2, status=deferred (host alt1.gmail-smtp-in.l.google.com[64.233.186.27] said: 452-4.2.2 The email account that you tried to reach is over quota. Please direct 452-4.2.2 the recipient to 452 4.2.2  https://support.google.com/mail/?p=OverQuotaTemp f1si20420754pln.233 - gsmtp (in reply to RCPT TO command))
Feb  1 21:07:47 mail postfix/submission/smtpd[1530604]: connect from unknown[23.129.64.236]
Feb  1 21:07:54 mail postfix/submission/smtpd[1530604]: Anonymous TLS connection established from unknown[23.129.64.236]: TLSv1.3 with cipher TLS_AES_128_GCM_SHA256 (128/128 bits) key-exchange X25519 server-signature RSA-PSS (2048 bits) server-digest SHA256
Feb  1 21:07:54 mail postfix/submission/smtpd[1530604]: lost connection after STARTTLS from unknown[23.129.64.236]
Feb  1 21:07:54 mail postfix/submission/smtpd[1530604]: disconnect from unknown[23.129.64.236] ehlo=1 starttls=1 commands=2
Feb  1 21:11:14 mail postfix/anvil[1530606]: statistics: max connection rate 1/60s for (submission:23.129.64.236) at Feb  1 21:07:47
Feb  1 21:11:14 mail postfix/anvil[1530606]: statistics: max connection count 1 for (submission:23.129.64.236) at Feb  1 21:07:47
Feb  1 21:11:14 mail postfix/anvil[1530606]: statistics: max cache size 1 at Feb  1 21:07:47
Feb  1 21:26:05 mail postfix/submission/smtpd[1531547]: connect from 209.17.96.82.rdns.cloudsystemnetworks.com[209.17.96.82]
Feb  1 21:26:05 mail postfix/submission/smtpd[1531547]: warning: non-SMTP command from 209.17.96.82.rdns.cloudsystemnetworks.com[209.17.96.82]: GET / HTTP/1.1
Feb  1 21:26:05 mail postfix/submission/smtpd[1531547]: disconnect from 209.17.96.82.rdns.cloudsystemnetworks.com[209.17.96.82] unknown=0/1 commands=0/1
Feb  1 21:29:26 mail postfix/anvil[1531549]: statistics: max connection rate 1/60s for (submission:209.17.96.82) at Feb  1 21:26:05
Feb  1 21:29:26 mail postfix/anvil[1531549]: statistics: max connection count 1 for (submission:209.17.96.82) at Feb  1 21:26:05
Feb  1 21:29:26 mail postfix/anvil[1531549]: statistics: max cache size 1 at Feb  1 21:26:05
Feb  1 21:54:19 mail postfix/qmgr[2026]: 4DT0tL5Qhbz24lB: from=<do-not-reply@oneidnet.com>, size=12512, nrcpt=1 (queue active)
Feb  1 21:54:19 mail postfix/smtp[1532947]: connect to gmail-smtp-in.l.google.com[2607:f8b0:400d:c09::1b]:25: Network is unreachable
Feb  1 21:54:19 mail postfix/smtp[1532947]: Trusted TLS connection established to gmail-smtp-in.l.google.com[173.194.205.26]:25: TLSv1.3 with cipher TLS_AES_256_GCM_SHA384 (256/256 bits) key-exchange X25519 server-signature ECDSA (P-256) server-digest SHA256
Feb  1 21:54:19 mail postfix/smtp[1532947]: 4DT0tL5Qhbz24lB: host gmail-smtp-in.l.google.com[173.194.205.26] said: 452-4.2.2 The email account that you tried to reach is over quota. Please direct 452-4.2.2 the recipient to 452 4.2.2  https://support.google.com/mail/?p=OverQuotaTemp f16si8426243qvr.169 - gsmtp (in reply to RCPT TO command)
Feb  1 21:54:20 mail postfix/smtp[1532947]: Trusted TLS connection established to alt1.gmail-smtp-in.l.google.com[64.233.186.27]:25: TLSv1.3 with cipher TLS_AES_256_GCM_SHA384 (256/256 bits) key-exchange X25519 server-signature ECDSA (P-256) server-digest SHA256
Feb  1 21:54:21 mail postfix/smtp[1532947]: 4DT0tL5Qhbz24lB: to=<sonimitesh805@gmail.com>, relay=alt1.gmail-smtp-in.l.google.com[64.233.186.27]:25, delay=143330, delays=143328/0.02/1.6/0.31, dsn=4.2.2, status=deferred (host alt1.gmail-smtp-in.l.google.com[64.233.186.27] said: 452-4.2.2 The email account that you tried to reach is over quota. Please direct 452-4.2.2 the recipient to 452 4.2.2  https://support.google.com/mail/?p=OverQuotaTemp a8si9174515qkk.247 - gsmtp (in reply to RCPT TO command))
Feb  1 23:04:19 mail postfix/qmgr[2026]: 4DT0tL5Qhbz24lB: from=<do-not-reply@oneidnet.com>, size=12512, nrcpt=1 (queue active)
Feb  1 23:04:19 mail postfix/smtp[1536911]: connect to gmail-smtp-in.l.google.com[2607:f8b0:400d:c0f::1b]:25: Network is unreachable
Feb  1 23:04:19 mail postfix/smtp[1536911]: Trusted TLS connection established to gmail-smtp-in.l.google.com[209.85.232.27]:25: TLSv1.3 with cipher TLS_AES_256_GCM_SHA384 (256/256 bits) key-exchange X25519 server-signature ECDSA (P-256) server-digest SHA256
Feb  1 23:04:19 mail postfix/smtp[1536911]: 4DT0tL5Qhbz24lB: host gmail-smtp-in.l.google.com[209.85.232.27] said: 452-4.2.2 The email account that you tried to reach is over quota. Please direct 452-4.2.2 the recipient to 452 4.2.2  https://support.google.com/mail/?p=OverQuotaTemp g3si9344893qko.339 - gsmtp (in reply to RCPT TO command)
Feb  1 23:04:19 mail postfix/smtp[1536911]: connect to alt1.gmail-smtp-in.l.google.com[2800:3f0:4003:c00::1b]:25: Network is unreachable
Feb  1 23:04:20 mail postfix/smtp[1536911]: Trusted TLS connection established to alt1.gmail-smtp-in.l.google.com[64.233.186.27]:25: TLSv1.3 with cipher TLS_AES_256_GCM_SHA384 (256/256 bits) key-exchange X25519 server-signature ECDSA (P-256) server-digest SHA256
Feb  1 23:04:21 mail postfix/smtp[1536911]: 4DT0tL5Qhbz24lB: to=<sonimitesh805@gmail.com>, relay=alt1.gmail-smtp-in.l.google.com[64.233.186.27]:25, delay=147531, delays=147528/0.03/2.1/0.32, dsn=4.2.2, status=deferred (host alt1.gmail-smtp-in.l.google.com[64.233.186.27] said: 452-4.2.2 The email account that you tried to reach is over quota. Please direct 452-4.2.2 the recipient to 452 4.2.2  https://support.google.com/mail/?p=OverQuotaTemp w11si19807300plg.215 - gsmtp (in reply to RCPT TO command))
Feb  2 00:14:19 mail postfix/qmgr[2026]: 4DT0tL5Qhbz24lB: from=<do-not-reply@oneidnet.com>, size=12512, nrcpt=1 (queue active)
Feb  2 00:14:19 mail postfix/smtp[1540530]: Trusted TLS connection established to gmail-smtp-in.l.google.com[209.85.232.26]:25: TLSv1.3 with cipher TLS_AES_256_GCM_SHA384 (256/256 bits) key-exchange X25519 server-signature ECDSA (P-256) server-digest SHA256
Feb  2 00:14:19 mail postfix/smtp[1540530]: 4DT0tL5Qhbz24lB: host gmail-smtp-in.l.google.com[209.85.232.26] said: 452-4.2.2 The email account that you tried to reach is over quota. Please direct 452-4.2.2 the recipient to 452 4.2.2  https://support.google.com/mail/?p=OverQuotaTemp r1si7607540qtf.238 - gsmtp (in reply to RCPT TO command)
Feb  2 00:14:19 mail postfix/smtp[1540530]: connect to gmail-smtp-in.l.google.com[2607:f8b0:400d:c0d::1a]:25: Network is unreachable
Feb  2 00:14:20 mail postfix/smtp[1540530]: Trusted TLS connection established to alt1.gmail-smtp-in.l.google.com[64.233.186.27]:25: TLSv1.3 with cipher TLS_AES_256_GCM_SHA384 (256/256 bits) key-exchange X25519 server-signature ECDSA (P-256) server-digest SHA256
Feb  2 00:14:21 mail postfix/smtp[1540530]: 4DT0tL5Qhbz24lB: to=<sonimitesh805@gmail.com>, relay=alt1.gmail-smtp-in.l.google.com[64.233.186.27]:25, delay=151730, delays=151728/0.02/1.6/0.3, dsn=4.2.2, status=deferred (host alt1.gmail-smtp-in.l.google.com[64.233.186.27] said: 452-4.2.2 The email account that you tried to reach is over quota. Please direct 452-4.2.2 the recipient to 452 4.2.2  https://support.google.com/mail/?p=OverQuotaTemp cy20si9833127qvb.143 - gsmtp (in reply to RCPT TO command))
Feb  2 01:24:19 mail postfix/qmgr[2026]: 4DT0tL5Qhbz24lB: from=<do-not-reply@oneidnet.com>, size=12512, nrcpt=1 (queue active)
Feb  2 01:24:19 mail postfix/smtp[1544025]: connect to gmail-smtp-in.l.google.com[2607:f8b0:400d:c09::1b]:25: Network is unreachable
Feb  2 01:24:19 mail postfix/smtp[1544025]: Trusted TLS connection established to gmail-smtp-in.l.google.com[172.217.197.26]:25: TLSv1.3 with cipher TLS_AES_256_GCM_SHA384 (256/256 bits) key-exchange X25519 server-signature ECDSA (P-256) server-digest SHA256
Feb  2 01:24:19 mail postfix/smtp[1544025]: 4DT0tL5Qhbz24lB: host gmail-smtp-in.l.google.com[172.217.197.26] said: 452-4.2.2 The email account that you tried to reach is over quota. Please direct 452-4.2.2 the recipient to 452 4.2.2  https://support.google.com/mail/?p=OverQuotaTemp 27si4515966qka.127 - gsmtp (in reply to RCPT TO command)
Feb  2 01:24:19 mail postfix/smtp[1544025]: connect to alt1.gmail-smtp-in.l.google.com[2800:3f0:4003:c00::1a]:25: Network is unreachable
Feb  2 01:24:20 mail postfix/smtp[1544025]: Trusted TLS connection established to alt1.gmail-smtp-in.l.google.com[64.233.186.26]:25: TLSv1.3 with cipher TLS_AES_256_GCM_SHA384 (256/256 bits) key-exchange X25519 server-signature ECDSA (P-256) server-digest SHA256
Feb  2 01:24:21 mail postfix/smtp[1544025]: 4DT0tL5Qhbz24lB: to=<sonimitesh805@gmail.com>, relay=alt1.gmail-smtp-in.l.google.com[64.233.186.26]:25, delay=155930, delays=155928/0.02/1.6/0.3, dsn=4.2.2, status=deferred (host alt1.gmail-smtp-in.l.google.com[64.233.186.26] said: 452-4.2.2 The email account that you tried to reach is over quota. Please direct 452-4.2.2 the recipient to 452 4.2.2  https://support.google.com/mail/?p=OverQuotaTemp m15si9413132qkg.348 - gsmtp (in reply to RCPT TO command))
Feb  2 01:31:21 mail postfix/postscreen[1544368]: CONNECT from [185.167.97.191]:52094 to [172.31.34.110]:25
Feb  2 01:31:21 mail postfix/postscreen[1544368]: PREGREET 128 after 0 from [185.167.97.191]:52094: \026\003\001\000{\001\000\000w\003\003\037\024\370i\241\233,Z\034\000\266\250^\350\363W\337\005x\224
Feb  2 01:31:21 mail postfix/postscreen[1544368]: DISCONNECT [185.167.97.191]:52094
Feb  2 01:31:21 mail postfix/postscreen[1544368]: cache btree:/var/lib/postfix/postscreen_cache full cleanup: retained=10 dropped=0 entries
Feb  2 01:31:21 mail postfix/dnsblog[1544370]: addr 185.167.97.191 listed by domain zen.spamhaus.org as 127.0.0.4
Feb  2 01:52:54 mail postfix/submission/smtpd[1545454]: connect from li394-178.members.linode.com[50.116.49.178]
Feb  2 01:53:01 mail postfix/submission/smtpd[1545454]: SSL_accept error from li394-178.members.linode.com[50.116.49.178]: lost connection
Feb  2 01:53:01 mail postfix/submission/smtpd[1545454]: lost connection after STARTTLS from li394-178.members.linode.com[50.116.49.178]
Feb  2 01:53:01 mail postfix/submission/smtpd[1545454]: disconnect from li394-178.members.linode.com[50.116.49.178] ehlo=1 starttls=0/1 commands=1/2
Feb  2 01:56:21 mail postfix/anvil[1545456]: statistics: max connection rate 1/60s for (submission:50.116.49.178) at Feb  2 01:52:54
Feb  2 01:56:21 mail postfix/anvil[1545456]: statistics: max connection count 1 for (submission:50.116.49.178) at Feb  2 01:52:54
Feb  2 01:56:21 mail postfix/anvil[1545456]: statistics: max cache size 1 at Feb  2 01:52:54
Feb  2 02:34:19 mail postfix/qmgr[2026]: 4DT0tL5Qhbz24lB: from=<do-not-reply@oneidnet.com>, size=12512, nrcpt=1 (queue active)
Feb  2 02:34:19 mail postfix/smtp[1547555]: Trusted TLS connection established to gmail-smtp-in.l.google.com[172.217.197.26]:25: TLSv1.3 with cipher TLS_AES_256_GCM_SHA384 (256/256 bits) key-exchange X25519 server-signature ECDSA (P-256) server-digest SHA256
Feb  2 02:34:19 mail postfix/smtp[1547555]: 4DT0tL5Qhbz24lB: host gmail-smtp-in.l.google.com[172.217.197.26] said: 452-4.2.2 The email account that you tried to reach is over quota. Please direct 452-4.2.2 the recipient to 452 4.2.2  https://support.google.com/mail/?p=OverQuotaTemp w18si8162688qta.228 - gsmtp (in reply to RCPT TO command)
Feb  2 02:34:19 mail postfix/smtp[1547555]: connect to gmail-smtp-in.l.google.com[2607:f8b0:400d:c00::1b]:25: Network is unreachable
Feb  2 02:34:19 mail postfix/smtp[1547555]: connect to alt1.gmail-smtp-in.l.google.com[2800:3f0:4003:c00::1b]:25: Network is unreachable
Feb  2 02:34:20 mail postfix/smtp[1547555]: Trusted TLS connection established to alt1.gmail-smtp-in.l.google.com[64.233.186.27]:25: TLSv1.3 with cipher TLS_AES_256_GCM_SHA384 (256/256 bits) key-exchange X25519 server-signature ECDSA (P-256) server-digest SHA256
Feb  2 02:34:21 mail postfix/smtp[1547555]: 4DT0tL5Qhbz24lB: to=<sonimitesh805@gmail.com>, relay=alt1.gmail-smtp-in.l.google.com[64.233.186.27]:25, delay=160130, delays=160128/0.02/1.6/0.3, dsn=4.2.2, status=deferred (host alt1.gmail-smtp-in.l.google.com[64.233.186.27] said: 452-4.2.2 The email account that you tried to reach is over quota. Please direct 452-4.2.2 the recipient to 452 4.2.2  https://support.google.com/mail/?p=OverQuotaTemp 14si9669190qki.303 - gsmtp (in reply to RCPT TO command))
Feb  2 02:47:40 mail postfix/postscreen[1548237]: CONNECT from [50.116.49.178]:61000 to [172.31.34.110]:25
Feb  2 02:47:41 mail postfix/dnsblog[1548238]: addr 50.116.49.178 listed by domain b.barracudacentral.org as 127.0.0.2
Feb  2 02:47:46 mail postfix/postscreen[1548237]: DNSBL rank 2 for [50.116.49.178]:61000
Feb  2 02:47:46 mail postfix/postscreen[1548237]: DISCONNECT [50.116.49.178]:61000
Feb  2 03:10:47 mail postfix/submission/smtpd[1549404]: connect from unknown[197.153.132.127]
Feb  2 03:10:47 mail postfix/submission/smtpd[1549404]: Anonymous TLS connection established from unknown[197.153.132.127]: TLSv1 with cipher ECDHE-RSA-AES256-SHA (256/256 bits)
Feb  2 03:10:48 mail postfix/submission/smtpd[1549404]: disconnect from unknown[197.153.132.127] ehlo=2 starttls=1 auth=1 quit=1 commands=5
Feb  2 03:10:59 mail postfix/submission/smtpd[1549404]: connect from unknown[197.153.132.127]
Feb  2 03:11:00 mail postfix/submission/smtpd[1549404]: Anonymous TLS connection established from unknown[197.153.132.127]: TLSv1 with cipher ECDHE-RSA-AES256-SHA (256/256 bits)
Feb  2 03:11:00 mail postfix/submission/smtpd[1549404]: disconnect from unknown[197.153.132.127] ehlo=2 starttls=1 auth=1 quit=1 commands=5
Feb  2 03:11:04 mail postfix/submission/smtpd[1549404]: connect from unknown[197.153.132.127]
Feb  2 03:11:04 mail postfix/submission/smtpd[1549434]: connect from unknown[197.153.132.127]
Feb  2 03:11:04 mail postfix/submission/smtpd[1549435]: connect from unknown[197.153.132.127]
Feb  2 03:11:04 mail postfix/submission/smtpd[1549404]: Anonymous TLS connection established from unknown[197.153.132.127]: TLSv1 with cipher ECDHE-RSA-AES256-SHA (256/256 bits)
Feb  2 03:11:04 mail postfix/submission/smtpd[1549434]: Anonymous TLS connection established from unknown[197.153.132.127]: TLSv1 with cipher ECDHE-RSA-AES256-SHA (256/256 bits)
Feb  2 03:11:04 mail postfix/submission/smtpd[1549435]: Anonymous TLS connection established from unknown[197.153.132.127]: TLSv1 with cipher ECDHE-RSA-AES256-SHA (256/256 bits)
Feb  2 03:11:05 mail postfix/submission/smtpd[1549404]: NOQUEUE: reject: RCPT from unknown[197.153.132.127]: 554 5.7.1 <wawawa@live.fr>: Recipient address rejected: Sender is not same as SMTP authenticate username; from=<help@priviledger.net> to=<wawawa@live.fr> proto=ESMTP helo=<priviledger.net>
Feb  2 03:11:05 mail postfix/submission/smtpd[1549434]: NOQUEUE: reject: RCPT from unknown[197.153.132.127]: 554 5.7.1 <sendbrag@sapo.pt>: Recipient address rejected: Sender is not same as SMTP authenticate username; from=<help@priviledger.net> to=<sendbrag@sapo.pt> proto=ESMTP helo=<priviledger.net>
Feb  2 03:11:05 mail postfix/submission/smtpd[1549435]: NOQUEUE: reject: RCPT from unknown[197.153.132.127]: 554 5.7.1 <kodza4day@inbox.lv>: Recipient address rejected: Sender is not same as SMTP authenticate username; from=<help@priviledger.net> to=<kodza4day@inbox.lv> proto=ESMTP helo=<priviledger.net>
Feb  2 03:11:05 mail postfix/submission/smtpd[1549404]: disconnect from unknown[197.153.132.127] ehlo=2 starttls=1 auth=1 mail=1 rcpt=0/1 quit=1 commands=6/7
Feb  2 03:11:05 mail postfix/submission/smtpd[1549434]: disconnect from unknown[197.153.132.127] ehlo=2 starttls=1 auth=1 mail=1 rcpt=0/1 quit=1 commands=6/7
Feb  2 03:11:05 mail postfix/submission/smtpd[1549435]: disconnect from unknown[197.153.132.127] ehlo=2 starttls=1 auth=1 mail=1 rcpt=0/1 quit=1 commands=6/7
Feb  2 03:11:24 mail postfix/submission/smtpd[1549404]: connect from unknown[197.153.132.127]
Feb  2 03:11:25 mail postfix/submission/smtpd[1549404]: Anonymous TLS connection established from unknown[197.153.132.127]: TLSv1 with cipher ECDHE-RSA-AES256-SHA (256/256 bits)
Feb  2 03:11:25 mail postfix/submission/smtpd[1549404]: disconnect from unknown[197.153.132.127] ehlo=2 starttls=1 auth=1 quit=1 commands=5
Feb  2 03:11:27 mail postfix/submission/smtpd[1549434]: connect from unknown[197.153.132.127]
Feb  2 03:11:27 mail postfix/submission/smtpd[1549435]: connect from unknown[197.153.132.127]
Feb  2 03:11:27 mail postfix/submission/smtpd[1549404]: connect from unknown[197.153.132.127]
