Feb  2 04:04:19 mail postfix/smtp[1552284]: Trusted TLS connection established to hotmail-com.olc.protection.outlook.com[104.47.18.225]:25: TLSv1.2 with cipher ECDHE-RSA-AES256-GCM-SHA384 (256/256 bits)
Feb  2 04:04:19 mail postfix/smtp[1552276]: Trusted TLS connection established to hotmail-com.olc.protection.outlook.com[104.47.18.225]:25: TLSv1.2 with cipher ECDHE-RSA-AES256-GCM-SHA384 (256/256 bits)
Feb  2 04:04:19 mail postfix/postscreen[1552366]: PASS NEW [40.92.16.94]:59969
Feb  2 04:04:19 mail postfix/smtpd[1552377]: connect from mail-am7eur06olkn2094.outbound.protection.outlook.com[40.92.16.94]
Feb  2 04:04:19 mail postfix/qmgr[2026]: 4DVB5Y71w9z1wG4: from=<do-not-reply@oneidnet.com>, size=37147, nrcpt=1 (queue active)
Feb  2 04:04:20 mail postfix/10025/smtpd[1552279]: 4DVB5c0Yspz24l2: client=localhost[127.0.0.1]
Feb  2 04:04:20 mail postfix/cleanup[1552263]: 4DVB5c0Yspz24l2: message-id=<25803503543521510914608@inconue-PC>
Feb  2 04:04:20 mail postfix/qmgr[2026]: 4DVB5c0Yspz24l2: from=<do-not-reply@oneidnet.com>, size=38769, nrcpt=1 (queue active)
Feb  2 04:04:20 mail amavis[1485068]: (1485068-20) Passed CLEAN {RelayedInternal}, ORIGINATING LOCAL [102.52.87.215]:47000 [102.52.87.215] ESMTP/ESMTP <do-not-reply@oneidnet.com> -> <a03_ramos@hotmail.com>, (ESMTPSA://[102.52.87.215]:47000), Queue-ID: 4DVB5Y71w9z1wG4, Message-ID: <25803503543521510914608@inconue-pc>, mail_id: jaFP7ebjIMrS, b: ld9O1QAPs, Hits: 3.162, size: 37147, queued_as: 4DVB5c0Yspz24l2, Subject: "- Use materials provided -", From: <do-not-reply@oneidnet.com>, X-Mailer: Smart_Send_3_1_6, helo=41.142.47.107, Tests: [ALL_TRUSTED=-1,HTML_MESSAGE=0.001,MIME_HTML_ONLY=0.1,TVD_RCVD_IP4=0.001,TVD_RCVD_IP=0.001,T_KAM_HTML_FONT_INVALID=0.01,URIBL_ABUSE_SURBL=1.948,URIBL_BLOCKED=0.001,URIBL_DBL_ABUSE_SPAM=2,URIBL_SBL_A=0.1], autolearn=no autolearn_force=no, autolearnscore=4.161, dkim_new=dkim:oneidnet.com, 176 ms
Feb  2 04:04:20 mail postfix/amavis/smtp[1552275]: 4DVB5Y71w9z1wG4: to=<a03_ramos@hotmail.com>, relay=127.0.0.1[127.0.0.1]:10026, delay=2.3, delays=2.1/0/0/0.18, dsn=2.0.0, status=sent (250 2.0.0 from MTA(smtp:[127.0.0.1]:10025): 250 2.0.0 Ok: queued as 4DVB5c0Yspz24l2)
Feb  2 04:04:20 mail postfix/qmgr[2026]: 4DVB5Y71w9z1wG4: removed
Feb  2 04:04:20 mail postfix/10025/smtpd[1552279]: disconnect from localhost[127.0.0.1] ehlo=1 mail=14 rcpt=14 data=14 commands=43
Feb  2 04:04:20 mail postfix/smtpd[1552377]: Anonymous TLS connection established from mail-am7eur06olkn2094.outbound.protection.outlook.com[40.92.16.94]: TLSv1.2 with cipher ECDHE-RSA-AES256-GCM-SHA384 (256/256 bits)
Feb  2 04:04:20 mail postfix/submission/smtpd[1552237]: disconnect from unknown[102.52.87.215] ehlo=2 starttls=1 auth=1 mail=1 rcpt=1 data=1 quit=1 commands=8
Feb  2 04:04:20 mail postfix/submission/smtpd[1552238]: Anonymous TLS connection established from unknown[102.52.87.215]: TLSv1 with cipher DHE-RSA-AES256-SHA (256/256 bits)
Feb  2 04:04:20 mail postfix/submission/smtpd[1552230]: connect from unknown[102.52.87.215]
Feb  2 04:04:20 mail postfix/qmgr[2026]: 4DVB5Z171Xz1wG6: from=<do-not-reply@oneidnet.com>, size=37149, nrcpt=1 (queue active)
Feb  2 04:04:20 mail postfix/smtp[1552284]: 4DVB5b16pSz25KB: to=<a01guzman@hotmail.com>, relay=hotmail-com.olc.protection.outlook.com[104.47.18.225]:25, delay=1.3, delays=0.01/0/0.72/0.59, dsn=2.6.0, status=sent (250 2.6.0 <2580350354352508013603@inconue-PC> [InternalId=33706903343053, Hostname=VI1EUR06HT084.eop-eur06.prod.protection.outlook.com] 46043 bytes in 0.242, 185.297 KB/sec Queued mail for delivery -> 250 2.1.5)
Feb  2 04:04:20 mail postfix/qmgr[2026]: 4DVB5b16pSz25KB: removed
Feb  2 04:04:20 mail postfix/smtpd[1552377]: 4DVB5c3VRBz1wG4: client=mail-am7eur06olkn2094.outbound.protection.outlook.com[40.92.16.94]
Feb  2 04:04:20 mail postfix/smtp[1552276]: 4DVB5b1Gxmz1wDJ: to=<a00ag@hotmail.com>, relay=hotmail-com.olc.protection.outlook.com[104.47.18.225]:25, delay=1.3, delays=0.01/0/0.7/0.63, dsn=2.6.0, status=sent (250 2.6.0 <258035035435287577370@inconue-PC> [InternalId=33621003997021, Hostname=VI1EUR06HT172.eop-eur06.prod.protection.outlook.com] 46022 bytes in 0.317, 141.561 KB/sec Queued mail for delivery -> 250 2.1.5)
Feb  2 04:04:20 mail postfix/qmgr[2026]: 4DVB5b1Gxmz1wDJ: removed
Feb  2 04:04:20 mail postfix/submission/smtpd[1552233]: connect from unknown[102.52.87.215]
Feb  2 04:04:20 mail postfix/submission/smtpd[1552237]: connect from unknown[102.52.87.215]
Feb  2 04:04:20 mail postfix/10025/smtpd[1552269]: 4DVB5c4TDpz1wDJ: client=localhost[127.0.0.1]
Feb  2 04:04:20 mail postfix/cleanup[1552264]: 4DVB5c4TDpz1wDJ: message-id=<25803503543522440531251@inconue-PC>
Feb  2 04:04:20 mail postfix/cleanup[1552248]: 4DVB5Z70kLz22B8: message-id=<25803503543521339121617@inconue-PC>
Feb  2 04:04:20 mail postfix/submission/smtpd[1552232]: disconnect from unknown[102.52.87.215] ehlo=2 starttls=1 auth=1 mail=1 rcpt=1 data=1 quit=1 commands=8
Feb  2 04:04:20 mail postfix/qmgr[2026]: 4DVB5c4TDpz1wDJ: from=<do-not-reply@oneidnet.com>, size=38773, nrcpt=1 (queue active)
Feb  2 04:04:20 mail amavis[1485067]: (1485067-19) Passed CLEAN {RelayedInternal}, ORIGINATING LOCAL [102.52.87.215]:46142 [102.52.87.215] ESMTP/ESMTP <do-not-reply@oneidnet.com> -> <a086froggy@hotmail.com>, (ESMTPSA://[102.52.87.215]:46142), Queue-ID: 4DVB5Z171Xz1wG6, Message-ID: <25803503543522440531251@inconue-pc>, mail_id: FGEbJQvFBSju, b: ld9O1QAPs, Hits: 3.162, size: 37149, queued_as: 4DVB5c4TDpz1wDJ, Subject: "- Use materials provided -", From: <do-not-reply@oneidnet.com>, X-Mailer: Smart_Send_3_1_6, helo=41.142.47.107, Tests: [ALL_TRUSTED=-1,HTML_MESSAGE=0.001,MIME_HTML_ONLY=0.1,TVD_RCVD_IP4=0.001,TVD_RCVD_IP=0.001,T_KAM_HTML_FONT_INVALID=0.01,URIBL_ABUSE_SURBL=1.948,URIBL_BLOCKED=0.001,URIBL_DBL_ABUSE_SPAM=2,URIBL_SBL_A=0.1], autolearn=no autolearn_force=no, autolearnscore=4.161, dkim_new=dkim:oneidnet.com, 170 ms
Feb  2 04:04:20 mail postfix/amavis/smtp[1552268]: 4DVB5Z171Xz1wG6: to=<a086froggy@hotmail.com>, relay=127.0.0.1[127.0.0.1]:10026, delay=2.7, delays=2.5/0/0/0.17, dsn=2.0.0, status=sent (250 2.0.0 from MTA(smtp:[127.0.0.1]:10025): 250 2.0.0 Ok: queued as 4DVB5c4TDpz1wDJ)
Feb  2 04:04:20 mail postfix/qmgr[2026]: 4DVB5Z171Xz1wG6: removed
Feb  2 04:04:20 mail postfix/cleanup[1552262]: 4DVB5c3VRBz1wG4: message-id=<2ebf0df0-1cd2-4c61-8e16-efddeb31b787@AM7EUR06HT007.mail.protection.outlook.com>
Feb  2 04:04:20 mail postfix/submission/smtpd[1552235]: 4DVB5c4t3kz1wG6: client=unknown[102.52.87.215], sasl_method=LOGIN, sasl_username=do-not-reply@oneidnet.com
Feb  2 04:04:20 mail postfix/qmgr[2026]: 4DVB5c3VRBz1wG4: from=<>, size=69274, nrcpt=1 (queue active)
Feb  2 04:04:20 mail postfix/submission/smtpd[1552232]: connect from unknown[102.52.87.215]
Feb  2 04:04:20 mail postfix/cleanup[1552258]: 4DVB5b0xBgz22B9: message-id=<25803503543522036027300@inconue-PC>
Feb  2 04:04:20 mail postfix/cleanup[1552259]: 4DVB5b55gHz1wF4: message-id=<258035035435233008012@inconue-PC>
Feb  2 04:04:20 mail postfix/smtpd[1552377]: disconnect from mail-am7eur06olkn2094.outbound.protection.outlook.com[40.92.16.94] ehlo=2 starttls=1 mail=1 rcpt=1 bdat=1 quit=1 commands=7
Feb  2 04:04:20 mail postfix/smtp[1552290]: Trusted TLS connection established to hotmail-com.olc.protection.outlook.com[104.47.18.225]:25: TLSv1.2 with cipher ECDHE-RSA-AES256-GCM-SHA384 (256/256 bits)
Feb  2 04:04:21 mail postfix/qmgr[2026]: 4DVB5Z70kLz22B8: from=<do-not-reply@oneidnet.com>, size=37141, nrcpt=1 (queue active)
Feb  2 04:04:21 mail postfix/smtp[1552291]: Trusted TLS connection established to hotmail-com.olc.protection.outlook.com[104.47.18.161]:25: TLSv1.2 with cipher ECDHE-RSA-AES256-GCM-SHA384 (256/256 bits)
Feb  2 04:04:21 mail postfix/10025/smtpd[1552288]: 4DVB5d25W4z24l5: client=localhost[127.0.0.1]
Feb  2 04:04:21 mail postfix/cleanup[1552250]: 4DVB5d25W4z24l5: message-id=<25803503543521339121617@inconue-PC>
Feb  2 04:04:21 mail postfix/cleanup[1552257]: 4DVB5c4t3kz1wG6: message-id=<25803503543521435532298@inconue-PC>
Feb  2 04:04:21 mail postfix/qmgr[2026]: 4DVB5d25W4z24l5: from=<do-not-reply@oneidnet.com>, size=38757, nrcpt=1 (queue active)
Feb  2 04:04:21 mail amavis[1485070]: (1485070-19) Passed CLEAN {RelayedInternal}, ORIGINATING LOCAL [102.52.87.215]:47977 [102.52.87.215] ESMTP/ESMTP <do-not-reply@oneidnet.com> -> <a1.zou@hotmail.com>, (ESMTPSA://[102.52.87.215]:47977), Queue-ID: 4DVB5Z70kLz22B8, Message-ID: <25803503543521339121617@inconue-pc>, mail_id: kk6jshnBXzQ3, b: ld9O1QAPs, Hits: 3.162, size: 37141, queued_as: 4DVB5d25W4z24l5, Subject: "- Use materials provided -", From: <do-not-reply@oneidnet.com>, X-Mailer: Smart_Send_3_1_6, helo=41.142.47.107, Tests: [ALL_TRUSTED=-1,HTML_MESSAGE=0.001,MIME_HTML_ONLY=0.1,TVD_RCVD_IP4=0.001,TVD_RCVD_IP=0.001,T_KAM_HTML_FONT_INVALID=0.01,URIBL_ABUSE_SURBL=1.948,URIBL_BLOCKED=0.001,URIBL_DBL_ABUSE_SPAM=2,URIBL_SBL_A=0.1], autolearn=no autolearn_force=no, autolearnscore=4.161, dkim_new=dkim:oneidnet.com, 203 ms
Feb  2 04:04:21 mail postfix/amavis/smtp[1552272]: 4DVB5Z70kLz22B8: to=<a1.zou@hotmail.com>, relay=127.0.0.1[127.0.0.1]:10026, delay=2.5, delays=2.3/0/0/0.21, dsn=2.0.0, status=sent (250 2.0.0 from MTA(smtp:[127.0.0.1]:10025): 250 2.0.0 Ok: queued as 4DVB5d25W4z24l5)
Feb  2 04:04:21 mail postfix/qmgr[2026]: 4DVB5Z70kLz22B8: removed
Feb  2 04:04:21 mail postfix/10025/smtpd[1552289]: 4DVB5d3LnKz22B8: client=localhost[127.0.0.1]
Feb  2 04:04:21 mail postfix/cleanup[1552261]: 4DVB5d3LnKz22B8: message-id=<2ebf0df0-1cd2-4c61-8e16-efddeb31b787@AM7EUR06HT007.mail.protection.outlook.com>
Feb  2 04:04:21 mail postfix/qmgr[2026]: 4DVB5d3LnKz22B8: from=<>, size=70180, nrcpt=1 (queue active)
Feb  2 04:04:21 mail amavis[1485069]: (1485069-19) Passed CLEAN {RelayedInbound}, [40.92.16.94]:59969 [40.92.16.94] ESMTP/ESMTP <> -> <do-not-reply@oneidnet.com>, (ESMTPS://[40.92.16.94]:59969), Queue-ID: 4DVB5c3VRBz1wG4, Message-ID: <2ebf0df0-1cd2-4c61-8e16-efddeb31b787@am7eur06ht007.mail.protection.outlook.com>, mail_id: f0PBu-5Xti67, b: cfJ84eLkh, Hits: 5.391, size: 69266, queued_as: 4DVB5d3LnKz22B8, Subject: "Undeliverable: - Use materials provided -", From: <postmaster@outlook.com>, helo=EUR06-AM7-obe.outbound.protection.outlook.com, Tests: [FORGED_SPF_HELO=1,HTML_MESSAGE=0.001,PDS_LITECOIN_ID=0.333,RCVD_IN_DNSWL_NONE=-0.0001,RCVD_IN_MSPIKE_H2=-0.001,SPF_HELO_PASS=-0.001,T_KAM_HTML_FONT_INVALID=0.01,URIBL_ABUSE_SURBL=1.948,URIBL_BLOCKED=0.001,URIBL_DBL_ABUSE_SPAM=2,URIBL_SBL_A=0.1], autolearn=no autolearn_force=no, autolearnscore=5.391, 773 ms
Feb  2 04:04:21 mail postfix/amavis/smtp[1552265]: 4DVB5c3VRBz1wG4: to=<do-not-reply@oneidnet.com>, relay=127.0.0.1[127.0.0.1]:10024, delay=1.1, delays=0.34/0/0/0.78, dsn=2.0.0, status=sent (250 2.0.0 from MTA(smtp:[127.0.0.1]:10025): 250 2.0.0 Ok: queued as 4DVB5d3LnKz22B8)
Feb  2 04:04:21 mail postfix/qmgr[2026]: 4DVB5c3VRBz1wG4: removed
Feb  2 04:04:21 mail postfix/pipe[1552386]: 4DVB5d3LnKz22B8: to=<do-not-reply@oneidnet.com>, relay=dovecot, delay=0.1, delays=0.05/0.01/0/0.04, dsn=2.0.0, status=sent (delivered via dovecot service)
Feb  2 04:04:21 mail postfix/qmgr[2026]: 4DVB5d3LnKz22B8: removed
Feb  2 04:04:21 mail postfix/smtp[1552290]: 4DVB5c0Yspz24l2: to=<a03_ramos@hotmail.com>, relay=hotmail-com.olc.protection.outlook.com[104.47.18.225]:25, delay=1.6, delays=0.01/0/0.89/0.72, dsn=2.6.0, status=sent (250 2.6.0 <25803503543521510914608@inconue-PC> [InternalId=33401960665309, Hostname=VI1EUR06HT230.eop-eur06.prod.protection.outlook.com] 46044 bytes in 0.362, 124.211 KB/sec Queued mail for delivery -> 250 2.1.5)
Feb  2 04:04:21 mail postfix/qmgr[2026]: 4DVB5c0Yspz24l2: removed
Feb  2 04:04:21 mail postfix/submission/smtpd[1552221]: disconnect from unknown[102.52.87.215] ehlo=2 starttls=1 auth=1 mail=1 rcpt=1 data=1 quit=1 commands=8
Feb  2 04:04:21 mail postfix/submission/smtpd[1552230]: Anonymous TLS connection established from unknown[102.52.87.215]: TLSv1 with cipher DHE-RSA-AES256-SHA (256/256 bits)
Feb  2 04:04:21 mail postfix/submission/smtpd[1552231]: 4DVB5d5JB4z22B8: client=unknown[102.52.87.215], sasl_method=LOGIN, sasl_username=do-not-reply@oneidnet.com
Feb  2 04:04:21 mail postfix/smtp[1552282]: Trusted TLS connection established to hotmail-com.olc.protection.outlook.com[104.47.18.161]:25: TLSv1.2 with cipher ECDHE-RSA-AES256-GCM-SHA384 (256/256 bits)
Feb  2 04:04:21 mail postfix/smtp[1552291]: 4DVB5c4TDpz1wDJ: to=<a086froggy@hotmail.com>, relay=hotmail-com.olc.protection.outlook.com[104.47.18.161]:25, delay=1.3, delays=0.01/0/0.69/0.57, dsn=2.6.0, status=sent (250 2.6.0 <25803503543522440531251@inconue-PC> [InternalId=31701153615784, Hostname=AM7EUR06HT262.eop-eur06.prod.protection.outlook.com] 45972 bytes in 0.335, 133.896 KB/sec Queued mail for delivery -> 250 2.1.5)
Feb  2 04:04:21 mail postfix/qmgr[2026]: 4DVB5c4TDpz1wDJ: removed
Feb  2 04:04:21 mail postfix/qmgr[2026]: 4DVB5b0xBgz22B9: from=<do-not-reply@oneidnet.com>, size=37151, nrcpt=1 (queue active)
Feb  2 04:04:21 mail postfix/qmgr[2026]: 4DVB5b55gHz1wF4: from=<do-not-reply@oneidnet.com>, size=37147, nrcpt=1 (queue active)
Feb  2 04:04:22 mail postfix/10025/smtpd[1552269]: 4DVB5f0fYBz25KB: client=localhost[127.0.0.1]
Feb  2 04:04:22 mail postfix/cleanup[1552260]: 4DVB5f0fYBz25KB: message-id=<258035035435233008012@inconue-PC>
Feb  2 04:04:22 mail postfix/qmgr[2026]: 4DVB5f0fYBz25KB: from=<do-not-reply@oneidnet.com>, size=38771, nrcpt=1 (queue active)
Feb  2 04:04:22 mail amavis[1485067]: (1485067-20) Passed CLEAN {RelayedInternal}, ORIGINATING LOCAL [102.52.87.215]:46474 [102.52.87.215] ESMTP/ESMTP <do-not-reply@oneidnet.com> -> <a1947woody@hotmail.com>, (ESMTPSA://[102.52.87.215]:46474), Queue-ID: 4DVB5b55gHz1wF4, Message-ID: <258035035435233008012@inconue-pc>, mail_id: 15Y-67UupGFR, b: ld9O1QAPs, Hits: 3.162, size: 37147, queued_as: 4DVB5f0fYBz25KB, Subject: "- Use materials provided -", From: <do-not-reply@oneidnet.com>, X-Mailer: Smart_Send_3_1_6, helo=41.142.47.107, Tests: [ALL_TRUSTED=-1,HTML_MESSAGE=0.001,MIME_HTML_ONLY=0.1,TVD_RCVD_IP4=0.001,TVD_RCVD_IP=0.001,T_KAM_HTML_FONT_INVALID=0.01,URIBL_ABUSE_SURBL=1.948,URIBL_BLOCKED=0.001,URIBL_DBL_ABUSE_SPAM=2,URIBL_SBL_A=0.1], autolearn=no autolearn_force=no, autolearnscore=4.161, dkim_new=dkim:oneidnet.com, 184 ms
Feb  2 04:04:22 mail postfix/amavis/smtp[1552268]: 4DVB5b55gHz1wF4: to=<a1947woody@hotmail.com>, relay=127.0.0.1[127.0.0.1]:10026, delay=3, delays=2.8/0/0/0.19, dsn=2.0.0, status=sent (250 2.0.0 from MTA(smtp:[127.0.0.1]:10025): 250 2.0.0 Ok: queued as 4DVB5f0fYBz25KB)
Feb  2 04:04:22 mail postfix/qmgr[2026]: 4DVB5b55gHz1wF4: removed
Feb  2 04:04:22 mail postfix/10025/smtpd[1552269]: disconnect from localhost[127.0.0.1] ehlo=1 mail=14 rcpt=14 data=14 commands=43
Feb  2 04:04:22 mail postfix/10025/smtpd[1552279]: connect from localhost[127.0.0.1]
Feb  2 04:04:22 mail postfix/10025/smtpd[1552279]: 4DVB5f0tMqz1wF4: client=localhost[127.0.0.1]
Feb  2 04:04:22 mail postfix/cleanup[1552264]: 4DVB5f0tMqz1wF4: message-id=<25803503543522036027300@inconue-PC>
Feb  2 04:04:22 mail postfix/qmgr[2026]: 4DVB5f0tMqz1wF4: from=<do-not-reply@oneidnet.com>, size=38777, nrcpt=1 (queue active)
Feb  2 04:04:22 mail postfix/10025/smtpd[1552279]: disconnect from localhost[127.0.0.1] ehlo=1 mail=1 rcpt=1 data=1 quit=1 commands=5
Feb  2 04:04:22 mail amavis[1552379]: (1552379-01) Passed CLEAN {RelayedInternal}, ORIGINATING LOCAL [102.52.87.215]:46178 [102.52.87.215] ESMTP/ESMTP <do-not-reply@oneidnet.com> -> <a19walter89@hotmail.com>, (ESMTPSA://[102.52.87.215]:46178), Queue-ID: 4DVB5b0xBgz22B9, Message-ID: <25803503543522036027300@inconue-pc>, mail_id: CpavXPbwelX1, b: ld9O1QAPs, Hits: 3.162, size: 37151, queued_as: 4DVB5f0tMqz1wF4, Subject: "- Use materials provided -", From: <do-not-reply@oneidnet.com>, X-Mailer: Smart_Send_3_1_6, helo=41.142.47.107, Tests: [ALL_TRUSTED=-1,HTML_MESSAGE=0.001,MIME_HTML_ONLY=0.1,TVD_RCVD_IP4=0.001,TVD_RCVD_IP=0.001,T_KAM_HTML_FONT_INVALID=0.01,URIBL_ABUSE_SURBL=1.948,URIBL_BLOCKED=0.001,URIBL_DBL_ABUSE_SPAM=2,URIBL_SBL_A=0.1], autolearn=no autolearn_force=no, autolearnscore=4.161, dkim_new=dkim:oneidnet.com, 242 ms
Feb  2 04:04:22 mail postfix/amavis/smtp[1552275]: 4DVB5b0xBgz22B9: to=<a19walter89@hotmail.com>, relay=127.0.0.1[127.0.0.1]:10026, delay=3.2, delays=2.9/0/0.01/0.25, dsn=2.0.0, status=sent (250 2.0.0 from MTA(smtp:[127.0.0.1]:10025): 250 2.0.0 Ok: queued as 4DVB5f0tMqz1wF4)
Feb  2 04:04:22 mail postfix/qmgr[2026]: 4DVB5b0xBgz22B9: removed
Feb  2 04:04:22 mail postfix/submission/smtpd[1552233]: Anonymous TLS connection established from unknown[102.52.87.215]: TLSv1 with cipher DHE-RSA-AES256-SHA (256/256 bits)
Feb  2 04:04:22 mail postfix/smtp[1552282]: 4DVB5d25W4z24l5: to=<a1.zou@hotmail.com>, relay=hotmail-com.olc.protection.outlook.com[104.47.18.161]:25, delay=1.3, delays=0.01/0/0.6/0.66, dsn=2.6.0, status=sent (250 2.6.0 <25803503543521339121617@inconue-PC> [InternalId=33341831122875, Hostname=AM7EUR06HT180.eop-eur06.prod.protection.outlook.com] 45953 bytes in 0.416, 107.806 KB/sec Queued mail for delivery -> 250 2.1.5)
Feb  2 04:04:22 mail postfix/qmgr[2026]: 4DVB5d25W4z24l5: removed
Feb  2 04:04:22 mail postfix/smtp[1552271]: Trusted TLS connection established to hotmail-com.olc.protection.outlook.com[104.47.18.161]:25: TLSv1.2 with cipher ECDHE-RSA-AES256-GCM-SHA384 (256/256 bits)
Feb  2 04:04:22 mail postfix/smtp[1552281]: Trusted TLS connection established to hotmail-com.olc.protection.outlook.com[104.47.18.161]:25: TLSv1.2 with cipher ECDHE-RSA-AES256-GCM-SHA384 (256/256 bits)
Feb  2 04:04:22 mail postfix/submission/smtpd[1552234]: disconnect from unknown[102.52.87.215] ehlo=2 starttls=1 auth=1 mail=1 rcpt=1 data=1 quit=1 commands=8
Feb  2 04:04:22 mail postfix/submission/smtpd[1552237]: Anonymous TLS connection established from unknown[102.52.87.215]: TLSv1 with cipher DHE-RSA-AES256-SHA (256/256 bits)
Feb  2 04:04:22 mail postfix/submission/smtpd[1552238]: 4DVB5f5h38z229c: client=unknown[102.52.87.215], sasl_method=LOGIN, sasl_username=do-not-reply@oneidnet.com
Feb  2 04:04:22 mail postfix/submission/smtpd[1552236]: disconnect from unknown[102.52.87.215] ehlo=2 starttls=1 auth=1 mail=1 rcpt=1 data=1 quit=1 commands=8
Feb  2 04:04:22 mail postfix/qmgr[2026]: 4DVB5c4t3kz1wG6: from=<do-not-reply@oneidnet.com>, size=37141, nrcpt=1 (queue active)
Feb  2 04:04:22 mail postfix/submission/smtpd[1552221]: connect from unknown[102.52.87.215]
Feb  2 04:04:23 mail postfix/submission/smtpd[1552234]: connect from unknown[102.52.87.215]
Feb  2 04:04:23 mail postfix/submission/smtpd[1552236]: connect from unknown[102.52.87.215]
Feb  2 04:04:23 mail postfix/10025/smtpd[1552288]: 4DVB5g0kzMz229d: client=localhost[127.0.0.1]
Feb  2 04:04:23 mail postfix/cleanup[1552248]: 4DVB5g0kzMz229d: message-id=<25803503543521435532298@inconue-PC>
Feb  2 04:04:23 mail postfix/qmgr[2026]: 4DVB5g0kzMz229d: from=<do-not-reply@oneidnet.com>, size=38757, nrcpt=1 (queue active)
Feb  2 04:04:23 mail amavis[1485070]: (1485070-20) Passed CLEAN {RelayedInternal}, ORIGINATING LOCAL [102.52.87.215]:46887 [102.52.87.215] ESMTP/ESMTP <do-not-reply@oneidnet.com> -> <a1chuy@hotmail.com>, (ESMTPSA://[102.52.87.215]:46887), Queue-ID: 4DVB5c4t3kz1wG6, Message-ID: <25803503543521435532298@inconue-pc>, mail_id: Z9yc60Kn487q, b: ld9O1QAPs, Hits: 3.162, size: 37141, queued_as: 4DVB5g0kzMz229d, Subject: "- Use materials provided -", From: <do-not-reply@oneidnet.com>, X-Mailer: Smart_Send_3_1_6, helo=41.142.47.107, Tests: [ALL_TRUSTED=-1,HTML_MESSAGE=0.001,MIME_HTML_ONLY=0.1,TVD_RCVD_IP4=0.001,TVD_RCVD_IP=0.001,T_KAM_HTML_FONT_INVALID=0.01,URIBL_ABUSE_SURBL=1.948,URIBL_BLOCKED=0.001,URIBL_DBL_ABUSE_SPAM=2,URIBL_SBL_A=0.1], autolearn=no autolearn_force=no, autolearnscore=4.161, dkim_new=dkim:oneidnet.com, 168 ms
Feb  2 04:04:23 mail postfix/amavis/smtp[1552272]: 4DVB5c4t3kz1wG6: to=<a1chuy@hotmail.com>, relay=127.0.0.1[127.0.0.1]:10026, delay=2.6, delays=2.4/0/0/0.17, dsn=2.0.0, status=sent (250 2.0.0 from MTA(smtp:[127.0.0.1]:10025): 250 2.0.0 Ok: queued as 4DVB5g0kzMz229d)
Feb  2 04:04:23 mail postfix/qmgr[2026]: 4DVB5c4t3kz1wG6: removed
Feb  2 04:04:23 mail postfix/10025/smtpd[1552288]: disconnect from localhost[127.0.0.1] ehlo=1 mail=14 rcpt=14 data=14 commands=43
Feb  2 04:04:23 mail postfix/smtp[1552271]: 4DVB5f0fYBz25KB: to=<a1947woody@hotmail.com>, relay=hotmail-com.olc.protection.outlook.com[104.47.18.161]:25, delay=1.1, delays=0.01/0/0.6/0.45, dsn=2.6.0, status=sent (250 2.6.0 <258035035435233008012@inconue-PC> [InternalId=33629593931600, Hostname=AM7EUR06HT179.eop-eur06.prod.protection.outlook.com] 45983 bytes in 0.217, 206.335 KB/sec Queued mail for delivery -> 250 2.1.5)
Feb  2 04:04:23 mail postfix/qmgr[2026]: 4DVB5f0fYBz25KB: removed
Feb  2 04:04:23 mail postfix/smtp[1552281]: 4DVB5f0tMqz1wF4: to=<a19walter89@hotmail.com>, relay=hotmail-com.olc.protection.outlook.com[104.47.18.161]:25, delay=1.5, delays=0.01/0/0.6/0.91, dsn=2.6.0, status=sent (250 2.6.0 <25803503543522036027300@inconue-PC> [InternalId=76424648065724, Hostname=DM5PR13MB1706.namprd13.prod.outlook.com] 46288 bytes in 0.260, 173.851 KB/sec Queued mail for delivery -> 250 2.1.5)
Feb  2 04:04:23 mail postfix/qmgr[2026]: 4DVB5f0tMqz1wF4: removed
Feb  2 04:04:23 mail postfix/submission/smtpd[1552235]: disconnect from unknown[102.52.87.215] ehlo=2 starttls=1 auth=1 mail=1 rcpt=1 data=1 quit=1 commands=8
Feb  2 04:04:23 mail postfix/submission/smtpd[1552232]: Anonymous TLS connection established from unknown[102.52.87.215]: TLSv1 with cipher DHE-RSA-AES256-SHA (256/256 bits)
Feb  2 04:04:23 mail postfix/smtp[1552280]: Trusted TLS connection established to hotmail-com.olc.protection.outlook.com[104.47.18.225]:25: TLSv1.2 with cipher ECDHE-RSA-AES256-GCM-SHA384 (256/256 bits)
Feb  2 04:04:23 mail postfix/submission/smtpd[1552235]: connect from unknown[102.52.87.215]
Feb  2 04:04:23 mail postfix/cleanup[1552263]: 4DVB5d5JB4z22B8: message-id=<2580350354352315887156@inconue-PC>
Feb  2 04:04:24 mail postfix/cleanup[1552262]: 4DVB5f5h38z229c: message-id=<25803503543528693014@inconue-PC>
Feb  2 04:04:24 mail postfix/smtp[1552280]: 4DVB5g0kzMz229d: to=<a1chuy@hotmail.com>, relay=hotmail-com.olc.protection.outlook.com[104.47.18.225]:25, delay=1.5, delays=0.01/0/0.69/0.81, dsn=2.6.0, status=sent (250 2.6.0 <25803503543521435532298@inconue-PC> [InternalId=32903744456328, Hostname=VI1EUR06HT021.eop-eur06.prod.protection.outlook.com] 46020 bytes in 0.456, 98.541 KB/sec Queued mail for delivery -> 250 2.1.5)
Feb  2 04:04:24 mail postfix/qmgr[2026]: 4DVB5g0kzMz229d: removed
Feb  2 04:04:24 mail postfix/submission/smtpd[1552221]: Anonymous TLS connection established from unknown[102.52.87.215]: TLSv1 with cipher DHE-RSA-AES256-SHA (256/256 bits)
Feb  2 04:04:25 mail postfix/submission/smtpd[1552236]: Anonymous TLS connection established from unknown[102.52.87.215]: TLSv1 with cipher DHE-RSA-AES256-SHA (256/256 bits)
Feb  2 04:04:25 mail postfix/submission/smtpd[1552233]: 4DVB5j2rF6z1wF4: client=unknown[102.52.87.215], sasl_method=LOGIN, sasl_username=do-not-reply@oneidnet.com
Feb  2 04:04:25 mail postfix/submission/smtpd[1552234]: Anonymous TLS connection established from unknown[102.52.87.215]: TLSv1 with cipher DHE-RSA-AES256-SHA (256/256 bits)
Feb  2 04:04:25 mail postfix/submission/smtpd[1552230]: 4DVB5j6tlCz1wG6: client=unknown[102.52.87.215], sasl_method=LOGIN, sasl_username=do-not-reply@oneidnet.com
Feb  2 04:04:26 mail postfix/qmgr[2026]: 4DVB5d5JB4z22B8: from=<do-not-reply@oneidnet.com>, size=37146, nrcpt=1 (queue active)
Feb  2 04:04:26 mail postfix/qmgr[2026]: 4DVB5f5h38z229c: from=<do-not-reply@oneidnet.com>, size=37146, nrcpt=1 (queue active)
Feb  2 04:04:26 mail postfix/submission/smtpd[1552237]: 4DVB5k132Cz229g: client=unknown[102.52.87.215], sasl_method=LOGIN, sasl_username=do-not-reply@oneidnet.com
Feb  2 04:04:26 mail postfix/10025/smtpd[1552289]: 4DVB5k2Ggtz229d: client=localhost[127.0.0.1]
Feb  2 04:04:26 mail postfix/cleanup[1552259]: 4DVB5k2Ggtz229d: message-id=<2580350354352315887156@inconue-PC>
Feb  2 04:04:26 mail postfix/qmgr[2026]: 4DVB5k2Ggtz229d: from=<do-not-reply@oneidnet.com>, size=38768, nrcpt=1 (queue active)
Feb  2 04:04:26 mail postfix/10025/smtpd[1552269]: connect from localhost[127.0.0.1]
Feb  2 04:04:26 mail amavis[1485069]: (1485069-20) Passed CLEAN {RelayedInternal}, ORIGINATING LOCAL [102.52.87.215]:46342 [102.52.87.215] ESMTP/ESMTP <do-not-reply@oneidnet.com> -> <a1colgans@hotmail.com>, (ESMTPSA://[102.52.87.215]:46342), Queue-ID: 4DVB5d5JB4z22B8, Message-ID: <2580350354352315887156@inconue-pc>, mail_id: N83QRRIm_hQW, b: ld9O1QAPs, Hits: 3.162, size: 37146, queued_as: 4DVB5k2Ggtz229d, Subject: "- Use materials provided -", From: <do-not-reply@oneidnet.com>, X-Mailer: Smart_Send_3_1_6, helo=41.142.47.107, Tests: [ALL_TRUSTED=-1,HTML_MESSAGE=0.001,MIME_HTML_ONLY=0.1,TVD_RCVD_IP4=0.001,TVD_RCVD_IP=0.001,T_KAM_HTML_FONT_INVALID=0.01,URIBL_ABUSE_SURBL=1.948,URIBL_BLOCKED=0.001,URIBL_DBL_ABUSE_SPAM=2,URIBL_SBL_A=0.1], autolearn=no autolearn_force=no, autolearnscore=4.161, dkim_new=dkim:oneidnet.com, 207 ms
Feb  2 04:04:26 mail postfix/10025/smtpd[1552269]: 4DVB5k2NMWz256R: client=localhost[127.0.0.1]
Feb  2 04:04:26 mail postfix/cleanup[1552260]: 4DVB5k2NMWz256R: message-id=<25803503543528693014@inconue-PC>
Feb  2 04:04:26 mail postfix/amavis/smtp[1552265]: 4DVB5d5JB4z22B8: to=<a1colgans@hotmail.com>, relay=127.0.0.1[127.0.0.1]:10026, delay=5.3, delays=5.1/0/0/0.21, dsn=2.0.0, status=sent (250 2.0.0 from MTA(smtp:[127.0.0.1]:10025): 250 2.0.0 Ok: queued as 4DVB5k2Ggtz229d)
Feb  2 04:04:26 mail postfix/qmgr[2026]: 4DVB5d5JB4z22B8: removed
Feb  2 04:04:26 mail postfix/qmgr[2026]: 4DVB5k2NMWz256R: from=<do-not-reply@oneidnet.com>, size=38770, nrcpt=1 (queue active)
Feb  2 04:04:26 mail postfix/10025/smtpd[1552289]: disconnect from localhost[127.0.0.1] ehlo=1 mail=14 rcpt=14 data=14 commands=43
Feb  2 04:04:26 mail amavis[1552379]: (1552379-02) Passed CLEAN {RelayedInternal}, ORIGINATING LOCAL [102.52.87.215]:47071 [102.52.87.215] ESMTP/ESMTP <do-not-reply@oneidnet.com> -> <a1eagle123@outlook.com>, (ESMTPSA://[102.52.87.215]:47071), Queue-ID: 4DVB5f5h38z229c, Message-ID: <25803503543528693014@inconue-pc>, mail_id: pPc4R-dcBy3z, b: ld9O1QAPs, Hits: 3.162, size: 37146, queued_as: 4DVB5k2NMWz256R, Subject: "- Use materials provided -", From: <do-not-reply@oneidnet.com>, X-Mailer: Smart_Send_3_1_6, helo=41.142.47.107, Tests: [ALL_TRUSTED=-1,HTML_MESSAGE=0.001,MIME_HTML_ONLY=0.1,TVD_RCVD_IP4=0.001,TVD_RCVD_IP=0.001,T_KAM_HTML_FONT_INVALID=0.01,URIBL_ABUSE_SURBL=1.948,URIBL_BLOCKED=0.001,URIBL_DBL_ABUSE_SPAM=2,URIBL_SBL_A=0.1], autolearn=no autolearn_force=no, autolearnscore=4.161, dkim_new=dkim:oneidnet.com, 216 ms
Feb  2 04:04:26 mail postfix/amavis/smtp[1552268]: 4DVB5f5h38z229c: to=<a1eagle123@outlook.com>, relay=127.0.0.1[127.0.0.1]:10026, delay=4.6, delays=4.4/0/0/0.22, dsn=2.0.0, status=sent (250 2.0.0 from MTA(smtp:[127.0.0.1]:10025): 250 2.0.0 Ok: queued as 4DVB5k2NMWz256R)
Feb  2 04:04:26 mail postfix/qmgr[2026]: 4DVB5f5h38z229c: removed
Feb  2 04:04:26 mail postfix/cleanup[1552250]: 4DVB5j2rF6z1wF4: message-id=<25803503543522511028440@inconue-PC>
Feb  2 04:04:26 mail postfix/submission/smtpd[1552231]: disconnect from unknown[102.52.87.215] ehlo=2 starttls=1 auth=1 mail=1 rcpt=1 data=1 quit=1 commands=8
Feb  2 04:04:26 mail postfix/submission/smtpd[1552235]: Anonymous TLS connection established from unknown[102.52.87.215]: TLSv1 with cipher DHE-RSA-AES256-SHA (256/256 bits)
Feb  2 04:04:26 mail postfix/submission/smtpd[1552238]: disconnect from unknown[102.52.87.215] ehlo=2 starttls=1 auth=1 mail=1 rcpt=1 data=1 quit=1 commands=8
Feb  2 04:04:26 mail postfix/submission/smtpd[1552232]: 4DVB5k4pf0z229c: client=unknown[102.52.87.215], sasl_method=LOGIN, sasl_username=do-not-reply@oneidnet.com
Feb  2 04:04:26 mail postfix/submission/smtpd[1552231]: connect from unknown[102.52.87.215]
Feb  2 04:04:26 mail postfix/smtp[1552276]: Trusted TLS connection established to outlook-com.olc.protection.outlook.com[104.47.66.33]:25: TLSv1.2 with cipher ECDHE-RSA-AES256-GCM-SHA384 (256/256 bits)
Feb  2 04:04:26 mail postfix/qmgr[2026]: 4DVB5j2rF6z1wF4: from=<do-not-reply@oneidnet.com>, size=37139, nrcpt=1 (queue active)
Feb  2 04:04:26 mail postfix/submission/smtpd[1552238]: connect from unknown[102.52.87.215]
Feb  2 04:04:26 mail postfix/smtp[1552284]: Trusted TLS connection established to hotmail-com.olc.protection.outlook.com[104.47.18.225]:25: TLSv1.2 with cipher ECDHE-RSA-AES256-GCM-SHA384 (256/256 bits)
Feb  2 04:04:26 mail postfix/cleanup[1552261]: 4DVB5j6tlCz1wG6: message-id=<2580350354352410111823@inconue-PC>
Feb  2 04:04:27 mail postfix/submission/smtpd[1552233]: disconnect from unknown[102.52.87.215] ehlo=2 starttls=1 auth=1 mail=1 rcpt=1 data=1 quit=1 commands=8
Feb  2 04:04:27 mail postfix/10025/smtpd[1552279]: connect from localhost[127.0.0.1]
Feb  2 04:04:27 mail postfix/10025/smtpd[1552279]: 4DVB5l0Mfjz256S: client=localhost[127.0.0.1]
Feb  2 04:04:27 mail postfix/cleanup[1552257]: 4DVB5l0Mfjz256S: message-id=<25803503543522511028440@inconue-PC>
Feb  2 04:04:27 mail postfix/qmgr[2026]: 4DVB5l0Mfjz256S: from=<do-not-reply@oneidnet.com>, size=38753, nrcpt=1 (queue active)
Feb  2 04:04:27 mail postfix/10025/smtpd[1552279]: disconnect from localhost[127.0.0.1] ehlo=1 mail=1 rcpt=1 data=1 quit=1 commands=5
Feb  2 04:04:27 mail amavis[1552392]: (1552392-01) Passed CLEAN {RelayedInternal}, ORIGINATING LOCAL [102.52.87.215]:47256 [102.52.87.215] ESMTP/ESMTP <do-not-reply@oneidnet.com> -> <a1kay@hotmail.com>, (ESMTPSA://[102.52.87.215]:47256), Queue-ID: 4DVB5j2rF6z1wF4, Message-ID: <25803503543522511028440@inconue-pc>, mail_id: KOV700Bb829X, b: ld9O1QAPs, Hits: 3.162, size: 37139, queued_as: 4DVB5l0Mfjz256S, Subject: "- Use materials provided -", From: <do-not-reply@oneidnet.com>, X-Mailer: Smart_Send_3_1_6, helo=41.142.47.107, Tests: [ALL_TRUSTED=-1,HTML_MESSAGE=0.001,MIME_HTML_ONLY=0.1,TVD_RCVD_IP4=0.001,TVD_RCVD_IP=0.001,T_KAM_HTML_FONT_INVALID=0.01,URIBL_ABUSE_SURBL=1.948,URIBL_BLOCKED=0.001,URIBL_DBL_ABUSE_SPAM=2,URIBL_SBL_A=0.1], autolearn=no autolearn_force=no, autolearnscore=4.161, dkim_new=dkim:oneidnet.com, 200 ms
Feb  2 04:04:27 mail postfix/amavis/smtp[1552275]: 4DVB5j2rF6z1wF4: to=<a1kay@hotmail.com>, relay=127.0.0.1[127.0.0.1]:10026, delay=3, delays=2.8/0/0.01/0.2, dsn=2.0.0, status=sent (250 2.0.0 from MTA(smtp:[127.0.0.1]:10025): 250 2.0.0 Ok: queued as 4DVB5l0Mfjz256S)
Feb  2 04:04:27 mail postfix/qmgr[2026]: 4DVB5j2rF6z1wF4: removed
Feb  2 04:04:27 mail postfix/submission/smtpd[1552233]: connect from unknown[102.52.87.215]
Feb  2 04:04:27 mail postfix/cleanup[1552258]: 4DVB5k132Cz229g: message-id=<25803503543522393610910@inconue-PC>
Feb  2 04:04:27 mail postfix/submission/smtpd[1552221]: 4DVB5l1Xxcz1wF4: client=unknown[102.52.87.215], sasl_method=LOGIN, sasl_username=do-not-reply@oneidnet.com
Feb  2 04:04:27 mail postfix/submission/smtpd[1552236]: 4DVB5l1b7Nz256T: client=unknown[102.52.87.215], sasl_method=LOGIN, sasl_username=do-not-reply@oneidnet.com
Feb  2 04:04:27 mail postfix/cleanup[1552264]: 4DVB5k4pf0z229c: message-id=<25803503543521273319356@inconue-PC>
Feb  2 04:04:27 mail postfix/submission/smtpd[1552234]: 4DVB5l2jCvz256V: client=unknown[102.52.87.215], sasl_method=LOGIN, sasl_username=do-not-reply@oneidnet.com
Feb  2 04:04:27 mail postfix/smtp[1552284]: 4DVB5k2Ggtz229d: to=<a1colgans@hotmail.com>, relay=hotmail-com.olc.protection.outlook.com[104.47.18.225]:25, delay=1.2, delays=0.01/0/0.68/0.46, dsn=2.6.0, status=sent (250 2.6.0 <2580350354352315887156@inconue-PC> [InternalId=33560874455152, Hostname=VI1EUR06HT216.eop-eur06.prod.protection.outlook.com] 46056 bytes in 0.131, 340.742 KB/sec Queued mail for delivery -> 250 2.1.5)
Feb  2 04:04:27 mail postfix/qmgr[2026]: 4DVB5k2Ggtz229d: removed
Feb  2 04:04:27 mail postfix/qmgr[2026]: 4DVB5j6tlCz1wG6: from=<do-not-reply@oneidnet.com>, size=37150, nrcpt=1 (queue active)
Feb  2 04:04:27 mail postfix/smtp[1552276]: 4DVB5k2NMWz256R: to=<a1eagle123@outlook.com>, relay=outlook-com.olc.protection.outlook.com[104.47.66.33]:25, delay=1.2, delays=0.01/0/0.59/0.56, dsn=2.6.0, status=sent (250 2.6.0 <25803503543528693014@inconue-PC> [InternalId=18391049962126, Hostname=MWHPR13MB1743.namprd13.prod.outlook.com] 46400 bytes in 0.174, 260.226 KB/sec Queued mail for delivery -> 250 2.1.5)
Feb  2 04:04:27 mail postfix/qmgr[2026]: 4DVB5k2NMWz256R: removed
Feb  2 04:04:27 mail postfix/smtp[1552290]: Trusted TLS connection established to hotmail-com.olc.protection.outlook.com[104.47.18.225]:25: TLSv1.2 with cipher ECDHE-RSA-AES256-GCM-SHA384 (256/256 bits)
Feb  2 04:04:27 mail postfix/qmgr[2026]: 4DVB5k132Cz229g: from=<do-not-reply@oneidnet.com>, size=37139, nrcpt=1 (queue active)
Feb  2 04:04:27 mail postfix/10025/smtpd[1552288]: connect from localhost[127.0.0.1]
Feb  2 04:04:27 mail postfix/10025/smtpd[1552288]: 4DVB5l4t1Kz256b: client=localhost[127.0.0.1]
Feb  2 04:04:27 mail postfix/cleanup[1552259]: 4DVB5l4t1Kz256b: message-id=<2580350354352410111823@inconue-PC>
Feb  2 04:04:27 mail postfix/10025/smtpd[1552288]: disconnect from localhost[127.0.0.1] ehlo=1 mail=1 rcpt=1 data=1 quit=1 commands=5
Feb  2 04:04:27 mail postfix/qmgr[2026]: 4DVB5l4t1Kz256b: from=<do-not-reply@oneidnet.com>, size=38776, nrcpt=1 (queue active)
Feb  2 04:04:27 mail amavis[1552394]: (1552394-01) Passed CLEAN {RelayedInternal}, ORIGINATING LOCAL [102.52.87.215]:47862 [102.52.87.215] ESMTP/ESMTP <do-not-reply@oneidnet.com> -> <a1ex.hunter@hotmail.com>, (ESMTPSA://[102.52.87.215]:47862), Queue-ID: 4DVB5j6tlCz1wG6, Message-ID: <2580350354352410111823@inconue-pc>, mail_id: 5XA84EwyzmEZ, b: ld9O1QAPs, Hits: 3.162, size: 37150, queued_as: 4DVB5l4t1Kz256b, Subject: "- Use materials provided -", From: <do-not-reply@oneidnet.com>, X-Mailer: Smart_Send_3_1_6, helo=41.142.47.107, Tests: [ALL_TRUSTED=-1,HTML_MESSAGE=0.001,MIME_HTML_ONLY=0.1,TVD_RCVD_IP4=0.001,TVD_RCVD_IP=0.001,T_KAM_HTML_FONT_INVALID=0.01,URIBL_ABUSE_SURBL=1.948,URIBL_BLOCKED=0.001,URIBL_DBL_ABUSE_SPAM=2,URIBL_SBL_A=0.1], autolearn=no autolearn_force=no, autolearnscore=4.161, dkim_new=dkim:oneidnet.com, 215 ms
Feb  2 04:04:27 mail postfix/amavis/smtp[1552272]: 4DVB5j6tlCz1wG6: to=<a1ex.hunter@hotmail.com>, relay=127.0.0.1[127.0.0.1]:10026, delay=3.6, delays=3.3/0/0.01/0.22, dsn=2.0.0, status=sent (250 2.0.0 from MTA(smtp:[127.0.0.1]:10025): 250 2.0.0 Ok: queued as 4DVB5l4t1Kz256b)
Feb  2 04:04:27 mail postfix/qmgr[2026]: 4DVB5j6tlCz1wG6: removed
Feb  2 04:04:27 mail postfix/cleanup[1552248]: 4DVB5l1Xxcz1wF4: message-id=<2580350354352131971134@inconue-PC>
Feb  2 04:04:27 mail postfix/cleanup[1552263]: 4DVB5l1b7Nz256T: message-id=<25803503543521804731563@inconue-PC>
Feb  2 04:04:27 mail postfix/10025/smtpd[1552269]: 4DVB5l5w63z1wG6: client=localhost[127.0.0.1]
Feb  2 04:04:27 mail postfix/cleanup[1552260]: 4DVB5l5w63z1wG6: message-id=<25803503543522393610910@inconue-PC>
Feb  2 04:04:27 mail postfix/qmgr[2026]: 4DVB5l5w63z1wG6: from=<do-not-reply@oneidnet.com>, size=38753, nrcpt=1 (queue active)
Feb  2 04:04:27 mail amavis[1552379]: (1552379-03) Passed CLEAN {RelayedInternal}, ORIGINATING LOCAL [102.52.87.215]:47262 [102.52.87.215] ESMTP/ESMTP <do-not-reply@oneidnet.com> -> <a1kjl@hotmail.com>, (ESMTPSA://[102.52.87.215]:47262), Queue-ID: 4DVB5k132Cz229g, Message-ID: <25803503543522393610910@inconue-pc>, mail_id: 5_q2fCiwD3Ru, b: ld9O1QAPs, Hits: 3.162, size: 37139, queued_as: 4DVB5l5w63z1wG6, Subject: "- Use materials provided -", From: <do-not-reply@oneidnet.com>, X-Mailer: Smart_Send_3_1_6, helo=41.142.47.107, Tests: [ALL_TRUSTED=-1,HTML_MESSAGE=0.001,MIME_HTML_ONLY=0.1,TVD_RCVD_IP4=0.001,TVD_RCVD_IP=0.001,T_KAM_HTML_FONT_INVALID=0.01,URIBL_ABUSE_SURBL=1.948,URIBL_BLOCKED=0.001,URIBL_DBL_ABUSE_SPAM=2,URIBL_SBL_A=0.1], autolearn=no autolearn_force=no, autolearnscore=4.161, dkim_new=dkim:oneidnet.com, 180 ms
Feb  2 04:04:27 mail postfix/amavis/smtp[1552265]: 4DVB5k132Cz229g: to=<a1kjl@hotmail.com>, relay=127.0.0.1[127.0.0.1]:10026, delay=1.9, delays=1.7/0/0/0.19, dsn=2.0.0, status=sent (250 2.0.0 from MTA(smtp:[127.0.0.1]:10025): 250 2.0.0 Ok: queued as 4DVB5l5w63z1wG6)
Feb  2 04:04:27 mail postfix/qmgr[2026]: 4DVB5k132Cz229g: removed
Feb  2 04:04:28 mail postfix/submission/smtpd[1552238]: Anonymous TLS connection established from unknown[102.52.87.215]: TLSv1 with cipher DHE-RSA-AES256-SHA (256/256 bits)
Feb  2 04:04:28 mail postfix/smtp[1552291]: Trusted TLS connection established to hotmail-com.olc.protection.outlook.com[104.47.18.161]:25: TLSv1.2 with cipher ECDHE-RSA-AES256-GCM-SHA384 (256/256 bits)
Feb  2 04:04:28 mail postfix/smtp[1552290]: 4DVB5l0Mfjz256S: to=<a1kay@hotmail.com>, relay=hotmail-com.olc.protection.outlook.com[104.47.18.225]:25, delay=1.2, delays=0.01/0/0.68/0.47, dsn=2.6.0, status=sent (250 2.6.0 <25803503543522511028440@inconue-PC> [InternalId=30532922511739, Hostname=VI1EUR06HT020.eop-eur06.prod.protection.outlook.com] 45974 bytes in 0.230, 194.519 KB/sec Queued mail for delivery -> 250 2.1.5)
Feb  2 04:04:28 mail postfix/qmgr[2026]: 4DVB5l0Mfjz256S: removed
Feb  2 04:04:28 mail postfix/smtp[1552282]: Trusted TLS connection established to hotmail-com.olc.protection.outlook.com[104.47.12.33]:25: TLSv1.2 with cipher ECDHE-RSA-AES256-GCM-SHA384 (256/256 bits)
Feb  2 04:04:28 mail postfix/submission/smtpd[1552230]: disconnect from unknown[102.52.87.215] ehlo=2 starttls=1 auth=1 mail=1 rcpt=1 data=1 quit=1 commands=8
Feb  2 04:04:28 mail postfix/submission/smtpd[1552231]: Anonymous TLS connection established from unknown[102.52.87.215]: TLSv1 with cipher DHE-RSA-AES256-SHA (256/256 bits)
Feb  2 04:04:28 mail postfix/submission/smtpd[1552235]: 4DVB5m39qyz229g: client=unknown[102.52.87.215], sasl_method=LOGIN, sasl_username=do-not-reply@oneidnet.com
Feb  2 04:04:28 mail postfix/submission/smtpd[1552237]: disconnect from unknown[102.52.87.215] ehlo=2 starttls=1 auth=1 mail=1 rcpt=1 data=1 quit=1 commands=8
Feb  2 04:04:28 mail postfix/submission/smtpd[1552230]: connect from unknown[102.52.87.215]
Feb  2 04:04:28 mail postfix/qmgr[2026]: 4DVB5k4pf0z229c: from=<do-not-reply@oneidnet.com>, size=37161, nrcpt=1 (queue active)
Feb  2 04:04:28 mail postfix/qmgr[2026]: 4DVB5l1Xxcz1wF4: from=<do-not-reply@oneidnet.com>, size=37138, nrcpt=1 (queue active)
Feb  2 04:04:28 mail postfix/submission/smtpd[1552237]: connect from unknown[102.52.87.215]
Feb  2 04:04:28 mail postfix/qmgr[2026]: 4DVB5l1b7Nz256T: from=<do-not-reply@oneidnet.com>, size=37149, nrcpt=1 (queue active)
Feb  2 04:04:28 mail postfix/smtp[1552291]: 4DVB5l4t1Kz256b: to=<a1ex.hunter@hotmail.com>, relay=hotmail-com.olc.protection.outlook.com[104.47.18.161]:25, delay=1, delays=0.01/0/0.6/0.41, dsn=2.6.0, status=sent (250 2.6.0 <2580350354352410111823@inconue-PC> [InternalId=33573759357003, Hostname=AM7EUR06HT076.eop-eur06.prod.protection.outlook.com] 45948 bytes in 0.208, 215.609 KB/sec Queued mail for delivery -> 250 2.1.5)
Feb  2 04:04:28 mail postfix/qmgr[2026]: 4DVB5l4t1Kz256b: removed
Feb  2 04:04:28 mail postfix/10025/smtpd[1552289]: connect from localhost[127.0.0.1]
Feb  2 04:04:28 mail postfix/10025/smtpd[1552289]: 4DVB5m6GVRz256b: client=localhost[127.0.0.1]
Feb  2 04:04:28 mail postfix/cleanup[1552257]: 4DVB5m6GVRz256b: message-id=<2580350354352131971134@inconue-PC>
Feb  2 04:04:28 mail postfix/qmgr[2026]: 4DVB5m6GVRz256b: from=<do-not-reply@oneidnet.com>, size=38752, nrcpt=1 (queue active)
Feb  2 04:04:28 mail amavis[1552392]: (1552392-02) Passed CLEAN {RelayedInternal}, ORIGINATING LOCAL [102.52.87.215]:47994 [102.52.87.215] ESMTP/ESMTP <do-not-reply@oneidnet.com> -> <a2kab@hotmail.com>, (ESMTPSA://[102.52.87.215]:47994), Queue-ID: 4DVB5l1Xxcz1wF4, Message-ID: <2580350354352131971134@inconue-pc>, mail_id: tSv-oLqijMbg, b: ld9O1QAPs, Hits: 3.162, size: 37138, queued_as: 4DVB5m6GVRz256b, Subject: "- Use materials provided -", From: <do-not-reply@oneidnet.com>, X-Mailer: Smart_Send_3_1_6, helo=41.142.47.107, Tests: [ALL_TRUSTED=-1,HTML_MESSAGE=0.001,MIME_HTML_ONLY=0.1,TVD_RCVD_IP4=0.001,TVD_RCVD_IP=0.001,T_KAM_HTML_FONT_INVALID=0.01,URIBL_ABUSE_SURBL=1.948,URIBL_BLOCKED=0.001,URIBL_DBL_ABUSE_SPAM=2,URIBL_SBL_A=0.1], autolearn=no autolearn_force=no, autolearnscore=4.161, dkim_new=dkim:oneidnet.com, 243 ms
Feb  2 04:04:28 mail postfix/amavis/smtp[1552275]: 4DVB5l1Xxcz1wF4: to=<a2kab@hotmail.com>, relay=127.0.0.1[127.0.0.1]:10026, delay=1.9, delays=1.6/0/0/0.25, dsn=2.0.0, status=sent (250 2.0.0 from MTA(smtp:[127.0.0.1]:10025): 250 2.0.0 Ok: queued as 4DVB5m6GVRz256b)
Feb  2 04:04:28 mail postfix/qmgr[2026]: 4DVB5l1Xxcz1wF4: removed
Feb  2 04:04:28 mail postfix/10025/smtpd[1552279]: connect from localhost[127.0.0.1]
Feb  2 04:04:28 mail postfix/10025/smtpd[1552279]: 4DVB5m6WBRz1wF4: client=localhost[127.0.0.1]
Feb  2 04:04:28 mail postfix/cleanup[1552261]: 4DVB5m6WBRz1wF4: message-id=<25803503543521804731563@inconue-PC>
Feb  2 04:04:28 mail postfix/qmgr[2026]: 4DVB5m6WBRz1wF4: from=<do-not-reply@oneidnet.com>, size=38773, nrcpt=1 (queue active)
Feb  2 04:04:28 mail amavis[1552394]: (1552394-02) Passed CLEAN {RelayedInternal}, ORIGINATING LOCAL [102.52.87.215]:46643 [102.52.87.215] ESMTP/ESMTP <do-not-reply@oneidnet.com> -> <a398vargas@hotmail.com>, (ESMTPSA://[102.52.87.215]:46643), Queue-ID: 4DVB5l1b7Nz256T, Message-ID: <25803503543521804731563@inconue-pc>, mail_id: QfBXTy2anFdH, b: ld9O1QAPs, Hits: 3.162, size: 37149, queued_as: 4DVB5m6WBRz1wF4, Subject: "- Use materials provided -", From: <do-not-reply@oneidnet.com>, X-Mailer: Smart_Send_3_1_6, helo=41.142.47.107, Tests: [ALL_TRUSTED=-1,HTML_MESSAGE=0.001,MIME_HTML_ONLY=0.1,TVD_RCVD_IP4=0.001,TVD_RCVD_IP=0.001,T_KAM_HTML_FONT_INVALID=0.01,URIBL_ABUSE_SURBL=1.948,URIBL_BLOCKED=0.001,URIBL_DBL_ABUSE_SPAM=2,URIBL_SBL_A=0.1], autolearn=no autolearn_force=no, autolearnscore=4.161, dkim_new=dkim:oneidnet.com, 269 ms
Feb  2 04:04:28 mail postfix/amavis/smtp[1552272]: 4DVB5l1b7Nz256T: to=<a398vargas@hotmail.com>, relay=127.0.0.1[127.0.0.1]:10026, delay=1.9, delays=1.6/0/0/0.27, dsn=2.0.0, status=sent (250 2.0.0 from MTA(smtp:[127.0.0.1]:10025): 250 2.0.0 Ok: queued as 4DVB5m6WBRz1wF4)
Feb  2 04:04:28 mail postfix/qmgr[2026]: 4DVB5l1b7Nz256T: removed
Feb  2 04:04:28 mail postfix/cleanup[1552262]: 4DVB5l2jCvz256V: message-id=<25803503543522777017983@inconue-PC>
Feb  2 04:04:28 mail postfix/10025/smtpd[1552288]: connect from localhost[127.0.0.1]
Feb  2 04:04:28 mail postfix/10025/smtpd[1552288]: 4DVB5m6mP7z256T: client=localhost[127.0.0.1]
Feb  2 04:04:28 mail postfix/cleanup[1552258]: 4DVB5m6mP7z256T: message-id=<25803503543521273319356@inconue-PC>
Feb  2 04:04:28 mail postfix/10025/smtpd[1552288]: disconnect from localhost[127.0.0.1] ehlo=1 mail=1 rcpt=1 data=1 quit=1 commands=5
Feb  2 04:04:28 mail postfix/qmgr[2026]: 4DVB5m6mP7z256T: from=<do-not-reply@oneidnet.com>, size=38797, nrcpt=1 (queue active)
Feb  2 04:04:28 mail amavis[1552399]: (1552399-01) Passed CLEAN {RelayedInternal}, ORIGINATING LOCAL [102.52.87.215]:47539 [102.52.87.215] ESMTP/ESMTP <do-not-reply@oneidnet.com> -> <a1trnymidniteice@hotmail.com>, (ESMTPSA://[102.52.87.215]:47539), Queue-ID: 4DVB5k4pf0z229c, Message-ID: <25803503543521273319356@inconue-pc>, mail_id: 4VRXMU_cqlru, b: ld9O1QAPs, Hits: 3.162, size: 37161, queued_as: 4DVB5m6mP7z256T, Subject: "- Use materials provided -", From: <do-not-reply@oneidnet.com>, X-Mailer: Smart_Send_3_1_6, helo=41.142.47.107, Tests: [ALL_TRUSTED=-1,HTML_MESSAGE=0.001,MIME_HTML_ONLY=0.1,TVD_RCVD_IP4=0.001,TVD_RCVD_IP=0.001,T_KAM_HTML_FONT_INVALID=0.01,URIBL_ABUSE_SURBL=1.948,URIBL_BLOCKED=0.001,URIBL_DBL_ABUSE_SPAM=2,URIBL_SBL_A=0.1], autolearn=no autolearn_force=no, autolearnscore=4.161, dkim_new=dkim:oneidnet.com, 325 ms
Feb  2 04:04:28 mail postfix/amavis/smtp[1552268]: 4DVB5k4pf0z229c: to=<a1trnymidniteice@hotmail.com>, relay=127.0.0.1[127.0.0.1]:10026, delay=2.8, delays=2.5/0/0.01/0.33, dsn=2.0.0, status=sent (250 2.0.0 from MTA(smtp:[127.0.0.1]:10025): 250 2.0.0 Ok: queued as 4DVB5m6mP7z256T)
Feb  2 04:04:28 mail postfix/qmgr[2026]: 4DVB5k4pf0z229c: removed
Feb  2 04:04:29 mail postfix/smtp[1552282]: 4DVB5l5w63z1wG6: to=<a1kjl@hotmail.com>, relay=hotmail-com.olc.protection.outlook.com[104.47.12.33]:25, delay=1.2, delays=0.01/0/0.48/0.73, dsn=2.6.0, status=sent (250 2.6.0 <25803503543522393610910@inconue-PC> [InternalId=113816633347822, Hostname=DB3EUR04HT224.eop-eur04.prod.protection.outlook.com] 46027 bytes in 0.267, 168.158 KB/sec Queued mail for delivery -> 250 2.1.5)
Feb  2 04:04:29 mail postfix/qmgr[2026]: 4DVB5l5w63z1wG6: removed
Feb  2 04:04:29 mail postfix/submission/smtpd[1552221]: disconnect from unknown[102.52.87.215] ehlo=2 starttls=1 auth=1 mail=1 rcpt=1 data=1 quit=1 commands=8
Feb  2 04:04:29 mail postfix/submission/smtpd[1552232]: disconnect from unknown[102.52.87.215] ehlo=2 starttls=1 auth=1 mail=1 rcpt=1 data=1 quit=1 commands=8
Feb  2 04:04:29 mail postfix/submission/smtpd[1552233]: Anonymous TLS connection established from unknown[102.52.87.215]: TLSv1 with cipher DHE-RSA-AES256-SHA (256/256 bits)
Feb  2 04:04:29 mail postfix/submission/smtpd[1552236]: disconnect from unknown[102.52.87.215] ehlo=2 starttls=1 auth=1 mail=1 rcpt=1 data=1 quit=1 commands=8
Feb  2 04:04:29 mail postfix/submission/smtpd[1552221]: connect from unknown[102.52.87.215]
Feb  2 04:04:29 mail postfix/submission/smtpd[1552232]: connect from unknown[102.52.87.215]
Feb  2 04:04:29 mail postfix/smtp[1552271]: Trusted TLS connection established to hotmail-com.olc.protection.outlook.com[104.47.12.33]:25: TLSv1.2 with cipher ECDHE-RSA-AES256-GCM-SHA384 (256/256 bits)
Feb  2 04:04:29 mail postfix/smtp[1552281]: Trusted TLS connection established to hotmail-com.olc.protection.outlook.com[104.47.12.33]:25: TLSv1.2 with cipher ECDHE-RSA-AES256-GCM-SHA384 (256/256 bits)
Feb  2 04:04:29 mail postfix/smtp[1552280]: Trusted TLS connection established to hotmail-com.olc.protection.outlook.com[104.47.12.33]:25: TLSv1.2 with cipher ECDHE-RSA-AES256-GCM-SHA384 (256/256 bits)
Feb  2 04:04:29 mail postfix/submission/smtpd[1552236]: connect from unknown[102.52.87.215]
Feb  2 04:04:29 mail postfix/cleanup[1552250]: 4DVB5m39qyz229g: message-id=<2580350354352314094015@inconue-PC>
Feb  2 04:04:29 mail postfix/qmgr[2026]: 4DVB5l2jCvz256V: from=<do-not-reply@oneidnet.com>, size=37151, nrcpt=1 (queue active)
Feb  2 04:04:29 mail postfix/submission/smtpd[1552234]: disconnect from unknown[102.52.87.215] ehlo=2 starttls=1 auth=1 mail=1 rcpt=1 data=1 quit=1 commands=8
Feb  2 04:04:29 mail postfix/submission/smtpd[1552238]: 4DVB5n4CkJz1wG6: client=unknown[102.52.87.215], sasl_method=LOGIN, sasl_username=do-not-reply@oneidnet.com
Feb  2 04:04:29 mail postfix/10025/smtpd[1552269]: 4DVB5n4Ffqz25K9: client=localhost[127.0.0.1]
Feb  2 04:04:29 mail postfix/cleanup[1552260]: 4DVB5n4Ffqz25K9: message-id=<25803503543522777017983@inconue-PC>
Feb  2 04:04:29 mail postfix/qmgr[2026]: 4DVB5n4Ffqz25K9: from=<do-not-reply@oneidnet.com>, size=38777, nrcpt=1 (queue active)
Feb  2 04:04:29 mail amavis[1552379]: (1552379-04) Passed CLEAN {RelayedInternal}, ORIGINATING LOCAL [102.52.87.215]:46449 [102.52.87.215] ESMTP/ESMTP <do-not-reply@oneidnet.com> -> <a3_695liyah@hotmail.com>, (ESMTPSA://[102.52.87.215]:46449), Queue-ID: 4DVB5l2jCvz256V, Message-ID: <25803503543522777017983@inconue-pc>, mail_id: nEyWhtG6_wz8, b: ld9O1QAPs, Hits: 3.162, size: 37151, queued_as: 4DVB5n4Ffqz25K9, Subject: "- Use materials provided -", From: <do-not-reply@oneidnet.com>, X-Mailer: Smart_Send_3_1_6, helo=41.142.47.107, Tests: [ALL_TRUSTED=-1,HTML_MESSAGE=0.001,MIME_HTML_ONLY=0.1,TVD_RCVD_IP4=0.001,TVD_RCVD_IP=0.001,T_KAM_HTML_FONT_INVALID=0.01,URIBL_ABUSE_SURBL=1.948,URIBL_BLOCKED=0.001,URIBL_DBL_ABUSE_SPAM=2,URIBL_SBL_A=0.1], autolearn=no autolearn_force=no, autolearnscore=4.161, dkim_new=dkim:oneidnet.com, 168 ms
Feb  2 04:04:29 mail postfix/amavis/smtp[1552265]: 4DVB5l2jCvz256V: to=<a3_695liyah@hotmail.com>, relay=127.0.0.1[127.0.0.1]:10026, delay=2.4, delays=2.2/0/0/0.17, dsn=2.0.0, status=sent (250 2.0.0 from MTA(smtp:[127.0.0.1]:10025): 250 2.0.0 Ok: queued as 4DVB5n4Ffqz25K9)
Feb  2 04:04:29 mail postfix/qmgr[2026]: 4DVB5l2jCvz256V: removed
Feb  2 04:04:29 mail postfix/smtp[1552271]: 4DVB5m6GVRz256b: to=<a2kab@hotmail.com>, relay=hotmail-com.olc.protection.outlook.com[104.47.12.33]:25, delay=0.93, delays=0.01/0/0.48/0.44, dsn=2.6.0, status=sent (250 2.6.0 <2580350354352131971134@inconue-PC> [InternalId=113966957204014, Hostname=DB3EUR04HT072.eop-eur04.prod.protection.outlook.com] 45944 bytes in 0.223, 200.790 KB/sec Queued mail for delivery -> 250 2.1.5)
Feb  2 04:04:29 mail postfix/qmgr[2026]: 4DVB5m6GVRz256b: removed
Feb  2 04:04:29 mail postfix/smtp[1552281]: 4DVB5m6WBRz1wF4: to=<a398vargas@hotmail.com>, relay=hotmail-com.olc.protection.outlook.com[104.47.12.33]:25, delay=0.92, delays=0.01/0/0.48/0.43, dsn=2.6.0, status=sent (250 2.6.0 <25803503543521804731563@inconue-PC> [InternalId=112811611001063, Hostname=DB3EUR04HT172.eop-eur04.prod.protection.outlook.com] 45992 bytes in 0.203, 220.358 KB/sec Queued mail for delivery -> 250 2.1.5)
Feb  2 04:04:29 mail postfix/qmgr[2026]: 4DVB5m6WBRz1wF4: removed
Feb  2 04:04:29 mail postfix/smtp[1552280]: 4DVB5m6mP7z256T: to=<a1trnymidniteice@hotmail.com>, relay=hotmail-com.olc.protection.outlook.com[104.47.12.33]:25, delay=0.92, delays=0.01/0/0.49/0.43, dsn=2.6.0, status=sent (250 2.6.0 <25803503543521273319356@inconue-PC> [InternalId=114181705568901, Hostname=DB3EUR04HT021.eop-eur04.prod.protection.outlook.com] 46003 bytes in 0.208, 215.886 KB/sec Queued mail for delivery -> 250 2.1.5)
Feb  2 04:04:29 mail postfix/qmgr[2026]: 4DVB5m6mP7z256T: removed
Feb  2 04:04:30 mail postfix/submission/smtpd[1552230]: Anonymous TLS connection established from unknown[102.52.87.215]: TLSv1 with cipher DHE-RSA-AES256-SHA (256/256 bits)
Feb  2 04:04:30 mail postfix/smtp[1552284]: Trusted TLS connection established to hotmail-com.olc.protection.outlook.com[104.47.13.33]:25: TLSv1.2 with cipher ECDHE-RSA-AES256-GCM-SHA384 (256/256 bits)
