Feb  2 03:11:28 mail postfix/submission/smtpd[1549404]: Anonymous TLS connection established from unknown[197.153.132.127]: TLSv1 with cipher ECDHE-RSA-AES256-SHA (256/256 bits)
Feb  2 03:11:28 mail postfix/submission/smtpd[1549435]: Anonymous TLS connection established from unknown[197.153.132.127]: TLSv1 with cipher ECDHE-RSA-AES256-SHA (256/256 bits)
Feb  2 03:11:28 mail postfix/submission/smtpd[1549434]: Anonymous TLS connection established from unknown[197.153.132.127]: TLSv1 with cipher ECDHE-RSA-AES256-SHA (256/256 bits)
Feb  2 03:11:28 mail postfix/submission/smtpd[1549404]: 4DV8wc5VRfz1wCZ: client=unknown[197.153.132.127], sasl_method=LOGIN, sasl_username=do-not-reply@oneidnet.com
Feb  2 03:11:28 mail postfix/submission/smtpd[1549435]: 4DV8wc5Zx9z1wF4: client=unknown[197.153.132.127], sasl_method=LOGIN, sasl_username=do-not-reply@oneidnet.com
Feb  2 03:11:28 mail postfix/submission/smtpd[1549434]: 4DV8wc5f6Qz1wG4: client=unknown[197.153.132.127], sasl_method=LOGIN, sasl_username=do-not-reply@oneidnet.com
Feb  2 03:11:29 mail postfix/cleanup[1549455]: 4DV8wc5VRfz1wCZ: message-id=<20210202041123.B117EE6C9A5D0077@oneidnet.com>
Feb  2 03:11:29 mail postfix/qmgr[2026]: 4DV8wc5VRfz1wCZ: from=<do-not-reply@oneidnet.com>, size=4026, nrcpt=1 (queue active)
Feb  2 03:11:29 mail postfix/cleanup[1549456]: 4DV8wc5Zx9z1wF4: message-id=<20210202041123.F685D1A9ED1A7D13@oneidnet.com>
Feb  2 03:11:29 mail amavis[1485067]: (1485067-04) NOTICE: reconnecting in response to: err=2006, HY000, DBD::mysql::st execute failed: MySQL server has gone away at (eval 108) line 173.
Feb  2 03:11:29 mail postfix/qmgr[2026]: 4DV8wc5Zx9z1wF4: from=<do-not-reply@oneidnet.com>, size=4018, nrcpt=1 (queue active)
Feb  2 03:11:29 mail postfix/cleanup[1549461]: 4DV8wc5f6Qz1wG4: message-id=<20210202041123.9A8FD2DD0437FB05@oneidnet.com>
Feb  2 03:11:29 mail postfix/qmgr[2026]: 4DV8wc5f6Qz1wG4: from=<do-not-reply@oneidnet.com>, size=4034, nrcpt=1 (queue active)
Feb  2 03:11:29 mail amavis[1485070]: (1485070-03) NOTICE: reconnecting in response to: err=2006, HY000, DBD::mysql::st execute failed: MySQL server has gone away at (eval 108) line 173.
Feb  2 03:11:29 mail amavis[1485068]: (1485068-04) NOTICE: reconnecting in response to: err=2006, HY000, DBD::mysql::st execute failed: MySQL server has gone away at (eval 108) line 173.
Feb  2 03:11:29 mail postfix/submission/smtpd[1549435]: disconnect from unknown[197.153.132.127] ehlo=2 starttls=1 auth=1 mail=1 rcpt=1 data=1 commands=7
Feb  2 03:11:29 mail postfix/submission/smtpd[1549434]: disconnect from unknown[197.153.132.127] ehlo=2 starttls=1 auth=1 mail=1 rcpt=1 data=1 commands=7
Feb  2 03:11:29 mail postfix/submission/smtpd[1549404]: disconnect from unknown[197.153.132.127] ehlo=2 starttls=1 auth=1 mail=1 rcpt=1 data=1 commands=7
Feb  2 03:11:29 mail postfix/10025/smtpd[1549481]: connect from localhost[127.0.0.1]
Feb  2 03:11:29 mail postfix/10025/smtpd[1549481]: 4DV8wd32Qmz1wG6: client=localhost[127.0.0.1]
Feb  2 03:11:29 mail postfix/cleanup[1549455]: 4DV8wd32Qmz1wG6: message-id=<20210202041123.F685D1A9ED1A7D13@oneidnet.com>
Feb  2 03:11:29 mail postfix/10025/smtpd[1549482]: connect from localhost[127.0.0.1]
Feb  2 03:11:29 mail postfix/qmgr[2026]: 4DV8wd32Qmz1wG6: from=<do-not-reply@oneidnet.com>, size=5203, nrcpt=1 (queue active)
Feb  2 03:11:29 mail postfix/10025/smtpd[1549481]: disconnect from localhost[127.0.0.1] ehlo=1 mail=1 rcpt=1 data=1 quit=1 commands=5
Feb  2 03:11:29 mail postfix/10025/smtpd[1549481]: connect from localhost[127.0.0.1]
Feb  2 03:11:29 mail amavis[1485070]: (1485070-03) Passed CLEAN {RelayedInternal}, ORIGINATING LOCAL [197.153.132.127]:56654 [197.153.132.127] ESMTP/ESMTP <do-not-reply@oneidnet.com> -> <wawawa@live.fr>, (ESMTPSA://[197.153.132.127]:56654), Queue-ID: 4DV8wc5Zx9z1wF4, Message-ID: <20210202041123.F685D1A9ED1A7D13@oneidnet.com>, mail_id: WwfzEALcoWQU, b: DSuvF4gai, Hits: -0.273, size: 4018, queued_as: 4DV8wd32Qmz1wG6, Subject: " FedEx Shipment Notification : 384789299 (raw: =?UTF-8?B?4pyIIEZlZEV4IFNoaXBtZW50IE5vdGlmaWNhdGlvbiA6IDM4NDc4OTI5OQ==?=)", From: <do-not-reply@oneidnet.com>, helo=oneidnet.com, Tests: [ALL_TRUSTED=-1,HTML_IMAGE_ONLY_32=0.001,HTML_MESSAGE=0.001,MPART_ALT_DIFF=0.724,URIBL_BLOCKED=0.001], autolearn=no autolearn_force=no, autolearnscore=0.726, dkim_new=dkim:oneidnet.com, 318 ms
Feb  2 03:11:29 mail postfix/amavis/smtp[1549472]: 4DV8wc5Zx9z1wF4: to=<wawawa@live.fr>, relay=127.0.0.1[127.0.0.1]:10026, delay=0.8, delays=0.45/0.01/0.01/0.32, dsn=2.0.0, status=sent (250 2.0.0 from MTA(smtp:[127.0.0.1]:10025): 250 2.0.0 Ok: queued as 4DV8wd32Qmz1wG6)
Feb  2 03:11:29 mail postfix/qmgr[2026]: 4DV8wc5Zx9z1wF4: removed
Feb  2 03:11:29 mail postfix/10025/smtpd[1549481]: 4DV8wd3BKmz1wF4: client=localhost[127.0.0.1]
Feb  2 03:11:29 mail postfix/cleanup[1549456]: 4DV8wd3BKmz1wF4: message-id=<20210202041123.B117EE6C9A5D0077@oneidnet.com>
Feb  2 03:11:29 mail postfix/10025/smtpd[1549482]: 4DV8wd3CYNz25KG: client=localhost[127.0.0.1]
Feb  2 03:11:29 mail postfix/cleanup[1549461]: 4DV8wd3CYNz25KG: message-id=<20210202041123.9A8FD2DD0437FB05@oneidnet.com>
Feb  2 03:11:29 mail postfix/10025/smtpd[1549481]: disconnect from localhost[127.0.0.1] ehlo=1 mail=1 rcpt=1 data=1 quit=1 commands=5
Feb  2 03:11:29 mail postfix/qmgr[2026]: 4DV8wd3BKmz1wF4: from=<do-not-reply@oneidnet.com>, size=5215, nrcpt=1 (queue active)
Feb  2 03:11:29 mail postfix/10025/smtpd[1549482]: disconnect from localhost[127.0.0.1] ehlo=1 mail=1 rcpt=1 data=1 quit=1 commands=5
Feb  2 03:11:29 mail amavis[1485068]: (1485068-04) Passed CLEAN {RelayedInternal}, ORIGINATING LOCAL [197.153.132.127]:56653 [197.153.132.127] ESMTP/ESMTP <do-not-reply@oneidnet.com> -> <kodza4day@inbox.lv>, (ESMTPSA://[197.153.132.127]:56653), Queue-ID: 4DV8wc5f6Qz1wG4, Message-ID: <20210202041123.9A8FD2DD0437FB05@oneidnet.com>, mail_id: wQFCrXmWyrtb, b: StvsfuCc8, Hits: -0.273, size: 4034, queued_as: 4DV8wd3CYNz25KG, Subject: " FedEx Shipment Notification : 384789299 (raw: =?UTF-8?B?4pyIIEZlZEV4IFNoaXBtZW50IE5vdGlmaWNhdGlvbiA6IDM4NDc4OTI5OQ==?=)", From: <do-not-reply@oneidnet.com>, helo=oneidnet.com, Tests: [ALL_TRUSTED=-1,HTML_IMAGE_ONLY_32=0.001,HTML_MESSAGE=0.001,MPART_ALT_DIFF=0.724,URIBL_BLOCKED=0.001], autolearn=no autolearn_force=no, autolearnscore=0.726, dkim_new=dkim:oneidnet.com, 316 ms
Feb  2 03:11:29 mail amavis[1485067]: (1485067-04) Passed CLEAN {RelayedInternal}, ORIGINATING LOCAL [197.153.132.127]:56655 [197.153.132.127] ESMTP/ESMTP <do-not-reply@oneidnet.com> -> <sendbrag@sapo.pt>, (ESMTPSA://[197.153.132.127]:56655), Queue-ID: 4DV8wc5VRfz1wCZ, Message-ID: <20210202041123.B117EE6C9A5D0077@oneidnet.com>, mail_id: eOt5Ovh-68fi, b: VnNAOM_xu, Hits: -0.273, size: 4026, queued_as: 4DV8wd3BKmz1wF4, Subject: " FedEx Shipment Notification : 384789299 (raw: =?UTF-8?B?4pyIIEZlZEV4IFNoaXBtZW50IE5vdGlmaWNhdGlvbiA6IDM4NDc4OTI5OQ==?=)", From: <do-not-reply@oneidnet.com>, helo=oneidnet.com, Tests: [ALL_TRUSTED=-1,HTML_IMAGE_ONLY_32=0.001,HTML_MESSAGE=0.001,MPART_ALT_DIFF=0.724,URIBL_BLOCKED=0.001], autolearn=no autolearn_force=no, autolearnscore=0.726, dkim_new=dkim:oneidnet.com, 364 ms
Feb  2 03:11:29 mail postfix/qmgr[2026]: 4DV8wd3CYNz25KG: from=<do-not-reply@oneidnet.com>, size=5227, nrcpt=1 (queue active)
Feb  2 03:11:29 mail postfix/amavis/smtp[1549473]: 4DV8wc5f6Qz1wG4: to=<kodza4day@inbox.lv>, relay=127.0.0.1[127.0.0.1]:10026, delay=0.82, delays=0.47/0.02/0/0.32, dsn=2.0.0, status=sent (250 2.0.0 from MTA(smtp:[127.0.0.1]:10025): 250 2.0.0 Ok: queued as 4DV8wd3CYNz25KG)
Feb  2 03:11:29 mail postfix/qmgr[2026]: 4DV8wc5f6Qz1wG4: removed
Feb  2 03:11:29 mail postfix/amavis/smtp[1549470]: 4DV8wc5VRfz1wCZ: to=<sendbrag@sapo.pt>, relay=127.0.0.1[127.0.0.1]:10026, delay=0.83, delays=0.44/0.01/0/0.37, dsn=2.0.0, status=sent (250 2.0.0 from MTA(smtp:[127.0.0.1]:10025): 250 2.0.0 Ok: queued as 4DV8wd3BKmz1wF4)
Feb  2 03:11:29 mail postfix/qmgr[2026]: 4DV8wc5VRfz1wCZ: removed
Feb  2 03:11:30 mail postfix/smtp[1549485]: Trusted TLS connection established to eur.olc.protection.outlook.com[104.47.18.225]:25: TLSv1.2 with cipher ECDHE-RSA-AES256-GCM-SHA384 (256/256 bits)
Feb  2 03:11:30 mail postfix/smtp[1549486]: Trusted TLS connection established to mx.ptmail.sapo.pt[212.55.154.36]:25: TLSv1.2 with cipher AES256-GCM-SHA384 (256/256 bits)
Feb  2 03:11:30 mail postfix/smtp[1549485]: 4DV8wd32Qmz1wG6: to=<wawawa@live.fr>, relay=eur.olc.protection.outlook.com[104.47.18.225]:25, delay=1.3, delays=0.01/0.04/0.73/0.54, dsn=2.6.0, status=sent (250 2.6.0 <20210202041123.F685D1A9ED1A7D13@oneidnet.com> [InternalId=33616709037126, Hostname=VI1EUR06HT178.eop-eur06.prod.protection.outlook.com] 12339 bytes in 0.203, 59.252 KB/sec Queued mail for delivery -> 250 2.1.5)
Feb  2 03:11:30 mail postfix/qmgr[2026]: 4DV8wd32Qmz1wG6: removed
Feb  2 03:11:31 mail postfix/smtp[1549486]: 4DV8wd3BKmz1wF4: to=<sendbrag@sapo.pt>, relay=mx.ptmail.sapo.pt[212.55.154.36]:25, delay=2.1, delays=0.02/0.02/1.2/0.85, dsn=2.0.0, status=sent (250 ok 1612235491 qp 32603)
Feb  2 03:11:31 mail postfix/qmgr[2026]: 4DV8wd3BKmz1wF4: removed
Feb  2 03:11:32 mail postfix/smtp[1549487]: Trusted TLS connection established to mx2.inbox.lv[194.152.32.75]:25: TLSv1.3 with cipher TLS_AES_256_GCM_SHA384 (256/256 bits) key-exchange X25519 server-signature RSA-PSS (2048 bits) server-digest SHA256
Feb  2 03:11:32 mail postfix/smtp[1549487]: 4DV8wd3CYNz25KG: to=<kodza4day@inbox.lv>, relay=mx2.inbox.lv[194.152.32.75]:25, delay=3.5, delays=0.02/0.02/3.2/0.29, dsn=2.0.0, status=sent (250 2.0.0 Ok: queued as CBE3888057A)
Feb  2 03:11:32 mail postfix/qmgr[2026]: 4DV8wd3CYNz25KG: removed
Feb  2 03:14:49 mail postfix/anvil[1549406]: statistics: max connection rate 9/60s for (submission:197.153.132.127) at Feb  2 03:11:27
Feb  2 03:14:49 mail postfix/anvil[1549406]: statistics: max connection count 3 for (submission:197.153.132.127) at Feb  2 03:11:04
Feb  2 03:14:49 mail postfix/anvil[1549406]: statistics: max cache size 1 at Feb  2 03:10:47
Feb  2 03:17:30 mail postfix/submission/smtpd[1549773]: connect from unknown[197.153.132.127]
Feb  2 03:17:31 mail postfix/submission/smtpd[1549773]: Anonymous TLS connection established from unknown[197.153.132.127]: TLSv1 with cipher ECDHE-RSA-AES256-SHA (256/256 bits)
Feb  2 03:17:31 mail postfix/submission/smtpd[1549773]: disconnect from unknown[197.153.132.127] ehlo=2 starttls=1 auth=1 quit=1 commands=5
Feb  2 03:20:51 mail postfix/anvil[1549775]: statistics: max connection rate 1/60s for (submission:197.153.132.127) at Feb  2 03:17:30
Feb  2 03:20:51 mail postfix/anvil[1549775]: statistics: max connection count 1 for (submission:197.153.132.127) at Feb  2 03:17:30
Feb  2 03:20:51 mail postfix/anvil[1549775]: statistics: max cache size 1 at Feb  2 03:17:30
Feb  2 03:30:01 mail postfix/pickup[1548775]: 4DV9L15cTYz1wF4: uid=0 from=<root>
Feb  2 03:30:01 mail postfix/cleanup[1550494]: 4DV9L15cTYz1wF4: message-id=<4DV9L15cTYz1wF4@mail.oneidnet.com>
Feb  2 03:30:01 mail postfix/qmgr[2026]: 4DV9L15cTYz1wF4: from=<root@mail.oneidnet.com>, size=1254, nrcpt=1 (queue active)
Feb  2 03:30:01 mail amavis[1485069]: (1485069-04) NOTICE: reconnecting in response to: err=2006, HY000, DBD::mysql::st execute failed: MySQL server has gone away at (eval 108) line 173.
Feb  2 03:30:02 mail postfix/10025/smtpd[1550500]: connect from localhost[127.0.0.1]
Feb  2 03:30:02 mail postfix/10025/smtpd[1550500]: 4DV9L20YRHz1wCZ: client=localhost[127.0.0.1]
Feb  2 03:30:02 mail postfix/cleanup[1550494]: 4DV9L20YRHz1wCZ: message-id=<4DV9L15cTYz1wF4@mail.oneidnet.com>
Feb  2 03:30:02 mail postfix/qmgr[2026]: 4DV9L20YRHz1wCZ: from=<root@mail.oneidnet.com>, size=2582, nrcpt=1 (queue active)
Feb  2 03:30:02 mail postfix/10025/smtpd[1550500]: disconnect from localhost[127.0.0.1] ehlo=1 mail=1 rcpt=1 data=1 quit=1 commands=5
Feb  2 03:30:02 mail amavis[1485069]: (1485069-04) Passed CLEAN {RelayedInternal}, ORIGINATING LOCAL [127.0.0.1] /ESMTP <root@mail.oneidnet.com> -> <root@mail.oneidnet.com>, (), Message-ID: <4DV9L15cTYz1wF4@mail.oneidnet.com>, mail_id: v285M_7zk6Sv, b: Y4yWRSypy, Hits: 0, size: 1330, queued_as: 4DV9L20YRHz1wCZ, Subject: "Cron <root@mail> /bin/bash /var/vmail/backup/backup_mysql.sh", From: <root@mail.oneidnet.com>, helo=, Tests: [NO_RELAYS=-0.001,TVD_SPACE_RATIO=0.001], autolearn=ham autolearn_force=no, autolearnscore=0.001, dkim_new=dkim:oneidnet.com, 272 ms
Feb  2 03:30:02 mail postfix/amavis/smtp[1550497]: 4DV9L15cTYz1wF4: to=<root@mail.oneidnet.com>, orig_to=<root>, relay=127.0.0.1[127.0.0.1]:10026, delay=0.32, delays=0.03/0.01/0/0.28, dsn=2.0.0, status=sent (250 2.0.0 from MTA(smtp:[127.0.0.1]:10025): 250 2.0.0 Ok: queued as 4DV9L20YRHz1wCZ)
Feb  2 03:30:02 mail postfix/qmgr[2026]: 4DV9L15cTYz1wF4: removed
Feb  2 03:30:02 mail postfix/cleanup[1550494]: 4DV9L20jgRz1wF4: message-id=<4DV9L15cTYz1wF4@mail.oneidnet.com>
Feb  2 03:30:02 mail postfix/qmgr[2026]: 4DV9L20jgRz1wF4: from=<root@mail.oneidnet.com>, size=2722, nrcpt=1 (queue active)
Feb  2 03:30:02 mail postfix/local[1550502]: 4DV9L20YRHz1wCZ: to=<root@mail.oneidnet.com>, relay=local, delay=0.03, delays=0.01/0.01/0/0.01, dsn=2.0.0, status=sent (forwarded as 4DV9L20jgRz1wF4)
Feb  2 03:30:02 mail postfix/qmgr[2026]: 4DV9L20YRHz1wCZ: removed
Feb  2 03:30:02 mail postfix/pipe[1550504]: 4DV9L20jgRz1wF4: to=<postmaster@oneidnet.com>, orig_to=<root@mail.oneidnet.com>, relay=dovecot, delay=0.1, delays=0/0.01/0/0.09, dsn=2.0.0, status=sent (delivered via dovecot service)
Feb  2 03:30:02 mail postfix/qmgr[2026]: 4DV9L20jgRz1wF4: removed
Feb  2 03:44:19 mail postfix/qmgr[2026]: 4DT0tL5Qhbz24lB: from=<do-not-reply@oneidnet.com>, size=12512, nrcpt=1 (queue active)
Feb  2 03:44:19 mail postfix/smtp[1551250]: Trusted TLS connection established to gmail-smtp-in.l.google.com[173.194.207.27]:25: TLSv1.3 with cipher TLS_AES_256_GCM_SHA384 (256/256 bits) key-exchange X25519 server-signature ECDSA (P-256) server-digest SHA256
Feb  2 03:44:19 mail postfix/smtp[1551250]: 4DT0tL5Qhbz24lB: host gmail-smtp-in.l.google.com[173.194.207.27] said: 452-4.2.2 The email account that you tried to reach is over quota. Please direct 452-4.2.2 the recipient to 452 4.2.2  https://support.google.com/mail/?p=OverQuotaTemp b16si9332640qte.211 - gsmtp (in reply to RCPT TO command)
Feb  2 03:44:19 mail postfix/smtp[1551250]: connect to gmail-smtp-in.l.google.com[2607:f8b0:400d:c04::1b]:25: Network is unreachable
Feb  2 03:44:19 mail postfix/smtp[1551250]: connect to alt1.gmail-smtp-in.l.google.com[2800:3f0:4003:c00::1a]:25: Network is unreachable
Feb  2 03:44:20 mail postfix/smtp[1551250]: Trusted TLS connection established to alt1.gmail-smtp-in.l.google.com[64.233.186.27]:25: TLSv1.3 with cipher TLS_AES_256_GCM_SHA384 (256/256 bits) key-exchange X25519 server-signature ECDSA (P-256) server-digest SHA256
Feb  2 03:44:21 mail postfix/smtp[1551250]: 4DT0tL5Qhbz24lB: to=<sonimitesh805@gmail.com>, relay=alt1.gmail-smtp-in.l.google.com[64.233.186.27]:25, delay=164330, delays=164328/0.02/1.6/0.34, dsn=4.2.2, status=deferred (host alt1.gmail-smtp-in.l.google.com[64.233.186.27] said: 452-4.2.2 The email account that you tried to reach is over quota. Please direct 452-4.2.2 the recipient to 452 4.2.2  https://support.google.com/mail/?p=OverQuotaTemp u35si4214656qtb.198 - gsmtp (in reply to RCPT TO command))
Feb  2 03:59:13 mail postfix/submission/smtpd[1551959]: connect from unknown[41.142.47.107]
Feb  2 03:59:14 mail postfix/submission/smtpd[1551959]: lost connection after EHLO from unknown[41.142.47.107]
Feb  2 03:59:14 mail postfix/submission/smtpd[1551959]: disconnect from unknown[41.142.47.107] ehlo=1 auth=0/1 commands=1/2
Feb  2 03:59:15 mail postfix/submission/smtpd[1551959]: connect from unknown[41.142.47.107]
Feb  2 03:59:16 mail postfix/submission/smtpd[1551959]: lost connection after EHLO from unknown[41.142.47.107]
Feb  2 03:59:16 mail postfix/submission/smtpd[1551959]: disconnect from unknown[41.142.47.107] ehlo=1 auth=0/1 commands=1/2
Feb  2 03:59:16 mail postfix/submission/smtpd[1551959]: connect from unknown[41.142.47.107]
Feb  2 03:59:18 mail postfix/submission/smtpd[1551959]: lost connection after EHLO from unknown[41.142.47.107]
Feb  2 03:59:18 mail postfix/submission/smtpd[1551959]: disconnect from unknown[41.142.47.107] ehlo=1 auth=0/1 commands=1/2
Feb  2 03:59:32 mail postfix/submission/smtpd[1551959]: connect from unknown[41.142.47.107]
Feb  2 03:59:33 mail postfix/submission/smtpd[1551959]: Anonymous TLS connection established from unknown[41.142.47.107]: TLSv1 with cipher AES128-SHA (128/128 bits)
Feb  2 03:59:34 mail postfix/submission/smtpd[1551959]: warning: unknown[41.142.47.107]: SASL CRAM-MD5 authentication failed: Invalid authentication mechanism
Feb  2 03:59:35 mail postfix/submission/smtpd[1551959]: lost connection after AUTH from unknown[41.142.47.107]
Feb  2 03:59:35 mail postfix/submission/smtpd[1551959]: disconnect from unknown[41.142.47.107] ehlo=2 starttls=1 auth=0/1 commands=3/4
Feb  2 03:59:44 mail postfix/submission/smtpd[1551959]: connect from unknown[41.142.47.107]
Feb  2 03:59:45 mail postfix/submission/smtpd[1551959]: Anonymous TLS connection established from unknown[41.142.47.107]: TLSv1 with cipher AES128-SHA (128/128 bits)
Feb  2 03:59:47 mail postfix/submission/smtpd[1551959]: disconnect from unknown[41.142.47.107] ehlo=2 starttls=1 auth=1 quit=1 commands=5
Feb  2 04:00:03 mail postfix/submission/smtpd[1551959]: connect from unknown[41.142.47.107]
Feb  2 04:00:41 mail postfix/submission/smtpd[1551959]: Anonymous TLS connection established from unknown[41.142.47.107]: TLSv1 with cipher DHE-RSA-AES256-SHA (256/256 bits)
Feb  2 04:00:41 mail postfix/submission/smtpd[1551959]: warning: unknown[41.142.47.107]: SASL CRAM-MD5 authentication failed: Invalid authentication mechanism
Feb  2 04:00:42 mail postfix/submission/smtpd[1552032]: connect from unknown[41.142.47.107]
Feb  2 04:00:42 mail postfix/submission/smtpd[1551959]: lost connection after AUTH from unknown[41.142.47.107]
Feb  2 04:00:42 mail postfix/submission/smtpd[1551959]: disconnect from unknown[41.142.47.107] ehlo=2 starttls=1 auth=0/1 commands=3/4
Feb  2 04:00:43 mail postfix/submission/smtpd[1552032]: Anonymous TLS connection established from unknown[41.142.47.107]: TLSv1 with cipher DHE-RSA-AES256-SHA (256/256 bits)
Feb  2 04:00:45 mail postfix/submission/smtpd[1552032]: disconnect from unknown[41.142.47.107] ehlo=2 starttls=1 auth=1 quit=1 commands=5
Feb  2 04:00:47 mail postfix/submission/smtpd[1551959]: connect from unknown[41.142.47.107]
Feb  2 04:00:47 mail postfix/submission/smtpd[1552032]: connect from unknown[41.142.47.107]
Feb  2 04:00:47 mail postfix/submission/smtpd[1552035]: connect from unknown[41.142.47.107]
Feb  2 04:00:48 mail postfix/submission/smtpd[1552037]: connect from unknown[41.142.47.107]
Feb  2 04:00:49 mail postfix/submission/smtpd[1551959]: Anonymous TLS connection established from unknown[41.142.47.107]: TLSv1 with cipher DHE-RSA-AES256-SHA (256/256 bits)
Feb  2 04:00:49 mail postfix/submission/smtpd[1552032]: Anonymous TLS connection established from unknown[41.142.47.107]: TLSv1 with cipher DHE-RSA-AES256-SHA (256/256 bits)
Feb  2 04:00:50 mail postfix/submission/smtpd[1552035]: Anonymous TLS connection established from unknown[41.142.47.107]: TLSv1 with cipher DHE-RSA-AES256-SHA (256/256 bits)
Feb  2 04:00:54 mail postfix/submission/smtpd[1552037]: Anonymous TLS connection established from unknown[41.142.47.107]: TLSv1 with cipher DHE-RSA-AES256-SHA (256/256 bits)
Feb  2 04:00:55 mail postfix/submission/smtpd[1552032]: 4DVB1g1g8sz1w2f: client=unknown[41.142.47.107], sasl_method=LOGIN, sasl_username=do-not-reply@oneidnet.com
Feb  2 04:00:56 mail postfix/submission/smtpd[1552035]: 4DVB1h5jvTz1wDJ: client=unknown[41.142.47.107], sasl_method=LOGIN, sasl_username=do-not-reply@oneidnet.com
Feb  2 04:00:57 mail postfix/submission/smtpd[1552037]: 4DVB1j1MF4z1wF4: client=unknown[41.142.47.107], sasl_method=LOGIN, sasl_username=do-not-reply@oneidnet.com
Feb  2 04:00:58 mail postfix/cleanup[1552042]: 4DVB1g1g8sz1w2f: message-id=<2580350354352484525417@inconue-PC>
Feb  2 04:00:58 mail postfix/submission/smtpd[1551959]: 4DVB1k637jz1wG4: client=unknown[41.142.47.107], sasl_method=LOGIN, sasl_username=do-not-reply@oneidnet.com
Feb  2 04:01:00 mail postfix/cleanup[1552049]: 4DVB1k637jz1wG4: message-id=<2580350354352121315089@inconue-PC>
Feb  2 04:01:01 mail postfix/cleanup[1552048]: 4DVB1j1MF4z1wF4: message-id=<25803503543521764029294@inconue-PC>
Feb  2 04:01:02 mail postfix/qmgr[2026]: 4DVB1g1g8sz1w2f: from=<do-not-reply@oneidnet.com>, size=37142, nrcpt=1 (queue active)
Feb  2 04:01:02 mail postfix/pickup[1548775]: 4DVB1p1RvFz22B9: uid=0 from=<root>
Feb  2 04:01:02 mail postfix/cleanup[1552042]: 4DVB1p1RvFz22B9: message-id=<4DVB1p1RvFz22B9@mail.oneidnet.com>
Feb  2 04:01:02 mail postfix/qmgr[2026]: 4DVB1p1RvFz22B9: from=<root@mail.oneidnet.com>, size=721, nrcpt=1 (queue active)
Feb  2 04:01:02 mail postfix/10025/smtpd[1552105]: connect from localhost[127.0.0.1]
Feb  2 04:01:02 mail postfix/10025/smtpd[1552105]: 4DVB1p33ZPz1wG6: client=localhost[127.0.0.1]
Feb  2 04:01:02 mail postfix/cleanup[1552042]: 4DVB1p33ZPz1wG6: message-id=<2580350354352484525417@inconue-PC>
Feb  2 04:01:02 mail postfix/qmgr[2026]: 4DVB1p33ZPz1wG6: from=<do-not-reply@oneidnet.com>, size=38760, nrcpt=1 (queue active)
Feb  2 04:01:02 mail postfix/10025/smtpd[1552105]: disconnect from localhost[127.0.0.1] ehlo=1 mail=1 rcpt=1 data=1 quit=1 commands=5
Feb  2 04:01:02 mail amavis[1485070]: (1485070-04) Passed CLEAN {RelayedInternal}, ORIGINATING LOCAL [41.142.47.107]:15980 [41.142.47.107] ESMTP/ESMTP <do-not-reply@oneidnet.com> -> <mamaip2@hotmail.com>, (ESMTPSA://[41.142.47.107]:15980), Queue-ID: 4DVB1g1g8sz1w2f, Message-ID: <2580350354352484525417@inconue-pc>, mail_id: 419CMLfASwNd, b: ld9O1QAPs, Hits: 3.162, size: 37142, queued_as: 4DVB1p33ZPz1wG6, Subject: "- Use materials provided -", From: <do-not-reply@oneidnet.com>, X-Mailer: Smart_Send_3_1_6, helo=41.142.47.107, Tests: [ALL_TRUSTED=-1,HTML_MESSAGE=0.001,MIME_HTML_ONLY=0.1,TVD_RCVD_IP4=0.001,TVD_RCVD_IP=0.001,T_KAM_HTML_FONT_INVALID=0.01,URIBL_ABUSE_SURBL=1.948,URIBL_BLOCKED=0.001,URIBL_DBL_ABUSE_SPAM=2,URIBL_SBL_A=0.1], autolearn=no autolearn_force=no, autolearnscore=4.161, dkim_new=dkim:oneidnet.com, 375 ms
Feb  2 04:01:02 mail postfix/amavis/smtp[1552092]: 4DVB1g1g8sz1w2f: to=<mamaip2@hotmail.com>, relay=127.0.0.1[127.0.0.1]:10026, delay=8.4, delays=8/0.02/0/0.38, dsn=2.0.0, status=sent (250 2.0.0 from MTA(smtp:[127.0.0.1]:10025): 250 2.0.0 Ok: queued as 4DVB1p33ZPz1wG6)
Feb  2 04:01:02 mail postfix/qmgr[2026]: 4DVB1g1g8sz1w2f: removed
Feb  2 04:01:02 mail postfix/smtp[1552106]: Trusted TLS connection established to hotmail-com.olc.protection.outlook.com[104.47.44.33]:25: TLSv1.2 with cipher ECDHE-RSA-AES256-GCM-SHA384 (256/256 bits)
Feb  2 04:01:02 mail postfix/10025/smtpd[1552105]: connect from localhost[127.0.0.1]
Feb  2 04:01:02 mail postfix/10025/smtpd[1552105]: 4DVB1p5GKZz1w2f: client=localhost[127.0.0.1]
Feb  2 04:01:02 mail postfix/cleanup[1552042]: 4DVB1p5GKZz1w2f: message-id=<4DVB1p1RvFz22B9@mail.oneidnet.com>
Feb  2 04:01:02 mail postfix/qmgr[2026]: 4DVB1p5GKZz1w2f: from=<root@mail.oneidnet.com>, size=1988, nrcpt=1 (queue active)
Feb  2 04:01:02 mail postfix/10025/smtpd[1552105]: disconnect from localhost[127.0.0.1] ehlo=1 mail=1 rcpt=1 data=1 quit=1 commands=5
Feb  2 04:01:02 mail amavis[1485068]: (1485068-05) Passed CLEAN {RelayedInternal}, ORIGINATING LOCAL [127.0.0.1] /ESMTP <root@mail.oneidnet.com> -> <root@mail.oneidnet.com>, (), Message-ID: <4DVB1p1RvFz22B9@mail.oneidnet.com>, mail_id: pqoyRBTGtHJi, b: KxjKUdAPf, Hits: -0.001, size: 736, queued_as: 4DVB1p5GKZz1w2f, Subject: "Cron <root@mail> /bin/bash /var/vmail/backup/backup_sogo.sh", From: <root@mail.oneidnet.com>, helo=, Tests: [NO_RELAYS=-0.001], autolearn=ham autolearn_force=no, autolearnscore=0, dkim_new=dkim:oneidnet.com, 527 ms
Feb  2 04:01:02 mail postfix/cleanup[1552042]: 4DVB1p5NLbz22B8: message-id=<4DVB1p1RvFz22B9@mail.oneidnet.com>
Feb  2 04:01:02 mail postfix/qmgr[2026]: 4DVB1p5NLbz22B8: from=<root@mail.oneidnet.com>, size=2128, nrcpt=1 (queue active)
Feb  2 04:01:02 mail postfix/amavis/smtp[1552103]: 4DVB1p1RvFz22B9: to=<root@mail.oneidnet.com>, orig_to=<root>, relay=127.0.0.1[127.0.0.1]:10026, delay=0.56, delays=0.01/0.02/0/0.53, dsn=2.0.0, status=sent (250 2.0.0 from MTA(smtp:[127.0.0.1]:10025): 250 2.0.0 Ok: queued as 4DVB1p5GKZz1w2f)
Feb  2 04:01:02 mail postfix/qmgr[2026]: 4DVB1p1RvFz22B9: removed
Feb  2 04:01:02 mail postfix/local[1552107]: 4DVB1p5GKZz1w2f: to=<root@mail.oneidnet.com>, relay=local, delay=0.03, delays=0.01/0.01/0/0.01, dsn=2.0.0, status=sent (forwarded as 4DVB1p5NLbz22B8)
Feb  2 04:01:02 mail postfix/qmgr[2026]: 4DVB1p5GKZz1w2f: removed
Feb  2 04:01:02 mail postfix/pipe[1552108]: 4DVB1p5NLbz22B8: to=<postmaster@oneidnet.com>, orig_to=<root@mail.oneidnet.com>, relay=dovecot, delay=0.06, delays=0/0.01/0/0.05, dsn=2.0.0, status=sent (delivered via dovecot service)
Feb  2 04:01:02 mail postfix/qmgr[2026]: 4DVB1p5NLbz22B8: removed
Feb  2 04:01:02 mail postfix/qmgr[2026]: 4DVB1j1MF4z1wF4: from=<do-not-reply@oneidnet.com>, size=37139, nrcpt=1 (queue active)
Feb  2 04:01:03 mail postfix/submission/smtpd[1552032]: disconnect from unknown[41.142.47.107] ehlo=2 starttls=1 auth=1 mail=1 rcpt=1 data=1 quit=1 commands=8
Feb  2 04:01:03 mail postfix/10025/smtpd[1552105]: connect from localhost[127.0.0.1]
Feb  2 04:01:03 mail postfix/10025/smtpd[1552105]: 4DVB1q17YSz22B8: client=localhost[127.0.0.1]
Feb  2 04:01:03 mail postfix/cleanup[1552042]: 4DVB1q17YSz22B8: message-id=<25803503543521764029294@inconue-PC>
Feb  2 04:01:03 mail postfix/qmgr[2026]: 4DVB1q17YSz22B8: from=<do-not-reply@oneidnet.com>, size=38753, nrcpt=1 (queue active)
Feb  2 04:01:03 mail postfix/10025/smtpd[1552105]: disconnect from localhost[127.0.0.1] ehlo=1 mail=1 rcpt=1 data=1 quit=1 commands=5
Feb  2 04:01:03 mail amavis[1485067]: (1485067-05) Passed CLEAN {RelayedInternal}, ORIGINATING LOCAL [41.142.47.107]:15978 [41.142.47.107] ESMTP/ESMTP <do-not-reply@oneidnet.com> -> <mama.ip@yahoo.com>, (ESMTPSA://[41.142.47.107]:15978), Queue-ID: 4DVB1j1MF4z1wF4, Message-ID: <25803503543521764029294@inconue-pc>, mail_id: ZaUaS-4TiC59, b: ld9O1QAPs, Hits: 3.162, size: 37139, queued_as: 4DVB1q17YSz22B8, Subject: "- Use materials provided -", From: <do-not-reply@oneidnet.com>, X-Mailer: Smart_Send_3_1_6, helo=41.142.47.107, Tests: [ALL_TRUSTED=-1,HTML_MESSAGE=0.001,MIME_HTML_ONLY=0.1,TVD_RCVD_IP4=0.001,TVD_RCVD_IP=0.001,T_KAM_HTML_FONT_INVALID=0.01,URIBL_ABUSE_SURBL=1.948,URIBL_BLOCKED=0.001,URIBL_DBL_ABUSE_SPAM=2,URIBL_SBL_A=0.1], autolearn=no autolearn_force=no, autolearnscore=4.161, dkim_new=dkim:oneidnet.com, 248 ms
Feb  2 04:01:03 mail postfix/amavis/smtp[1552092]: 4DVB1j1MF4z1wF4: to=<mama.ip@yahoo.com>, relay=127.0.0.1[127.0.0.1]:10026, delay=7, delays=6.7/0/0/0.25, dsn=2.0.0, status=sent (250 2.0.0 from MTA(smtp:[127.0.0.1]:10025): 250 2.0.0 Ok: queued as 4DVB1q17YSz22B8)
Feb  2 04:01:03 mail postfix/qmgr[2026]: 4DVB1j1MF4z1wF4: removed
Feb  2 04:01:03 mail postfix/submission/smtpd[1552037]: disconnect from unknown[41.142.47.107] ehlo=2 starttls=1 auth=1 mail=1 rcpt=1 data=1 quit=1 commands=8
Feb  2 04:01:03 mail postfix/smtp[1552106]: 4DVB1p33ZPz1wG6: to=<mamaip2@hotmail.com>, relay=hotmail-com.olc.protection.outlook.com[104.47.44.33]:25, delay=0.81, delays=0.01/0.01/0.28/0.52, dsn=2.6.0, status=sent (250 2.6.0 <2580350354352484525417@inconue-PC> [InternalId=109753594282152, Hostname=SN1NAM04HT207.eop-NAM04.prod.protection.outlook.com] 46013 bytes in 0.299, 149.877 KB/sec Queued mail for delivery -> 250 2.1.5)
Feb  2 04:01:03 mail postfix/qmgr[2026]: 4DVB1p33ZPz1wG6: removed
Feb  2 04:01:03 mail postfix/smtp[1552113]: Trusted TLS connection established to mta7.am0.yahoodns.net[98.136.96.75]:25: TLSv1.2 with cipher ECDHE-RSA-AES128-GCM-SHA256 (128/128 bits)
Feb  2 04:01:04 mail postfix/cleanup[1552046]: 4DVB1h5jvTz1wDJ: message-id=<25803503543521066613183@inconue-PC>
Feb  2 04:01:04 mail postfix/smtp[1552113]: 4DVB1q17YSz22B8: to=<mama.ip@yahoo.com>, relay=mta7.am0.yahoodns.net[98.136.96.75]:25, delay=1.7, delays=0.01/0.01/0.3/1.4, dsn=2.0.0, status=sent (250 ok dirdel)
Feb  2 04:01:04 mail postfix/qmgr[2026]: 4DVB1q17YSz22B8: removed
Feb  2 04:01:06 mail postfix/qmgr[2026]: 4DVB1k637jz1wG4: from=<do-not-reply@oneidnet.com>, size=37144, nrcpt=1 (queue active)
Feb  2 04:01:06 mail postfix/10025/smtpd[1552105]: connect from localhost[127.0.0.1]
Feb  2 04:01:06 mail postfix/10025/smtpd[1552105]: 4DVB1t6RCNz1wF4: client=localhost[127.0.0.1]
Feb  2 04:01:06 mail postfix/cleanup[1552048]: 4DVB1t6RCNz1wF4: message-id=<2580350354352121315089@inconue-PC>
Feb  2 04:01:06 mail postfix/qmgr[2026]: 4DVB1t6RCNz1wF4: from=<do-not-reply@oneidnet.com>, size=38764, nrcpt=1 (queue active)
Feb  2 04:01:06 mail postfix/10025/smtpd[1552105]: disconnect from localhost[127.0.0.1] ehlo=1 mail=1 rcpt=1 data=1 quit=1 commands=5
Feb  2 04:01:06 mail amavis[1485069]: (1485069-05) Passed CLEAN {RelayedInternal}, ORIGINATING LOCAL [41.142.47.107]:15979 [41.142.47.107] ESMTP/ESMTP <do-not-reply@oneidnet.com> -> <mamaip110@outlook.fr>, (ESMTPSA://[41.142.47.107]:15979), Queue-ID: 4DVB1k637jz1wG4, Message-ID: <2580350354352121315089@inconue-pc>, mail_id: O8Z43N8_XhnC, b: ld9O1QAPs, Hits: 3.162, size: 37144, queued_as: 4DVB1t6RCNz1wF4, Subject: "- Use materials provided -", From: <do-not-reply@oneidnet.com>, X-Mailer: Smart_Send_3_1_6, helo=41.142.47.107, Tests: [ALL_TRUSTED=-1,HTML_MESSAGE=0.001,MIME_HTML_ONLY=0.1,TVD_RCVD_IP4=0.001,TVD_RCVD_IP=0.001,T_KAM_HTML_FONT_INVALID=0.01,URIBL_ABUSE_SURBL=1.948,URIBL_BLOCKED=0.001,URIBL_DBL_ABUSE_SPAM=2,URIBL_SBL_A=0.1], autolearn=no autolearn_force=no, autolearnscore=4.161, dkim_new=dkim:oneidnet.com, 172 ms
Feb  2 04:01:06 mail postfix/amavis/smtp[1552103]: 4DVB1k637jz1wG4: to=<mamaip110@outlook.fr>, relay=127.0.0.1[127.0.0.1]:10026, delay=8.3, delays=8.2/0/0/0.18, dsn=2.0.0, status=sent (250 2.0.0 from MTA(smtp:[127.0.0.1]:10025): 250 2.0.0 Ok: queued as 4DVB1t6RCNz1wF4)
Feb  2 04:01:06 mail postfix/qmgr[2026]: 4DVB1k637jz1wG4: removed
Feb  2 04:01:06 mail postfix/submission/smtpd[1551959]: disconnect from unknown[41.142.47.107] ehlo=2 starttls=1 auth=1 mail=1 rcpt=1 data=1 quit=1 commands=8
Feb  2 04:01:07 mail postfix/smtp[1552106]: Trusted TLS connection established to eur.olc.protection.outlook.com[104.47.13.33]:25: TLSv1.2 with cipher ECDHE-RSA-AES256-GCM-SHA384 (256/256 bits)
Feb  2 04:01:08 mail postfix/smtp[1552106]: 4DVB1t6RCNz1wF4: to=<mamaip110@outlook.fr>, relay=eur.olc.protection.outlook.com[104.47.13.33]:25, delay=1.4, delays=0.01/0/0.82/0.6, dsn=2.6.0, status=sent (250 2.6.0 <2580350354352121315089@inconue-PC> [InternalId=113262582564354, Hostname=HE1EUR04HT039.eop-eur04.prod.protection.outlook.com] 46068 bytes in 0.165, 272.580 KB/sec Queued mail for delivery -> 250 2.1.5)
Feb  2 04:01:08 mail postfix/qmgr[2026]: 4DVB1t6RCNz1wF4: removed
Feb  2 04:01:21 mail postfix/qmgr[2026]: 4DVB1h5jvTz1wDJ: from=<do-not-reply@oneidnet.com>, size=37151, nrcpt=1 (queue active)
Feb  2 04:01:21 mail postfix/10025/smtpd[1552105]: connect from localhost[127.0.0.1]
Feb  2 04:01:21 mail postfix/10025/smtpd[1552105]: 4DVB291R10z1wF4: client=localhost[127.0.0.1]
Feb  2 04:01:21 mail postfix/cleanup[1552042]: 4DVB291R10z1wF4: message-id=<25803503543521066613183@inconue-PC>
Feb  2 04:01:21 mail postfix/10025/smtpd[1552105]: disconnect from localhost[127.0.0.1] ehlo=1 mail=1 rcpt=1 data=1 quit=1 commands=5
Feb  2 04:01:21 mail postfix/qmgr[2026]: 4DVB291R10z1wF4: from=<do-not-reply@oneidnet.com>, size=38777, nrcpt=1 (queue active)
Feb  2 04:01:21 mail amavis[1485070]: (1485070-05) Passed CLEAN {RelayedInternal}, ORIGINATING LOCAL [41.142.47.107]:15981 [41.142.47.107] ESMTP/ESMTP <do-not-reply@oneidnet.com> -> <yassintaza9@hotmail.com>, (ESMTPSA://[41.142.47.107]:15981), Queue-ID: 4DVB1h5jvTz1wDJ, Message-ID: <25803503543521066613183@inconue-pc>, mail_id: 6Xw_UVlHnJhz, b: ld9O1QAPs, Hits: 3.162, size: 37151, queued_as: 4DVB291R10z1wF4, Subject: "- Use materials provided -", From: <do-not-reply@oneidnet.com>, X-Mailer: Smart_Send_3_1_6, helo=41.142.47.107, Tests: [ALL_TRUSTED=-1,HTML_MESSAGE=0.001,MIME_HTML_ONLY=0.1,TVD_RCVD_IP4=0.001,TVD_RCVD_IP=0.001,T_KAM_HTML_FONT_INVALID=0.01,URIBL_ABUSE_SURBL=1.948,URIBL_BLOCKED=0.001,URIBL_DBL_ABUSE_SPAM=2,URIBL_SBL_A=0.1], autolearn=no autolearn_force=no, autolearnscore=4.161, dkim_new=dkim:oneidnet.com, 162 ms
Feb  2 04:01:21 mail postfix/amavis/smtp[1552092]: 4DVB1h5jvTz1wDJ: to=<yassintaza9@hotmail.com>, relay=127.0.0.1[127.0.0.1]:10026, delay=25, delays=25/0/0/0.17, dsn=2.0.0, status=sent (250 2.0.0 from MTA(smtp:[127.0.0.1]:10025): 250 2.0.0 Ok: queued as 4DVB291R10z1wF4)
Feb  2 04:01:21 mail postfix/qmgr[2026]: 4DVB1h5jvTz1wDJ: removed
Feb  2 04:01:21 mail postfix/submission/smtpd[1552035]: disconnect from unknown[41.142.47.107] ehlo=2 starttls=1 auth=1 mail=1 rcpt=1 data=1 quit=1 commands=8
Feb  2 04:01:21 mail postfix/smtp[1552113]: Trusted TLS connection established to hotmail-com.olc.protection.outlook.com[104.47.33.33]:25: TLSv1.2 with cipher ECDHE-RSA-AES256-GCM-SHA384 (256/256 bits)
Feb  2 04:01:21 mail postfix/smtp[1552113]: 4DVB291R10z1wF4: to=<yassintaza9@hotmail.com>, relay=hotmail-com.olc.protection.outlook.com[104.47.33.33]:25, delay=0.55, delays=0.01/0/0.15/0.4, dsn=2.6.0, status=sent (250 2.6.0 <25803503543521066613183@inconue-PC> [InternalId=56727928047007, Hostname=BN3NAM01HT164.eop-nam01.prod.protection.outlook.com] 46039 bytes in 0.240, 186.857 KB/sec Queued mail for delivery -> 250 2.1.5)
Feb  2 04:01:21 mail postfix/qmgr[2026]: 4DVB291R10z1wF4: removed
Feb  2 04:03:19 mail postfix/submission/smtpd[1552221]: connect from unknown[102.52.87.215]
Feb  2 04:03:31 mail postfix/submission/smtpd[1552221]: Anonymous TLS connection established from unknown[102.52.87.215]: TLSv1 with cipher DHE-RSA-AES256-SHA (256/256 bits)
Feb  2 04:03:32 mail postfix/submission/smtpd[1552221]: warning: unknown[102.52.87.215]: SASL CRAM-MD5 authentication failed: Invalid authentication mechanism
Feb  2 04:03:32 mail postfix/submission/smtpd[1552221]: lost connection after AUTH from unknown[102.52.87.215]
Feb  2 04:03:32 mail postfix/submission/smtpd[1552221]: disconnect from unknown[102.52.87.215] ehlo=2 starttls=1 auth=0/1 commands=3/4
Feb  2 04:03:32 mail postfix/submission/smtpd[1552221]: connect from unknown[102.52.87.215]
Feb  2 04:03:33 mail postfix/submission/smtpd[1552221]: Anonymous TLS connection established from unknown[102.52.87.215]: TLSv1 with cipher DHE-RSA-AES256-SHA (256/256 bits)
Feb  2 04:03:34 mail postfix/submission/smtpd[1552221]: disconnect from unknown[102.52.87.215] ehlo=2 starttls=1 auth=1 quit=1 commands=5
Feb  2 04:03:34 mail postfix/submission/smtpd[1552221]: connect from unknown[102.52.87.215]
Feb  2 04:03:34 mail postfix/submission/smtpd[1552230]: connect from unknown[102.52.87.215]
Feb  2 04:03:34 mail postfix/submission/smtpd[1552231]: connect from unknown[102.52.87.215]
Feb  2 04:03:34 mail postfix/submission/smtpd[1552232]: connect from unknown[102.52.87.215]
Feb  2 04:03:34 mail postfix/submission/smtpd[1552233]: connect from unknown[102.52.87.215]
Feb  2 04:03:34 mail postfix/submission/smtpd[1552234]: connect from unknown[102.52.87.215]
Feb  2 04:03:34 mail postfix/submission/smtpd[1552235]: connect from unknown[102.52.87.215]
Feb  2 04:03:34 mail postfix/submission/smtpd[1552236]: connect from unknown[102.52.87.215]
Feb  2 04:03:34 mail postfix/submission/smtpd[1552237]: connect from unknown[102.52.87.215]
Feb  2 04:03:34 mail postfix/submission/smtpd[1552238]: connect from unknown[102.52.87.215]
Feb  2 04:03:35 mail postfix/submission/smtpd[1552221]: Anonymous TLS connection established from unknown[102.52.87.215]: TLSv1 with cipher DHE-RSA-AES256-SHA (256/256 bits)
Feb  2 04:03:35 mail postfix/submission/smtpd[1552230]: Anonymous TLS connection established from unknown[102.52.87.215]: TLSv1 with cipher DHE-RSA-AES256-SHA (256/256 bits)
Feb  2 04:03:36 mail postfix/submission/smtpd[1552231]: Anonymous TLS connection established from unknown[102.52.87.215]: TLSv1 with cipher DHE-RSA-AES256-SHA (256/256 bits)
Feb  2 04:03:36 mail postfix/submission/smtpd[1552232]: Anonymous TLS connection established from unknown[102.52.87.215]: TLSv1 with cipher DHE-RSA-AES256-SHA (256/256 bits)
Feb  2 04:03:36 mail postfix/submission/smtpd[1552233]: Anonymous TLS connection established from unknown[102.52.87.215]: TLSv1 with cipher DHE-RSA-AES256-SHA (256/256 bits)
Feb  2 04:03:37 mail postfix/submission/smtpd[1552234]: Anonymous TLS connection established from unknown[102.52.87.215]: TLSv1 with cipher DHE-RSA-AES256-SHA (256/256 bits)
Feb  2 04:03:37 mail postfix/submission/smtpd[1552235]: Anonymous TLS connection established from unknown[102.52.87.215]: TLSv1 with cipher DHE-RSA-AES256-SHA (256/256 bits)
Feb  2 04:03:38 mail postfix/submission/smtpd[1552236]: Anonymous TLS connection established from unknown[102.52.87.215]: TLSv1 with cipher DHE-RSA-AES256-SHA (256/256 bits)
Feb  2 04:03:38 mail postfix/submission/smtpd[1552237]: Anonymous TLS connection established from unknown[102.52.87.215]: TLSv1 with cipher DHE-RSA-AES256-SHA (256/256 bits)
Feb  2 04:03:38 mail postfix/submission/smtpd[1552238]: Anonymous TLS connection established from unknown[102.52.87.215]: TLSv1 with cipher DHE-RSA-AES256-SHA (256/256 bits)
Feb  2 04:03:39 mail postfix/submission/smtpd[1552231]: 4DVB4q0FDsz1wDJ: client=unknown[102.52.87.215], sasl_method=LOGIN, sasl_username=do-not-reply@oneidnet.com
Feb  2 04:03:39 mail postfix/submission/smtpd[1552230]: 4DVB4q0LQYz1wF4: client=unknown[102.52.87.215], sasl_method=LOGIN, sasl_username=do-not-reply@oneidnet.com
Feb  2 04:03:39 mail postfix/submission/smtpd[1552232]: 4DVB4q1CQgz1wG4: client=unknown[102.52.87.215], sasl_method=LOGIN, sasl_username=do-not-reply@oneidnet.com
Feb  2 04:03:39 mail postfix/submission/smtpd[1552233]: 4DVB4q25fMz1wG6: client=unknown[102.52.87.215], sasl_method=LOGIN, sasl_username=do-not-reply@oneidnet.com
Feb  2 04:03:39 mail postfix/submission/smtpd[1552221]: 4DVB4q2HbJz22B8: client=unknown[102.52.87.215], sasl_method=LOGIN, sasl_username=do-not-reply@oneidnet.com
Feb  2 04:03:39 mail postfix/submission/smtpd[1552234]: 4DVB4q2Khjz22B9: client=unknown[102.52.87.215], sasl_method=LOGIN, sasl_username=do-not-reply@oneidnet.com
Feb  2 04:03:39 mail postfix/submission/smtpd[1552235]: 4DVB4q37Pcz24l2: client=unknown[102.52.87.215], sasl_method=LOGIN, sasl_username=do-not-reply@oneidnet.com
Feb  2 04:03:39 mail postfix/submission/smtpd[1552236]: 4DVB4q3MF5z25K9: client=unknown[102.52.87.215], sasl_method=LOGIN, sasl_username=do-not-reply@oneidnet.com
Feb  2 04:03:39 mail postfix/submission/smtpd[1552237]: 4DVB4q4S7Zz25KB: client=unknown[102.52.87.215], sasl_method=LOGIN, sasl_username=do-not-reply@oneidnet.com
Feb  2 04:03:39 mail postfix/cleanup[1552248]: 4DVB4q0FDsz1wDJ: message-id=<25803503543529012241@inconue-PC>
Feb  2 04:03:39 mail postfix/cleanup[1552250]: 4DVB4q0LQYz1wF4: message-id=<25803503543522375913847@inconue-PC>
Feb  2 04:03:39 mail postfix/submission/smtpd[1552238]: 4DVB4q5VDNz25KC: client=unknown[102.52.87.215], sasl_method=LOGIN, sasl_username=do-not-reply@oneidnet.com
Feb  2 04:03:39 mail postfix/cleanup[1552257]: 4DVB4q1CQgz1wG4: message-id=<25803503543522356522537@inconue-PC>
Feb  2 04:03:39 mail postfix/cleanup[1552258]: 4DVB4q25fMz1wG6: message-id=<25803503543521440629422@inconue-PC>
Feb  2 04:03:39 mail postfix/cleanup[1552259]: 4DVB4q2HbJz22B8: message-id=<2580350354352154519780@inconue-PC>
Feb  2 04:03:39 mail postfix/cleanup[1552260]: 4DVB4q2Khjz22B9: message-id=<25803503543522006130008@inconue-PC>
Feb  2 04:03:39 mail postfix/qmgr[2026]: 4DVB4q0FDsz1wDJ: from=<do-not-reply@oneidnet.com>, size=37138, nrcpt=1 (queue active)
Feb  2 04:03:40 mail postfix/cleanup[1552261]: 4DVB4q37Pcz24l2: message-id=<2580350354352298179521@inconue-PC>
Feb  2 04:03:40 mail postfix/cleanup[1552262]: 4DVB4q3MF5z25K9: message-id=<25803503543522587028032@inconue-PC>
Feb  2 04:03:40 mail postfix/qmgr[2026]: 4DVB4q0LQYz1wF4: from=<do-not-reply@oneidnet.com>, size=37131, nrcpt=1 (queue active)
Feb  2 04:03:40 mail postfix/10025/smtpd[1552269]: connect from localhost[127.0.0.1]
Feb  2 04:03:40 mail postfix/submission/smtpd[1552231]: disconnect from unknown[102.52.87.215] ehlo=2 starttls=1 auth=1 mail=1 rcpt=1 data=1 quit=1 commands=8
Feb  2 04:03:40 mail postfix/10025/smtpd[1552269]: 4DVB4r1GHxz25KD: client=localhost[127.0.0.1]
Feb  2 04:03:40 mail postfix/cleanup[1552248]: 4DVB4r1GHxz25KD: message-id=<25803503543529012241@inconue-PC>
Feb  2 04:03:40 mail postfix/qmgr[2026]: 4DVB4r1GHxz25KD: from=<do-not-reply@oneidnet.com>, size=38754, nrcpt=1 (queue active)
Feb  2 04:03:40 mail postfix/10025/smtpd[1552269]: disconnect from localhost[127.0.0.1] ehlo=1 mail=1 rcpt=1 data=1 quit=1 commands=5
Feb  2 04:03:40 mail amavis[1485068]: (1485068-06) Passed CLEAN {RelayedInternal}, ORIGINATING LOCAL [102.52.87.215]:47124 [102.52.87.215] ESMTP/ESMTP <do-not-reply@oneidnet.com> -> <69javelin@live.com>, (ESMTPSA://[102.52.87.215]:47124), Queue-ID: 4DVB4q0FDsz1wDJ, Message-ID: <25803503543529012241@inconue-pc>, mail_id: cJppgLJMGK_c, b: ld9O1QAPs, Hits: 3.162, size: 37138, queued_as: 4DVB4r1GHxz25KD, Subject: "- Use materials provided -", From: <do-not-reply@oneidnet.com>, X-Mailer: Smart_Send_3_1_6, helo=41.142.47.107, Tests: [ALL_TRUSTED=-1,HTML_MESSAGE=0.001,MIME_HTML_ONLY=0.1,TVD_RCVD_IP4=0.001,TVD_RCVD_IP=0.001,T_KAM_HTML_FONT_INVALID=0.01,URIBL_ABUSE_SURBL=1.948,URIBL_BLOCKED=0.001,URIBL_DBL_ABUSE_SPAM=2,URIBL_SBL_A=0.1], autolearn=no autolearn_force=no, autolearnscore=4.161, dkim_new=dkim:oneidnet.com, 201 ms
Feb  2 04:03:40 mail postfix/amavis/smtp[1552265]: 4DVB4q0FDsz1wDJ: to=<69javelin@live.com>, relay=127.0.0.1[127.0.0.1]:10026, delay=1.4, delays=1.1/0.01/0/0.21, dsn=2.0.0, status=sent (250 2.0.0 from MTA(smtp:[127.0.0.1]:10025): 250 2.0.0 Ok: queued as 4DVB4r1GHxz25KD)
Feb  2 04:03:40 mail postfix/qmgr[2026]: 4DVB4q0FDsz1wDJ: removed
Feb  2 04:03:40 mail postfix/cleanup[1552263]: 4DVB4q4S7Zz25KB: message-id=<258035035435224754329@inconue-PC>
Feb  2 04:03:40 mail postfix/qmgr[2026]: 4DVB4q25fMz1wG6: from=<do-not-reply@oneidnet.com>, size=37141, nrcpt=1 (queue active)
Feb  2 04:03:40 mail postfix/qmgr[2026]: 4DVB4q1CQgz1wG4: from=<do-not-reply@oneidnet.com>, size=37151, nrcpt=1 (queue active)
Feb  2 04:03:40 mail postfix/submission/smtpd[1552230]: disconnect from unknown[102.52.87.215] ehlo=2 starttls=1 auth=1 mail=1 rcpt=1 data=1 quit=1 commands=8
Feb  2 04:03:40 mail postfix/submission/smtpd[1552231]: connect from unknown[102.52.87.215]
Feb  2 04:03:40 mail postfix/qmgr[2026]: 4DVB4q2Khjz22B9: from=<do-not-reply@oneidnet.com>, size=37153, nrcpt=1 (queue active)
Feb  2 04:03:40 mail postfix/10025/smtpd[1552269]: connect from localhost[127.0.0.1]
Feb  2 04:03:40 mail postfix/10025/smtpd[1552269]: 4DVB4r2Yh9z25KJ: client=localhost[127.0.0.1]
Feb  2 04:03:40 mail postfix/cleanup[1552250]: 4DVB4r2Yh9z25KJ: message-id=<25803503543522375913847@inconue-PC>
Feb  2 04:03:40 mail postfix/qmgr[2026]: 4DVB4r2Yh9z25KJ: from=<do-not-reply@oneidnet.com>, size=38737, nrcpt=1 (queue active)
Feb  2 04:03:40 mail postfix/10025/smtpd[1552269]: disconnect from localhost[127.0.0.1] ehlo=1 mail=1 rcpt=1 data=1 quit=1 commands=5
Feb  2 04:03:40 mail postfix/cleanup[1552264]: 4DVB4q5VDNz25KC: message-id=<258035035435211708669@inconue-PC>
Feb  2 04:03:40 mail postfix/submission/smtpd[1552233]: disconnect from unknown[102.52.87.215] ehlo=2 starttls=1 auth=1 mail=1 rcpt=1 data=1 quit=1 commands=8
Feb  2 04:03:40 mail amavis[1485067]: (1485067-06) Passed CLEAN {RelayedInternal}, ORIGINATING LOCAL [102.52.87.215]:47397 [102.52.87.215] ESMTP/ESMTP <do-not-reply@oneidnet.com> -> <65421@msn.com>, (ESMTPSA://[102.52.87.215]:47397), Queue-ID: 4DVB4q0LQYz1wF4, Message-ID: <25803503543522375913847@inconue-pc>, mail_id: X9l28W6lY63h, b: ld9O1QAPs, Hits: 3.162, size: 37131, queued_as: 4DVB4r2Yh9z25KJ, Subject: "- Use materials provided -", From: <do-not-reply@oneidnet.com>, X-Mailer: Smart_Send_3_1_6, helo=41.142.47.107, Tests: [ALL_TRUSTED=-1,HTML_MESSAGE=0.001,MIME_HTML_ONLY=0.1,TVD_RCVD_IP4=0.001,TVD_RCVD_IP=0.001,T_KAM_HTML_FONT_INVALID=0.01,URIBL_ABUSE_SURBL=1.948,URIBL_BLOCKED=0.001,URIBL_DBL_ABUSE_SPAM=2,URIBL_SBL_A=0.1], autolearn=no autolearn_force=no, autolearnscore=4.161, dkim_new=dkim:oneidnet.com, 227 ms
Feb  2 04:03:40 mail postfix/amavis/smtp[1552268]: 4DVB4q0LQYz1wF4: to=<65421@msn.com>, relay=127.0.0.1[127.0.0.1]:10026, delay=1.6, delays=1.3/0.01/0/0.24, dsn=2.0.0, status=sent (250 2.0.0 from MTA(smtp:[127.0.0.1]:10025): 250 2.0.0 Ok: queued as 4DVB4r2Yh9z25KJ)
Feb  2 04:03:40 mail postfix/qmgr[2026]: 4DVB4q0LQYz1wF4: removed
Feb  2 04:03:40 mail postfix/qmgr[2026]: 4DVB4q2HbJz22B8: from=<do-not-reply@oneidnet.com>, size=37138, nrcpt=1 (queue active)
Feb  2 04:03:40 mail postfix/submission/smtpd[1552230]: connect from unknown[102.52.87.215]
Feb  2 04:03:40 mail postfix/submission/smtpd[1552232]: disconnect from unknown[102.52.87.215] ehlo=2 starttls=1 auth=1 mail=1 rcpt=1 data=1 quit=1 commands=8
Feb  2 04:03:40 mail postfix/submission/smtpd[1552234]: disconnect from unknown[102.52.87.215] ehlo=2 starttls=1 auth=1 mail=1 rcpt=1 data=1 quit=1 commands=8
Feb  2 04:03:40 mail postfix/submission/smtpd[1552233]: connect from unknown[102.52.87.215]
Feb  2 04:03:40 mail postfix/qmgr[2026]: 4DVB4q3MF5z25K9: from=<do-not-reply@oneidnet.com>, size=37153, nrcpt=1 (queue active)
Feb  2 04:03:40 mail postfix/submission/smtpd[1552221]: disconnect from unknown[102.52.87.215] ehlo=2 starttls=1 auth=1 mail=1 rcpt=1 data=1 quit=1 commands=8
Feb  2 04:03:40 mail postfix/qmgr[2026]: 4DVB4q37Pcz24l2: from=<do-not-reply@oneidnet.com>, size=37150, nrcpt=1 (queue active)
Feb  2 04:03:40 mail postfix/qmgr[2026]: 4DVB4q4S7Zz25KB: from=<do-not-reply@oneidnet.com>, size=37143, nrcpt=1 (queue active)
Feb  2 04:03:40 mail postfix/submission/smtpd[1552232]: connect from unknown[102.52.87.215]
Feb  2 04:03:40 mail postfix/submission/smtpd[1552234]: connect from unknown[102.52.87.215]
Feb  2 04:03:40 mail postfix/10025/smtpd[1552269]: connect from localhost[127.0.0.1]
Feb  2 04:03:40 mail postfix/10025/smtpd[1552269]: 4DVB4r4mT1z1wDJ: client=localhost[127.0.0.1]
Feb  2 04:03:40 mail postfix/cleanup[1552248]: 4DVB4r4mT1z1wDJ: message-id=<25803503543522356522537@inconue-PC>
Feb  2 04:03:40 mail postfix/qmgr[2026]: 4DVB4r4mT1z1wDJ: from=<do-not-reply@oneidnet.com>, size=38777, nrcpt=1 (queue active)
Feb  2 04:03:40 mail postfix/10025/smtpd[1552269]: disconnect from localhost[127.0.0.1] ehlo=1 mail=1 rcpt=1 data=1 quit=1 commands=5
Feb  2 04:03:40 mail postfix/10025/smtpd[1552269]: connect from localhost[127.0.0.1]
Feb  2 04:03:40 mail amavis[1485070]: (1485070-06) Passed CLEAN {RelayedInternal}, ORIGINATING LOCAL [102.52.87.215]:48109 [102.52.87.215] ESMTP/ESMTP <do-not-reply@oneidnet.com> -> <a.a.bennett@hotmail.com>, (ESMTPSA://[102.52.87.215]:48109), Queue-ID: 4DVB4q1CQgz1wG4, Message-ID: <25803503543522356522537@inconue-pc>, mail_id: faQV7S6nnUmr, b: ld9O1QAPs, Hits: 3.162, size: 37151, queued_as: 4DVB4r4mT1z1wDJ, Subject: "- Use materials provided -", From: <do-not-reply@oneidnet.com>, X-Mailer: Smart_Send_3_1_6, helo=41.142.47.107, Tests: [ALL_TRUSTED=-1,HTML_MESSAGE=0.001,MIME_HTML_ONLY=0.1,TVD_RCVD_IP4=0.001,TVD_RCVD_IP=0.001,T_KAM_HTML_FONT_INVALID=0.01,URIBL_ABUSE_SURBL=1.948,URIBL_BLOCKED=0.001,URIBL_DBL_ABUSE_SPAM=2,URIBL_SBL_A=0.1], autolearn=no autolearn_force=no, autolearnscore=4.161, dkim_new=dkim:oneidnet.com, 405 ms
Feb  2 04:03:40 mail postfix/amavis/smtp[1552272]: 4DVB4q1CQgz1wG4: to=<a.a.bennett@hotmail.com>, relay=127.0.0.1[127.0.0.1]:10026, delay=1.7, delays=1.3/0.02/0/0.41, dsn=2.0.0, status=sent (250 2.0.0 from MTA(smtp:[127.0.0.1]:10025): 250 2.0.0 Ok: queued as 4DVB4r4mT1z1wDJ)
Feb  2 04:03:40 mail postfix/qmgr[2026]: 4DVB4q1CQgz1wG4: removed
Feb  2 04:03:40 mail postfix/10025/smtpd[1552269]: 4DVB4r4zh7z1wG4: client=localhost[127.0.0.1]
Feb  2 04:03:40 mail postfix/submission/smtpd[1552237]: disconnect from unknown[102.52.87.215] ehlo=2 starttls=1 auth=1 mail=1 rcpt=1 data=1 quit=1 commands=8
Feb  2 04:03:40 mail postfix/submission/smtpd[1552235]: disconnect from unknown[102.52.87.215] ehlo=2 starttls=1 auth=1 mail=1 rcpt=1 data=1 quit=1 commands=8
Feb  2 04:03:40 mail postfix/submission/smtpd[1552236]: disconnect from unknown[102.52.87.215] ehlo=2 starttls=1 auth=1 mail=1 rcpt=1 data=1 quit=1 commands=8
Feb  2 04:03:40 mail postfix/submission/smtpd[1552221]: connect from unknown[102.52.87.215]
Feb  2 04:03:40 mail postfix/cleanup[1552258]: 4DVB4r4zh7z1wG4: message-id=<25803503543521440629422@inconue-PC>
Feb  2 04:03:40 mail postfix/qmgr[2026]: 4DVB4r4zh7z1wG4: from=<do-not-reply@oneidnet.com>, size=38757, nrcpt=1 (queue active)
Feb  2 04:03:40 mail postfix/10025/smtpd[1552269]: disconnect from localhost[127.0.0.1] ehlo=1 mail=1 rcpt=1 data=1 quit=1 commands=5
Feb  2 04:03:40 mail postfix/smtp[1552271]: Trusted TLS connection established to live-com.olc.protection.outlook.com[104.47.57.161]:25: TLSv1.2 with cipher ECDHE-RSA-AES256-GCM-SHA384 (256/256 bits)
Feb  2 04:03:40 mail postfix/10025/smtpd[1552279]: connect from localhost[127.0.0.1]
