Feb  2 04:03:52 mail postfix/submission/smtpd[1552231]: 4DVB542FqQz1wDJ: client=unknown[102.52.87.215], sasl_method=LOGIN, sasl_username=do-not-reply@oneidnet.com
Feb  2 04:03:52 mail postfix/submission/smtpd[1552235]: Anonymous TLS connection established from unknown[102.52.87.215]: TLSv1 with cipher DHE-RSA-AES256-SHA (256/256 bits)
Feb  2 04:03:53 mail postfix/submission/smtpd[1552236]: Anonymous TLS connection established from unknown[102.52.87.215]: TLSv1 with cipher DHE-RSA-AES256-SHA (256/256 bits)
Feb  2 04:03:53 mail postfix/submission/smtpd[1552232]: 4DVB555pzRz1wF4: client=unknown[102.52.87.215], sasl_method=LOGIN, sasl_username=do-not-reply@oneidnet.com
Feb  2 04:03:54 mail postfix/submission/smtpd[1552230]: 4DVB56028Sz1wG4: client=unknown[102.52.87.215], sasl_method=LOGIN, sasl_username=do-not-reply@oneidnet.com
Feb  2 04:03:54 mail postfix/cleanup[1552258]: 4DVB542FqQz1wDJ: message-id=<2580350354352136612705@inconue-PC>
Feb  2 04:03:54 mail postfix/submission/smtpd[1552238]: Anonymous TLS connection established from unknown[102.52.87.215]: TLSv1 with cipher DHE-RSA-AES256-SHA (256/256 bits)
Feb  2 04:03:54 mail postfix/submission/smtpd[1552221]: 4DVB563txCz1wG6: client=unknown[102.52.87.215], sasl_method=LOGIN, sasl_username=do-not-reply@oneidnet.com
Feb  2 04:03:54 mail postfix/submission/smtpd[1552233]: 4DVB563wsLz22B8: client=unknown[102.52.87.215], sasl_method=LOGIN, sasl_username=do-not-reply@oneidnet.com
Feb  2 04:03:54 mail postfix/qmgr[2026]: 4DVB542FqQz1wDJ: from=<do-not-reply@oneidnet.com>, size=37138, nrcpt=1 (queue active)
Feb  2 04:03:54 mail postfix/submission/smtpd[1552234]: 4DVB565JDNz22B9: client=unknown[102.52.87.215], sasl_method=LOGIN, sasl_username=do-not-reply@oneidnet.com
Feb  2 04:03:54 mail postfix/submission/smtpd[1552231]: disconnect from unknown[102.52.87.215] ehlo=2 starttls=1 auth=1 mail=1 rcpt=1 data=1 quit=1 commands=8
Feb  2 04:03:54 mail postfix/10025/smtpd[1552289]: 4DVB566KvPz24l2: client=localhost[127.0.0.1]
Feb  2 04:03:54 mail postfix/cleanup[1552261]: 4DVB566KvPz24l2: message-id=<2580350354352136612705@inconue-PC>
Feb  2 04:03:54 mail postfix/qmgr[2026]: 4DVB566KvPz24l2: from=<do-not-reply@oneidnet.com>, size=38752, nrcpt=1 (queue active)
Feb  2 04:03:54 mail postfix/submission/smtpd[1552237]: 4DVB566Py9z25KB: client=unknown[102.52.87.215], sasl_method=LOGIN, sasl_username=do-not-reply@oneidnet.com
Feb  2 04:03:54 mail amavis[1485069]: (1485069-10) Passed CLEAN {RelayedInternal}, ORIGINATING LOCAL [102.52.87.215]:46524 [102.52.87.215] ESMTP/ESMTP <do-not-reply@oneidnet.com> -> <a_086@hotmail.com>, (ESMTPSA://[102.52.87.215]:46524), Queue-ID: 4DVB542FqQz1wDJ, Message-ID: <2580350354352136612705@inconue-pc>, mail_id: v7hbfuDhHKJ0, b: ld9O1QAPs, Hits: 3.162, size: 37138, queued_as: 4DVB566KvPz24l2, Subject: "- Use materials provided -", From: <do-not-reply@oneidnet.com>, X-Mailer: Smart_Send_3_1_6, helo=41.142.47.107, Tests: [ALL_TRUSTED=-1,HTML_MESSAGE=0.001,MIME_HTML_ONLY=0.1,TVD_RCVD_IP4=0.001,TVD_RCVD_IP=0.001,T_KAM_HTML_FONT_INVALID=0.01,URIBL_ABUSE_SURBL=1.948,URIBL_BLOCKED=0.001,URIBL_DBL_ABUSE_SPAM=2,URIBL_SBL_A=0.1], autolearn=no autolearn_force=no, autolearnscore=4.161, dkim_new=dkim:oneidnet.com, 171 ms
Feb  2 04:03:54 mail postfix/amavis/smtp[1552265]: 4DVB542FqQz1wDJ: to=<a_086@hotmail.com>, relay=127.0.0.1[127.0.0.1]:10026, delay=3, delays=2.8/0/0/0.18, dsn=2.0.0, status=sent (250 2.0.0 from MTA(smtp:[127.0.0.1]:10025): 250 2.0.0 Ok: queued as 4DVB566KvPz24l2)
Feb  2 04:03:54 mail postfix/qmgr[2026]: 4DVB542FqQz1wDJ: removed
Feb  2 04:03:55 mail postfix/cleanup[1552263]: 4DVB56028Sz1wG4: message-id=<2580350354352120475183@inconue-PC>
Feb  2 04:03:55 mail postfix/submission/smtpd[1552231]: connect from unknown[102.52.87.215]
Feb  2 04:03:55 mail postfix/cleanup[1552250]: 4DVB555pzRz1wF4: message-id=<25803503543522283331051@inconue-PC>
Feb  2 04:03:55 mail postfix/submission/smtpd[1552235]: 4DVB570xLJz1wDJ: client=unknown[102.52.87.215], sasl_method=LOGIN, sasl_username=do-not-reply@oneidnet.com
Feb  2 04:03:55 mail postfix/cleanup[1552262]: 4DVB563txCz1wG6: message-id=<2580350354352953426995@inconue-PC>
Feb  2 04:03:55 mail postfix/cleanup[1552260]: 4DVB563wsLz22B8: message-id=<2580350354352774325651@inconue-PC>
Feb  2 04:03:55 mail postfix/submission/smtpd[1552236]: 4DVB572Htyz25K9: client=unknown[102.52.87.215], sasl_method=LOGIN, sasl_username=do-not-reply@oneidnet.com
Feb  2 04:03:55 mail postfix/cleanup[1552264]: 4DVB565JDNz22B9: message-id=<2580350354352227814527@inconue-PC>
Feb  2 04:03:55 mail postfix/smtp[1552280]: Trusted TLS connection established to hotmail-com.olc.protection.outlook.com[104.47.5.33]:25: TLSv1.2 with cipher ECDHE-RSA-AES256-GCM-SHA384 (256/256 bits)
Feb  2 04:03:55 mail postfix/qmgr[2026]: 4DVB56028Sz1wG4: from=<do-not-reply@oneidnet.com>, size=37144, nrcpt=1 (queue active)
Feb  2 04:03:55 mail postfix/qmgr[2026]: 4DVB555pzRz1wF4: from=<do-not-reply@oneidnet.com>, size=37147, nrcpt=1 (queue active)
Feb  2 04:03:55 mail postfix/cleanup[1552248]: 4DVB566Py9z25KB: message-id=<258035035435244524942@inconue-PC>
Feb  2 04:03:55 mail postfix/qmgr[2026]: 4DVB563txCz1wG6: from=<do-not-reply@oneidnet.com>, size=37148, nrcpt=1 (queue active)
Feb  2 04:03:55 mail postfix/qmgr[2026]: 4DVB563wsLz22B8: from=<do-not-reply@oneidnet.com>, size=37142, nrcpt=1 (queue active)
Feb  2 04:03:55 mail postfix/submission/smtpd[1552238]: 4DVB574fK5z25KC: client=unknown[102.52.87.215], sasl_method=LOGIN, sasl_username=do-not-reply@oneidnet.com
Feb  2 04:03:55 mail postfix/submission/smtpd[1552230]: disconnect from unknown[102.52.87.215] ehlo=2 starttls=1 auth=1 mail=1 rcpt=1 data=1 quit=1 commands=8
Feb  2 04:03:55 mail postfix/submission/smtpd[1552232]: disconnect from unknown[102.52.87.215] ehlo=2 starttls=1 auth=1 mail=1 rcpt=1 data=1 quit=1 commands=8
Feb  2 04:03:55 mail postfix/cleanup[1552259]: 4DVB570xLJz1wDJ: message-id=<2580350354352251179645@inconue-PC>
Feb  2 04:03:55 mail postfix/submission/smtpd[1552230]: connect from unknown[102.52.87.215]
Feb  2 04:03:55 mail postfix/10025/smtpd[1552279]: 4DVB576X7Yz25KF: client=localhost[127.0.0.1]
Feb  2 04:03:55 mail postfix/qmgr[2026]: 4DVB565JDNz22B9: from=<do-not-reply@oneidnet.com>, size=37142, nrcpt=1 (queue active)
Feb  2 04:03:55 mail postfix/cleanup[1552261]: 4DVB576X7Yz25KF: message-id=<25803503543522283331051@inconue-PC>
Feb  2 04:03:55 mail postfix/qmgr[2026]: 4DVB576X7Yz25KF: from=<do-not-reply@oneidnet.com>, size=38769, nrcpt=1 (queue active)
Feb  2 04:03:55 mail amavis[1485068]: (1485068-12) Passed CLEAN {RelayedInternal}, ORIGINATING LOCAL [102.52.87.215]:46168 [102.52.87.215] ESMTP/ESMTP <do-not-reply@oneidnet.com> -> <a_alwakal@hotmail.com>, (ESMTPSA://[102.52.87.215]:46168), Queue-ID: 4DVB555pzRz1wF4, Message-ID: <25803503543522283331051@inconue-pc>, mail_id: x6RENFNt17WT, b: ld9O1QAPs, Hits: 3.162, size: 37147, queued_as: 4DVB576X7Yz25KF, Subject: "- Use materials provided -", From: <do-not-reply@oneidnet.com>, X-Mailer: Smart_Send_3_1_6, helo=41.142.47.107, Tests: [ALL_TRUSTED=-1,HTML_MESSAGE=0.001,MIME_HTML_ONLY=0.1,TVD_RCVD_IP4=0.001,TVD_RCVD_IP=0.001,T_KAM_HTML_FONT_INVALID=0.01,URIBL_ABUSE_SURBL=1.948,URIBL_BLOCKED=0.001,URIBL_DBL_ABUSE_SPAM=2,URIBL_SBL_A=0.1], autolearn=no autolearn_force=no, autolearnscore=4.161, dkim_new=dkim:oneidnet.com, 336 ms
Feb  2 04:03:55 mail postfix/amavis/smtp[1552275]: 4DVB555pzRz1wF4: to=<a_alwakal@hotmail.com>, relay=127.0.0.1[127.0.0.1]:10026, delay=3, delays=2.6/0/0/0.34, dsn=2.0.0, status=sent (250 2.0.0 from MTA(smtp:[127.0.0.1]:10025): 250 2.0.0 Ok: queued as 4DVB576X7Yz25KF)
Feb  2 04:03:55 mail postfix/qmgr[2026]: 4DVB555pzRz1wF4: removed
Feb  2 04:03:55 mail postfix/cleanup[1552257]: 4DVB572Htyz25K9: message-id=<258035035435281831563@inconue-PC>
Feb  2 04:03:55 mail postfix/10025/smtpd[1552269]: 4DVB576wcJz25KH: client=localhost[127.0.0.1]
Feb  2 04:03:55 mail postfix/cleanup[1552263]: 4DVB576wcJz25KH: message-id=<2580350354352120475183@inconue-PC>
Feb  2 04:03:55 mail postfix/qmgr[2026]: 4DVB576wcJz25KH: from=<do-not-reply@oneidnet.com>, size=38764, nrcpt=1 (queue active)
Feb  2 04:03:55 mail amavis[1485067]: (1485067-11) Passed CLEAN {RelayedInternal}, ORIGINATING LOCAL [102.52.87.215]:46859 [102.52.87.215] ESMTP/ESMTP <do-not-reply@oneidnet.com> -> <a_alycia@hotmail.com>, (ESMTPSA://[102.52.87.215]:46859), Queue-ID: 4DVB56028Sz1wG4, Message-ID: <2580350354352120475183@inconue-pc>, mail_id: JOHXrYv-Ixl8, b: ld9O1QAPs, Hits: 3.162, size: 37144, queued_as: 4DVB576wcJz25KH, Subject: "- Use materials provided -", From: <do-not-reply@oneidnet.com>, X-Mailer: Smart_Send_3_1_6, helo=41.142.47.107, Tests: [ALL_TRUSTED=-1,HTML_MESSAGE=0.001,MIME_HTML_ONLY=0.1,TVD_RCVD_IP4=0.001,TVD_RCVD_IP=0.001,T_KAM_HTML_FONT_INVALID=0.01,URIBL_ABUSE_SURBL=1.948,URIBL_BLOCKED=0.001,URIBL_DBL_ABUSE_SPAM=2,URIBL_SBL_A=0.1], autolearn=no autolearn_force=no, autolearnscore=4.161, dkim_new=dkim:oneidnet.com, 404 ms
Feb  2 04:03:55 mail postfix/10025/smtpd[1552288]: 4DVB5774G4z1wF4: client=localhost[127.0.0.1]
Feb  2 04:03:55 mail postfix/cleanup[1552250]: 4DVB5774G4z1wF4: message-id=<2580350354352953426995@inconue-PC>
Feb  2 04:03:56 mail postfix/qmgr[2026]: 4DVB5774G4z1wF4: from=<do-not-reply@oneidnet.com>, size=38772, nrcpt=1 (queue active)
Feb  2 04:03:56 mail postfix/amavis/smtp[1552268]: 4DVB56028Sz1wG4: to=<a_alycia@hotmail.com>, relay=127.0.0.1[127.0.0.1]:10026, delay=2.2, delays=1.8/0/0/0.41, dsn=2.0.0, status=sent (250 2.0.0 from MTA(smtp:[127.0.0.1]:10025): 250 2.0.0 Ok: queued as 4DVB576wcJz25KH)
Feb  2 04:03:56 mail postfix/qmgr[2026]: 4DVB56028Sz1wG4: removed
Feb  2 04:03:56 mail amavis[1485070]: (1485070-11) Passed CLEAN {RelayedInternal}, ORIGINATING LOCAL [102.52.87.215]:46518 [102.52.87.215] ESMTP/ESMTP <do-not-reply@oneidnet.com> -> <a_amrfouad@hotmail.com>, (ESMTPSA://[102.52.87.215]:46518), Queue-ID: 4DVB563txCz1wG6, Message-ID: <2580350354352953426995@inconue-pc>, mail_id: VZW88RvN7L1Z, b: ld9O1QAPs, Hits: 3.162, size: 37148, queued_as: 4DVB5774G4z1wF4, Subject: "- Use materials provided -", From: <do-not-reply@oneidnet.com>, X-Mailer: Smart_Send_3_1_6, helo=41.142.47.107, Tests: [ALL_TRUSTED=-1,HTML_MESSAGE=0.001,MIME_HTML_ONLY=0.1,TVD_RCVD_IP4=0.001,TVD_RCVD_IP=0.001,T_KAM_HTML_FONT_INVALID=0.01,URIBL_ABUSE_SURBL=1.948,URIBL_BLOCKED=0.001,URIBL_DBL_ABUSE_SPAM=2,URIBL_SBL_A=0.1], autolearn=no autolearn_force=no, autolearnscore=4.161, dkim_new=dkim:oneidnet.com, 364 ms
Feb  2 04:03:56 mail postfix/10025/smtpd[1552289]: 4DVB5805gJz1wG4: client=localhost[127.0.0.1]
Feb  2 04:03:56 mail postfix/cleanup[1552262]: 4DVB5805gJz1wG4: message-id=<2580350354352774325651@inconue-PC>
Feb  2 04:03:56 mail postfix/qmgr[2026]: 4DVB5805gJz1wG4: from=<do-not-reply@oneidnet.com>, size=38760, nrcpt=1 (queue active)
Feb  2 04:03:56 mail postfix/amavis/smtp[1552272]: 4DVB563txCz1wG6: to=<a_amrfouad@hotmail.com>, relay=127.0.0.1[127.0.0.1]:10026, delay=2.2, delays=1.8/0/0/0.38, dsn=2.0.0, status=sent (250 2.0.0 from MTA(smtp:[127.0.0.1]:10025): 250 2.0.0 Ok: queued as 4DVB5774G4z1wF4)
Feb  2 04:03:56 mail postfix/qmgr[2026]: 4DVB563txCz1wG6: removed
Feb  2 04:03:56 mail amavis[1485069]: (1485069-11) Passed CLEAN {RelayedInternal}, ORIGINATING LOCAL [102.52.87.215]:47762 [102.52.87.215] ESMTP/ESMTP <do-not-reply@oneidnet.com> -> <a_akkad@hotmail.com>, (ESMTPSA://[102.52.87.215]:47762), Queue-ID: 4DVB563wsLz22B8, Message-ID: <2580350354352774325651@inconue-pc>, mail_id: PQereHzJN60F, b: ld9O1QAPs, Hits: 3.162, size: 37142, queued_as: 4DVB5805gJz1wG4, Subject: "- Use materials provided -", From: <do-not-reply@oneidnet.com>, X-Mailer: Smart_Send_3_1_6, helo=41.142.47.107, Tests: [ALL_TRUSTED=-1,HTML_MESSAGE=0.001,MIME_HTML_ONLY=0.1,TVD_RCVD_IP4=0.001,TVD_RCVD_IP=0.001,T_KAM_HTML_FONT_INVALID=0.01,URIBL_ABUSE_SURBL=1.948,URIBL_BLOCKED=0.001,URIBL_DBL_ABUSE_SPAM=2,URIBL_SBL_A=0.1], autolearn=no autolearn_force=no, autolearnscore=4.161, dkim_new=dkim:oneidnet.com, 380 ms
Feb  2 04:03:56 mail postfix/amavis/smtp[1552265]: 4DVB563wsLz22B8: to=<a_akkad@hotmail.com>, relay=127.0.0.1[127.0.0.1]:10026, delay=2.2, delays=1.8/0/0/0.38, dsn=2.0.0, status=sent (250 2.0.0 from MTA(smtp:[127.0.0.1]:10025): 250 2.0.0 Ok: queued as 4DVB5805gJz1wG4)
Feb  2 04:03:56 mail postfix/qmgr[2026]: 4DVB563wsLz22B8: removed
Feb  2 04:03:56 mail postfix/10025/smtpd[1552279]: 4DVB5814Srz1wG6: client=localhost[127.0.0.1]
Feb  2 04:03:56 mail postfix/cleanup[1552260]: 4DVB5814Srz1wG6: message-id=<2580350354352227814527@inconue-PC>
Feb  2 04:03:56 mail postfix/qmgr[2026]: 4DVB5814Srz1wG6: from=<do-not-reply@oneidnet.com>, size=38760, nrcpt=1 (queue active)
Feb  2 04:03:56 mail amavis[1485068]: (1485068-13) Passed CLEAN {RelayedInternal}, ORIGINATING LOCAL [102.52.87.215]:46297 [102.52.87.215] ESMTP/ESMTP <do-not-reply@oneidnet.com> -> <a_ansah@hotmail.com>, (ESMTPSA://[102.52.87.215]:46297), Queue-ID: 4DVB565JDNz22B9, Message-ID: <2580350354352227814527@inconue-pc>, mail_id: Ue0lhkXWlD7Z, b: ld9O1QAPs, Hits: 3.162, size: 37142, queued_as: 4DVB5814Srz1wG6, Subject: "- Use materials provided -", From: <do-not-reply@oneidnet.com>, X-Mailer: Smart_Send_3_1_6, helo=41.142.47.107, Tests: [ALL_TRUSTED=-1,HTML_MESSAGE=0.001,MIME_HTML_ONLY=0.1,TVD_RCVD_IP4=0.001,TVD_RCVD_IP=0.001,T_KAM_HTML_FONT_INVALID=0.01,URIBL_ABUSE_SURBL=1.948,URIBL_BLOCKED=0.001,URIBL_DBL_ABUSE_SPAM=2,URIBL_SBL_A=0.1], autolearn=no autolearn_force=no, autolearnscore=4.161, dkim_new=dkim:oneidnet.com, 221 ms
Feb  2 04:03:56 mail postfix/amavis/smtp[1552275]: 4DVB565JDNz22B9: to=<a_ansah@hotmail.com>, relay=127.0.0.1[127.0.0.1]:10026, delay=1.7, delays=1.4/0.02/0.01/0.23, dsn=2.0.0, status=sent (250 2.0.0 from MTA(smtp:[127.0.0.1]:10025): 250 2.0.0 Ok: queued as 4DVB5814Srz1wG6)
Feb  2 04:03:56 mail postfix/qmgr[2026]: 4DVB565JDNz22B9: removed
Feb  2 04:03:56 mail postfix/submission/smtpd[1552221]: disconnect from unknown[102.52.87.215] ehlo=2 starttls=1 auth=1 mail=1 rcpt=1 data=1 quit=1 commands=8
Feb  2 04:03:56 mail postfix/submission/smtpd[1552231]: Anonymous TLS connection established from unknown[102.52.87.215]: TLSv1 with cipher DHE-RSA-AES256-SHA (256/256 bits)
Feb  2 04:03:56 mail postfix/submission/smtpd[1552233]: disconnect from unknown[102.52.87.215] ehlo=2 starttls=1 auth=1 mail=1 rcpt=1 data=1 quit=1 commands=8
Feb  2 04:03:56 mail postfix/submission/smtpd[1552234]: disconnect from unknown[102.52.87.215] ehlo=2 starttls=1 auth=1 mail=1 rcpt=1 data=1 quit=1 commands=8
Feb  2 04:03:56 mail postfix/smtp[1552280]: 4DVB566KvPz24l2: to=<a_086@hotmail.com>, relay=hotmail-com.olc.protection.outlook.com[104.47.5.33]:25, delay=1.6, delays=0.01/0/0.78/0.83, dsn=2.6.0, status=sent (250 2.6.0 <2580350354352136612705@inconue-PC> [InternalId=16926466115688, Hostname=HE1EUR02HT210.eop-EUR02.prod.protection.outlook.com] 46027 bytes in 0.483, 92.987 KB/sec Queued mail for delivery -> 250 2.1.5)
Feb  2 04:03:56 mail postfix/qmgr[2026]: 4DVB566KvPz24l2: removed
Feb  2 04:03:56 mail postfix/smtp[1552284]: Trusted TLS connection established to hotmail-com.olc.protection.outlook.com[104.47.4.33]:25: TLSv1.2 with cipher ECDHE-RSA-AES256-GCM-SHA384 (256/256 bits)
Feb  2 04:03:56 mail postfix/smtp[1552282]: Trusted TLS connection established to hotmail-com.olc.protection.outlook.com[104.47.5.33]:25: TLSv1.2 with cipher ECDHE-RSA-AES256-GCM-SHA384 (256/256 bits)
Feb  2 04:03:56 mail postfix/qmgr[2026]: 4DVB566Py9z25KB: from=<do-not-reply@oneidnet.com>, size=37145, nrcpt=1 (queue active)
Feb  2 04:03:56 mail postfix/qmgr[2026]: 4DVB570xLJz1wDJ: from=<do-not-reply@oneidnet.com>, size=37148, nrcpt=1 (queue active)
Feb  2 04:03:56 mail postfix/smtp[1552291]: Trusted TLS connection established to hotmail-com.olc.protection.outlook.com[104.47.5.33]:25: TLSv1.2 with cipher ECDHE-RSA-AES256-GCM-SHA384 (256/256 bits)
Feb  2 04:03:56 mail postfix/qmgr[2026]: 4DVB572Htyz25K9: from=<do-not-reply@oneidnet.com>, size=37145, nrcpt=1 (queue active)
Feb  2 04:03:56 mail postfix/smtp[1552271]: Trusted TLS connection established to hotmail-com.olc.protection.outlook.com[104.47.5.33]:25: TLSv1.2 with cipher ECDHE-RSA-AES256-GCM-SHA384 (256/256 bits)
Feb  2 04:03:56 mail postfix/submission/smtpd[1552232]: connect from unknown[102.52.87.215]
Feb  2 04:03:56 mail postfix/submission/smtpd[1552221]: connect from unknown[102.52.87.215]
Feb  2 04:03:56 mail postfix/submission/smtpd[1552237]: disconnect from unknown[102.52.87.215] ehlo=2 starttls=1 auth=1 mail=1 rcpt=1 data=1 quit=1 commands=8
Feb  2 04:03:56 mail postfix/submission/smtpd[1552235]: disconnect from unknown[102.52.87.215] ehlo=2 starttls=1 auth=1 mail=1 rcpt=1 data=1 quit=1 commands=8
Feb  2 04:03:56 mail postfix/10025/smtpd[1552288]: 4DVB5865NPz22B8: client=localhost[127.0.0.1]
Feb  2 04:03:56 mail postfix/submission/smtpd[1552233]: connect from unknown[102.52.87.215]
Feb  2 04:03:56 mail postfix/submission/smtpd[1552236]: disconnect from unknown[102.52.87.215] ehlo=2 starttls=1 auth=1 mail=1 rcpt=1 data=1 quit=1 commands=8
Feb  2 04:03:56 mail postfix/cleanup[1552264]: 4DVB5865NPz22B8: message-id=<2580350354352251179645@inconue-PC>
Feb  2 04:03:56 mail postfix/qmgr[2026]: 4DVB5865NPz22B8: from=<do-not-reply@oneidnet.com>, size=38772, nrcpt=1 (queue active)
Feb  2 04:03:56 mail amavis[1485070]: (1485070-12) Passed CLEAN {RelayedInternal}, ORIGINATING LOCAL [102.52.87.215]:47915 [102.52.87.215] ESMTP/ESMTP <do-not-reply@oneidnet.com> -> <a_artola_c@hotmail.com>, (ESMTPSA://[102.52.87.215]:47915), Queue-ID: 4DVB570xLJz1wDJ, Message-ID: <2580350354352251179645@inconue-pc>, mail_id: oCDCMcu4EVmg, b: ld9O1QAPs, Hits: 3.162, size: 37148, queued_as: 4DVB5865NPz22B8, Subject: "- Use materials provided -", From: <do-not-reply@oneidnet.com>, X-Mailer: Smart_Send_3_1_6, helo=41.142.47.107, Tests: [ALL_TRUSTED=-1,HTML_MESSAGE=0.001,MIME_HTML_ONLY=0.1,TVD_RCVD_IP4=0.001,TVD_RCVD_IP=0.001,T_KAM_HTML_FONT_INVALID=0.01,URIBL_ABUSE_SURBL=1.948,URIBL_BLOCKED=0.001,URIBL_DBL_ABUSE_SPAM=2,URIBL_SBL_A=0.1], autolearn=no autolearn_force=no, autolearnscore=4.161, dkim_new=dkim:oneidnet.com, 236 ms
Feb  2 04:03:56 mail postfix/amavis/smtp[1552272]: 4DVB570xLJz1wDJ: to=<a_artola_c@hotmail.com>, relay=127.0.0.1[127.0.0.1]:10026, delay=2, delays=1.7/0/0/0.24, dsn=2.0.0, status=sent (250 2.0.0 from MTA(smtp:[127.0.0.1]:10025): 250 2.0.0 Ok: queued as 4DVB5865NPz22B8)
Feb  2 04:03:56 mail postfix/qmgr[2026]: 4DVB570xLJz1wDJ: removed
Feb  2 04:03:56 mail postfix/10025/smtpd[1552289]: 4DVB586XXNz1wDJ: client=localhost[127.0.0.1]
Feb  2 04:03:56 mail postfix/cleanup[1552261]: 4DVB586XXNz1wDJ: message-id=<258035035435281831563@inconue-PC>
Feb  2 04:03:56 mail postfix/10025/smtpd[1552269]: 4DVB586YTtz24l2: client=localhost[127.0.0.1]
Feb  2 04:03:56 mail postfix/cleanup[1552263]: 4DVB586YTtz24l2: message-id=<258035035435244524942@inconue-PC>
Feb  2 04:03:56 mail postfix/qmgr[2026]: 4DVB586YTtz24l2: from=<do-not-reply@oneidnet.com>, size=38767, nrcpt=1 (queue active)
Feb  2 04:03:56 mail postfix/qmgr[2026]: 4DVB586XXNz1wDJ: from=<do-not-reply@oneidnet.com>, size=38767, nrcpt=1 (queue active)
Feb  2 04:03:56 mail amavis[1485069]: (1485069-12) Passed CLEAN {RelayedInternal}, ORIGINATING LOCAL [102.52.87.215]:47298 [102.52.87.215] ESMTP/ESMTP <do-not-reply@oneidnet.com> -> <a_atravel@hotmail.com>, (ESMTPSA://[102.52.87.215]:47298), Queue-ID: 4DVB572Htyz25K9, Message-ID: <258035035435281831563@inconue-pc>, mail_id: NBoSg-f2Mhal, b: ld9O1QAPs, Hits: 3.162, size: 37145, queued_as: 4DVB586XXNz1wDJ, Subject: "- Use materials provided -", From: <do-not-reply@oneidnet.com>, X-Mailer: Smart_Send_3_1_6, helo=41.142.47.107, Tests: [ALL_TRUSTED=-1,HTML_MESSAGE=0.001,MIME_HTML_ONLY=0.1,TVD_RCVD_IP4=0.001,TVD_RCVD_IP=0.001,T_KAM_HTML_FONT_INVALID=0.01,URIBL_ABUSE_SURBL=1.948,URIBL_BLOCKED=0.001,URIBL_DBL_ABUSE_SPAM=2,URIBL_SBL_A=0.1], autolearn=no autolearn_force=no, autolearnscore=4.161, dkim_new=dkim:oneidnet.com, 287 ms
Feb  2 04:03:56 mail postfix/amavis/smtp[1552265]: 4DVB572Htyz25K9: to=<a_atravel@hotmail.com>, relay=127.0.0.1[127.0.0.1]:10026, delay=1.8, delays=1.5/0/0/0.29, dsn=2.0.0, status=sent (250 2.0.0 from MTA(smtp:[127.0.0.1]:10025): 250 2.0.0 Ok: queued as 4DVB586XXNz1wDJ)
Feb  2 04:03:56 mail amavis[1485067]: (1485067-12) Passed CLEAN {RelayedInternal}, ORIGINATING LOCAL [102.52.87.215]:46201 [102.52.87.215] ESMTP/ESMTP <do-not-reply@oneidnet.com> -> <a_ansari4@hotmail.com>, (ESMTPSA://[102.52.87.215]:46201), Queue-ID: 4DVB566Py9z25KB, Message-ID: <258035035435244524942@inconue-pc>, mail_id: gRIYHkyRJ78V, b: ld9O1QAPs, Hits: 3.162, size: 37145, queued_as: 4DVB586YTtz24l2, Subject: "- Use materials provided -", From: <do-not-reply@oneidnet.com>, X-Mailer: Smart_Send_3_1_6, helo=41.142.47.107, Tests: [ALL_TRUSTED=-1,HTML_MESSAGE=0.001,MIME_HTML_ONLY=0.1,TVD_RCVD_IP4=0.001,TVD_RCVD_IP=0.001,T_KAM_HTML_FONT_INVALID=0.01,URIBL_ABUSE_SURBL=1.948,URIBL_BLOCKED=0.001,URIBL_DBL_ABUSE_SPAM=2,URIBL_SBL_A=0.1], autolearn=no autolearn_force=no, autolearnscore=4.161, dkim_new=dkim:oneidnet.com, 303 ms
Feb  2 04:03:56 mail postfix/qmgr[2026]: 4DVB572Htyz25K9: removed
Feb  2 04:03:56 mail postfix/amavis/smtp[1552268]: 4DVB566Py9z25KB: to=<a_ansari4@hotmail.com>, relay=127.0.0.1[127.0.0.1]:10026, delay=2.2, delays=1.9/0/0/0.31, dsn=2.0.0, status=sent (250 2.0.0 from MTA(smtp:[127.0.0.1]:10025): 250 2.0.0 Ok: queued as 4DVB586YTtz24l2)
Feb  2 04:03:56 mail postfix/qmgr[2026]: 4DVB566Py9z25KB: removed
Feb  2 04:03:57 mail postfix/submission/smtpd[1552234]: connect from unknown[102.52.87.215]
Feb  2 04:03:57 mail postfix/cleanup[1552258]: 4DVB574fK5z25KC: message-id=<25803503543523125118052@inconue-PC>
Feb  2 04:03:57 mail postfix/smtp[1552276]: Trusted TLS connection established to hotmail-com.olc.protection.outlook.com[104.47.4.33]:25: TLSv1.2 with cipher ECDHE-RSA-AES256-GCM-SHA384 (256/256 bits)
Feb  2 04:03:57 mail postfix/smtp[1552284]: 4DVB5805gJz1wG4: to=<a_akkad@hotmail.com>, relay=hotmail-com.olc.protection.outlook.com[104.47.4.33]:25, delay=1.1, delays=0.01/0/0.6/0.45, dsn=2.6.0, status=sent (250 2.6.0 <2580350354352774325651@inconue-PC> [InternalId=107954002988295, Hostname=AM5EUR02HT066.eop-EUR02.prod.protection.outlook.com] 45952 bytes in 0.219, 204.750 KB/sec Queued mail for delivery -> 250 2.1.5)
Feb  2 04:03:57 mail postfix/qmgr[2026]: 4DVB5805gJz1wG4: removed
Feb  2 04:03:57 mail postfix/submission/smtpd[1552237]: connect from unknown[102.52.87.215]
Feb  2 04:03:57 mail postfix/submission/smtpd[1552235]: connect from unknown[102.52.87.215]
Feb  2 04:03:57 mail postfix/smtp[1552291]: 4DVB576wcJz25KH: to=<a_alycia@hotmail.com>, relay=hotmail-com.olc.protection.outlook.com[104.47.5.33]:25, delay=1.3, delays=0.01/0/0.76/0.54, dsn=2.6.0, status=sent (250 2.6.0 <2580350354352120475183@inconue-PC> [InternalId=89515708385020, Hostname=HE1EUR02HT088.eop-EUR02.prod.protection.outlook.com] 45993 bytes in 0.201, 222.587 KB/sec Queued mail for delivery -> 250 2.1.5)
Feb  2 04:03:57 mail postfix/qmgr[2026]: 4DVB576wcJz25KH: removed
Feb  2 04:03:57 mail postfix/smtp[1552271]: 4DVB5774G4z1wF4: to=<a_amrfouad@hotmail.com>, relay=hotmail-com.olc.protection.outlook.com[104.47.5.33]:25, delay=1.5, delays=0.01/0/0.76/0.69, dsn=2.6.0, status=sent (250 2.6.0 <2580350354352953426995@inconue-PC> [InternalId=46583215294415, Hostname=HE1EUR02HT192.eop-EUR02.prod.protection.outlook.com] 46049 bytes in 0.346, 129.900 KB/sec Queued mail for delivery -> 250 2.1.5)
Feb  2 04:03:57 mail postfix/qmgr[2026]: 4DVB5774G4z1wF4: removed
Feb  2 04:03:57 mail postfix/smtp[1552282]: 4DVB576X7Yz25KF: to=<a_alwakal@hotmail.com>, relay=hotmail-com.olc.protection.outlook.com[104.47.5.33]:25, delay=1.6, delays=0.01/0/0.8/0.78, dsn=2.6.0, status=sent (250 2.6.0 <25803503543522283331051@inconue-PC> [InternalId=110049947027911, Hostname=HE1EUR02HT185.eop-EUR02.prod.protection.outlook.com] 46044 bytes in 0.424, 105.886 KB/sec Queued mail for delivery -> 250 2.1.5)
Feb  2 04:03:57 mail postfix/qmgr[2026]: 4DVB576X7Yz25KF: removed
Feb  2 04:03:57 mail postfix/smtp[1552281]: Trusted TLS connection established to hotmail-com.olc.protection.outlook.com[104.47.5.33]:25: TLSv1.2 with cipher ECDHE-RSA-AES256-GCM-SHA384 (256/256 bits)
Feb  2 04:03:57 mail postfix/smtp[1552280]: Trusted TLS connection established to hotmail-com.olc.protection.outlook.com[104.47.4.33]:25: TLSv1.2 with cipher ECDHE-RSA-AES256-GCM-SHA384 (256/256 bits)
Feb  2 04:03:57 mail postfix/submission/smtpd[1552230]: Anonymous TLS connection established from unknown[102.52.87.215]: TLSv1 with cipher DHE-RSA-AES256-SHA (256/256 bits)
Feb  2 04:03:57 mail postfix/smtp[1552290]: Trusted TLS connection established to hotmail-com.olc.protection.outlook.com[104.47.5.33]:25: TLSv1.2 with cipher ECDHE-RSA-AES256-GCM-SHA384 (256/256 bits)
Feb  2 04:03:57 mail postfix/qmgr[2026]: 4DVB574fK5z25KC: from=<do-not-reply@oneidnet.com>, size=37151, nrcpt=1 (queue active)
Feb  2 04:03:57 mail postfix/submission/smtpd[1552236]: connect from unknown[102.52.87.215]
Feb  2 04:03:58 mail postfix/10025/smtpd[1552279]: 4DVB5B04wzz1wF4: client=localhost[127.0.0.1]
Feb  2 04:03:58 mail postfix/cleanup[1552250]: 4DVB5B04wzz1wF4: message-id=<25803503543523125118052@inconue-PC>
Feb  2 04:03:58 mail postfix/qmgr[2026]: 4DVB5B04wzz1wF4: from=<do-not-reply@oneidnet.com>, size=38777, nrcpt=1 (queue active)
Feb  2 04:03:58 mail amavis[1485068]: (1485068-14) Passed CLEAN {RelayedInternal}, ORIGINATING LOCAL [102.52.87.215]:46384 [102.52.87.215] ESMTP/ESMTP <do-not-reply@oneidnet.com> -> <a_atwell999@hotmail.com>, (ESMTPSA://[102.52.87.215]:46384), Queue-ID: 4DVB574fK5z25KC, Message-ID: <25803503543523125118052@inconue-pc>, mail_id: 8bAAowNO9WGi, b: ld9O1QAPs, Hits: 3.162, size: 37151, queued_as: 4DVB5B04wzz1wF4, Subject: "- Use materials provided -", From: <do-not-reply@oneidnet.com>, X-Mailer: Smart_Send_3_1_6, helo=41.142.47.107, Tests: [ALL_TRUSTED=-1,HTML_MESSAGE=0.001,MIME_HTML_ONLY=0.1,TVD_RCVD_IP4=0.001,TVD_RCVD_IP=0.001,T_KAM_HTML_FONT_INVALID=0.01,URIBL_ABUSE_SURBL=1.948,URIBL_BLOCKED=0.001,URIBL_DBL_ABUSE_SPAM=2,URIBL_SBL_A=0.1], autolearn=no autolearn_force=no, autolearnscore=4.161, dkim_new=dkim:oneidnet.com, 177 ms
Feb  2 04:03:58 mail postfix/amavis/smtp[1552275]: 4DVB574fK5z25KC: to=<a_atwell999@hotmail.com>, relay=127.0.0.1[127.0.0.1]:10026, delay=2.6, delays=2.4/0/0/0.18, dsn=2.0.0, status=sent (250 2.0.0 from MTA(smtp:[127.0.0.1]:10025): 250 2.0.0 Ok: queued as 4DVB5B04wzz1wF4)
Feb  2 04:03:58 mail postfix/qmgr[2026]: 4DVB574fK5z25KC: removed
Feb  2 04:03:58 mail postfix/submission/smtpd[1552238]: disconnect from unknown[102.52.87.215] ehlo=2 starttls=1 auth=1 mail=1 rcpt=1 data=1 quit=1 commands=8
Feb  2 04:03:58 mail postfix/smtp[1552280]: 4DVB586XXNz1wDJ: to=<a_atravel@hotmail.com>, relay=hotmail-com.olc.protection.outlook.com[104.47.4.33]:25, delay=1.2, delays=0.01/0.15/0.6/0.43, dsn=2.6.0, status=sent (250 2.6.0 <258035035435281831563@inconue-PC> [InternalId=73748883442880, Hostname=AM5EUR02HT203.eop-EUR02.prod.protection.outlook.com] 45964 bytes in 0.182, 245.596 KB/sec Queued mail for delivery -> 250 2.1.5)
Feb  2 04:03:58 mail postfix/qmgr[2026]: 4DVB586XXNz1wDJ: removed
Feb  2 04:03:58 mail postfix/smtp[1552281]: 4DVB5865NPz22B8: to=<a_artola_c@hotmail.com>, relay=hotmail-com.olc.protection.outlook.com[104.47.5.33]:25, delay=1.3, delays=0.01/0/0.75/0.57, dsn=2.6.0, status=sent (250 2.6.0 <2580350354352251179645@inconue-PC> [InternalId=109560320755263, Hostname=HE1EUR02HT076.eop-EUR02.prod.protection.outlook.com] 46049 bytes in 0.226, 198.160 KB/sec Queued mail for delivery -> 250 2.1.5)
Feb  2 04:03:58 mail postfix/qmgr[2026]: 4DVB5865NPz22B8: removed
Feb  2 04:03:58 mail postfix/smtp[1552276]: 4DVB5814Srz1wG6: to=<a_ansah@hotmail.com>, relay=hotmail-com.olc.protection.outlook.com[104.47.4.33]:25, delay=2.1, delays=0.01/0.36/0.6/1.1, dsn=2.6.0, status=sent (250 2.6.0 <2580350354352227814527@inconue-PC> [InternalId=58892591563749, Hostname=BY5PR13MB3683.namprd13.prod.outlook.com] 46305 bytes in 0.276, 163.609 KB/sec Queued mail for delivery -> 250 2.1.5)
Feb  2 04:03:58 mail postfix/qmgr[2026]: 4DVB5814Srz1wG6: removed
Feb  2 04:03:58 mail postfix/smtp[1552284]: Trusted TLS connection established to hotmail-com.olc.protection.outlook.com[104.47.5.33]:25: TLSv1.2 with cipher ECDHE-RSA-AES256-GCM-SHA384 (256/256 bits)
Feb  2 04:03:58 mail postfix/submission/smtpd[1552233]: Anonymous TLS connection established from unknown[102.52.87.215]: TLSv1 with cipher DHE-RSA-AES256-SHA (256/256 bits)
Feb  2 04:03:58 mail postfix/submission/smtpd[1552231]: 4DVB5B4yKdz1wDJ: client=unknown[102.52.87.215], sasl_method=LOGIN, sasl_username=do-not-reply@oneidnet.com
Feb  2 04:03:59 mail postfix/submission/smtpd[1552221]: Anonymous TLS connection established from unknown[102.52.87.215]: TLSv1 with cipher DHE-RSA-AES256-SHA (256/256 bits)
Feb  2 04:03:59 mail postfix/smtp[1552290]: 4DVB586YTtz24l2: to=<a_ansari4@hotmail.com>, relay=hotmail-com.olc.protection.outlook.com[104.47.5.33]:25, delay=2.4, delays=0.01/0.15/0.76/1.5, dsn=2.6.0, status=sent (250 2.6.0 <258035035435244524942@inconue-PC> [InternalId=109878148334764, Hostname=HE1EUR02HT147.eop-EUR02.prod.protection.outlook.com] 46044 bytes in 0.355, 126.354 KB/sec Queued mail for delivery -> 250 2.1.5)
Feb  2 04:03:59 mail postfix/qmgr[2026]: 4DVB586YTtz24l2: removed
Feb  2 04:03:59 mail postfix/smtp[1552284]: 4DVB5B04wzz1wF4: to=<a_atwell999@hotmail.com>, relay=hotmail-com.olc.protection.outlook.com[104.47.5.33]:25, delay=1.4, delays=0.01/0/0.77/0.62, dsn=2.6.0, status=sent (250 2.6.0 <25803503543523125118052@inconue-PC> [InternalId=110110076569590, Hostname=HE1EUR02HT187.eop-EUR02.prod.protection.outlook.com] 46058 bytes in 0.277, 161.883 KB/sec Queued mail for delivery -> 250 2.1.5)
Feb  2 04:03:59 mail postfix/qmgr[2026]: 4DVB5B04wzz1wF4: removed
Feb  2 04:03:59 mail postfix/submission/smtpd[1552232]: Anonymous TLS connection established from unknown[102.52.87.215]: TLSv1 with cipher DHE-RSA-AES256-SHA (256/256 bits)
Feb  2 04:04:00 mail postfix/submission/smtpd[1552237]: Anonymous TLS connection established from unknown[102.52.87.215]: TLSv1 with cipher DHE-RSA-AES256-SHA (256/256 bits)
Feb  2 04:04:00 mail postfix/submission/smtpd[1552235]: Anonymous TLS connection established from unknown[102.52.87.215]: TLSv1 with cipher DHE-RSA-AES256-SHA (256/256 bits)
Feb  2 04:04:01 mail postfix/submission/smtpd[1552234]: Anonymous TLS connection established from unknown[102.52.87.215]: TLSv1 with cipher DHE-RSA-AES256-SHA (256/256 bits)
Feb  2 04:04:01 mail postfix/submission/smtpd[1552238]: connect from unknown[102.52.87.215]
Feb  2 04:04:01 mail postfix/cleanup[1552262]: 4DVB5B4yKdz1wDJ: message-id=<25803503543522570410844@inconue-PC>
Feb  2 04:04:02 mail postfix/submission/smtpd[1552236]: Anonymous TLS connection established from unknown[102.52.87.215]: TLSv1 with cipher DHE-RSA-AES256-SHA (256/256 bits)
Feb  2 04:04:02 mail postfix/submission/smtpd[1552230]: 4DVB5G15Zdz1wF4: client=unknown[102.52.87.215], sasl_method=LOGIN, sasl_username=do-not-reply@oneidnet.com
Feb  2 04:04:02 mail postfix/submission/smtpd[1552233]: 4DVB5G17GCz1wG4: client=unknown[102.52.87.215], sasl_method=LOGIN, sasl_username=do-not-reply@oneidnet.com
Feb  2 04:04:02 mail postfix/qmgr[2026]: 4DVB5B4yKdz1wDJ: from=<do-not-reply@oneidnet.com>, size=37145, nrcpt=1 (queue active)
Feb  2 04:04:02 mail postfix/submission/smtpd[1552232]: 4DVB5G2NcKz1wG6: client=unknown[102.52.87.215], sasl_method=LOGIN, sasl_username=do-not-reply@oneidnet.com
Feb  2 04:04:02 mail postfix/submission/smtpd[1552231]: disconnect from unknown[102.52.87.215] ehlo=2 starttls=1 auth=1 mail=1 rcpt=1 data=1 quit=1 commands=8
Feb  2 04:04:02 mail postfix/10025/smtpd[1552288]: 4DVB5G3SCYz22B9: client=localhost[127.0.0.1]
Feb  2 04:04:02 mail postfix/cleanup[1552257]: 4DVB5G3SCYz22B9: message-id=<25803503543522570410844@inconue-PC>
Feb  2 04:04:02 mail postfix/qmgr[2026]: 4DVB5G3SCYz22B9: from=<do-not-reply@oneidnet.com>, size=38765, nrcpt=1 (queue active)
Feb  2 04:04:02 mail amavis[1485070]: (1485070-13) Passed CLEAN {RelayedInternal}, ORIGINATING LOCAL [102.52.87.215]:47592 [102.52.87.215] ESMTP/ESMTP <do-not-reply@oneidnet.com> -> <a_aumann@hotmail.com>, (ESMTPSA://[102.52.87.215]:47592), Queue-ID: 4DVB5B4yKdz1wDJ, Message-ID: <25803503543522570410844@inconue-pc>, mail_id: 4mfKSQVSuIKY, b: ld9O1QAPs, Hits: 3.162, size: 37145, queued_as: 4DVB5G3SCYz22B9, Subject: "- Use materials provided -", From: <do-not-reply@oneidnet.com>, X-Mailer: Smart_Send_3_1_6, helo=41.142.47.107, Tests: [ALL_TRUSTED=-1,HTML_MESSAGE=0.001,MIME_HTML_ONLY=0.1,TVD_RCVD_IP4=0.001,TVD_RCVD_IP=0.001,T_KAM_HTML_FONT_INVALID=0.01,URIBL_ABUSE_SURBL=1.948,URIBL_BLOCKED=0.001,URIBL_DBL_ABUSE_SPAM=2,URIBL_SBL_A=0.1], autolearn=no autolearn_force=no, autolearnscore=4.161, dkim_new=dkim:oneidnet.com, 199 ms
Feb  2 04:04:02 mail postfix/amavis/smtp[1552272]: 4DVB5B4yKdz1wDJ: to=<a_aumann@hotmail.com>, relay=127.0.0.1[127.0.0.1]:10026, delay=4.7, delays=4.4/0/0/0.2, dsn=2.0.0, status=sent (250 2.0.0 from MTA(smtp:[127.0.0.1]:10025): 250 2.0.0 Ok: queued as 4DVB5G3SCYz22B9)
Feb  2 04:04:02 mail postfix/submission/smtpd[1552237]: 4DVB5G3dnsz22B8: client=unknown[102.52.87.215], sasl_method=LOGIN, sasl_username=do-not-reply@oneidnet.com
Feb  2 04:04:02 mail postfix/qmgr[2026]: 4DVB5B4yKdz1wDJ: removed
Feb  2 04:04:02 mail postfix/submission/smtpd[1552221]: 4DVB5G3gf3z1wDJ: client=unknown[102.52.87.215], sasl_method=LOGIN, sasl_username=do-not-reply@oneidnet.com
Feb  2 04:04:02 mail postfix/submission/smtpd[1552231]: connect from unknown[102.52.87.215]
Feb  2 04:04:02 mail postfix/cleanup[1552260]: 4DVB5G15Zdz1wF4: message-id=<25803503543522420013248@inconue-PC>
Feb  2 04:04:02 mail postfix/cleanup[1552248]: 4DVB5G17GCz1wG4: message-id=<2580350354352239327659@inconue-PC>
Feb  2 04:04:02 mail postfix/cleanup[1552259]: 4DVB5G2NcKz1wG6: message-id=<25803503543523039516840@inconue-PC>
Feb  2 04:04:03 mail postfix/smtp[1552291]: Trusted TLS connection established to hotmail-com.olc.protection.outlook.com[104.47.18.225]:25: TLSv1.2 with cipher ECDHE-RSA-AES256-GCM-SHA384 (256/256 bits)
Feb  2 04:04:03 mail postfix/submission/smtpd[1552238]: Anonymous TLS connection established from unknown[102.52.87.215]: TLSv1 with cipher DHE-RSA-AES256-SHA (256/256 bits)
Feb  2 04:04:03 mail postfix/submission/smtpd[1552235]: 4DVB5H11K8z24l2: client=unknown[102.52.87.215], sasl_method=LOGIN, sasl_username=do-not-reply@oneidnet.com
Feb  2 04:04:03 mail postfix/submission/smtpd[1552234]: 4DVB5H166Jz25K9: client=unknown[102.52.87.215], sasl_method=LOGIN, sasl_username=do-not-reply@oneidnet.com
Feb  2 04:04:03 mail postfix/qmgr[2026]: 4DVB5G15Zdz1wF4: from=<do-not-reply@oneidnet.com>, size=37143, nrcpt=1 (queue active)
Feb  2 04:04:03 mail postfix/qmgr[2026]: 4DVB5G17GCz1wG4: from=<do-not-reply@oneidnet.com>, size=37144, nrcpt=1 (queue active)
Feb  2 04:04:03 mail postfix/submission/smtpd[1552230]: disconnect from unknown[102.52.87.215] ehlo=2 starttls=1 auth=1 mail=1 rcpt=1 data=1 quit=1 commands=8
Feb  2 04:04:03 mail postfix/qmgr[2026]: 4DVB5G2NcKz1wG6: from=<do-not-reply@oneidnet.com>, size=37149, nrcpt=1 (queue active)
Feb  2 04:04:03 mail postfix/submission/smtpd[1552233]: disconnect from unknown[102.52.87.215] ehlo=2 starttls=1 auth=1 mail=1 rcpt=1 data=1 quit=1 commands=8
Feb  2 04:04:03 mail postfix/submission/smtpd[1552236]: 4DVB5H3vhlz25KB: client=unknown[102.52.87.215], sasl_method=LOGIN, sasl_username=do-not-reply@oneidnet.com
Feb  2 04:04:03 mail postfix/10025/smtpd[1552269]: 4DVB5H43wKz25KG: client=localhost[127.0.0.1]
Feb  2 04:04:03 mail postfix/cleanup[1552262]: 4DVB5H43wKz25KG: message-id=<2580350354352239327659@inconue-PC>
Feb  2 04:04:03 mail postfix/qmgr[2026]: 4DVB5H43wKz25KG: from=<do-not-reply@oneidnet.com>, size=38764, nrcpt=1 (queue active)
Feb  2 04:04:03 mail postfix/10025/smtpd[1552289]: 4DVB5H46PCz25KH: client=localhost[127.0.0.1]
Feb  2 04:04:03 mail postfix/cleanup[1552257]: 4DVB5H46PCz25KH: message-id=<25803503543522420013248@inconue-PC>
Feb  2 04:04:03 mail amavis[1485067]: (1485067-13) Passed CLEAN {RelayedInternal}, ORIGINATING LOCAL [102.52.87.215]:47538 [102.52.87.215] ESMTP/ESMTP <do-not-reply@oneidnet.com> -> <a_barton@hotmail.com>, (ESMTPSA://[102.52.87.215]:47538), Queue-ID: 4DVB5G17GCz1wG4, Message-ID: <2580350354352239327659@inconue-pc>, mail_id: 3NqT1ACHpEA4, b: ld9O1QAPs, Hits: 3.162, size: 37144, queued_as: 4DVB5H43wKz25KG, Subject: "- Use materials provided -", From: <do-not-reply@oneidnet.com>, X-Mailer: Smart_Send_3_1_6, helo=41.142.47.107, Tests: [ALL_TRUSTED=-1,HTML_MESSAGE=0.001,MIME_HTML_ONLY=0.1,TVD_RCVD_IP4=0.001,TVD_RCVD_IP=0.001,T_KAM_HTML_FONT_INVALID=0.01,URIBL_ABUSE_SURBL=1.948,URIBL_BLOCKED=0.001,URIBL_DBL_ABUSE_SPAM=2,URIBL_SBL_A=0.1], autolearn=no autolearn_force=no, autolearnscore=4.161, dkim_new=dkim:oneidnet.com, 223 ms
Feb  2 04:04:03 mail postfix/qmgr[2026]: 4DVB5H46PCz25KH: from=<do-not-reply@oneidnet.com>, size=38761, nrcpt=1 (queue active)
Feb  2 04:04:03 mail amavis[1485069]: (1485069-13) Passed CLEAN {RelayedInternal}, ORIGINATING LOCAL [102.52.87.215]:47162 [102.52.87.215] ESMTP/ESMTP <do-not-reply@oneidnet.com> -> <a_bake9@hotmail.com>, (ESMTPSA://[102.52.87.215]:47162), Queue-ID: 4DVB5G15Zdz1wF4, Message-ID: <25803503543522420013248@inconue-pc>, mail_id: UxDZ0746LeNx, b: ld9O1QAPs, Hits: 3.162, size: 37143, queued_as: 4DVB5H46PCz25KH, Subject: "- Use materials provided -", From: <do-not-reply@oneidnet.com>, X-Mailer: Smart_Send_3_1_6, helo=41.142.47.107, Tests: [ALL_TRUSTED=-1,HTML_MESSAGE=0.001,MIME_HTML_ONLY=0.1,TVD_RCVD_IP4=0.001,TVD_RCVD_IP=0.001,T_KAM_HTML_FONT_INVALID=0.01,URIBL_ABUSE_SURBL=1.948,URIBL_BLOCKED=0.001,URIBL_DBL_ABUSE_SPAM=2,URIBL_SBL_A=0.1], autolearn=no autolearn_force=no, autolearnscore=4.161, dkim_new=dkim:oneidnet.com, 238 ms
Feb  2 04:04:03 mail postfix/amavis/smtp[1552268]: 4DVB5G17GCz1wG4: to=<a_barton@hotmail.com>, relay=127.0.0.1[127.0.0.1]:10026, delay=2, delays=1.8/0/0/0.23, dsn=2.0.0, status=sent (250 2.0.0 from MTA(smtp:[127.0.0.1]:10025): 250 2.0.0 Ok: queued as 4DVB5H43wKz25KG)
Feb  2 04:04:03 mail postfix/qmgr[2026]: 4DVB5G17GCz1wG4: removed
Feb  2 04:04:03 mail postfix/amavis/smtp[1552265]: 4DVB5G15Zdz1wF4: to=<a_bake9@hotmail.com>, relay=127.0.0.1[127.0.0.1]:10026, delay=2, delays=1.8/0/0/0.24, dsn=2.0.0, status=sent (250 2.0.0 from MTA(smtp:[127.0.0.1]:10025): 250 2.0.0 Ok: queued as 4DVB5H46PCz25KH)
Feb  2 04:04:03 mail postfix/qmgr[2026]: 4DVB5G15Zdz1wF4: removed
Feb  2 04:04:03 mail postfix/cleanup[1552264]: 4DVB5G3dnsz22B8: message-id=<25803503543521826614227@inconue-PC>
Feb  2 04:04:03 mail postfix/cleanup[1552261]: 4DVB5G3gf3z1wDJ: message-id=<2580350354352442620813@inconue-PC>
Feb  2 04:04:03 mail postfix/submission/smtpd[1552232]: disconnect from unknown[102.52.87.215] ehlo=2 starttls=1 auth=1 mail=1 rcpt=1 data=1 quit=1 commands=8
Feb  2 04:04:03 mail postfix/submission/smtpd[1552230]: connect from unknown[102.52.87.215]
Feb  2 04:04:03 mail postfix/10025/smtpd[1552279]: 4DVB5H570jz1wF4: client=localhost[127.0.0.1]
Feb  2 04:04:03 mail postfix/cleanup[1552260]: 4DVB5H570jz1wF4: message-id=<25803503543523039516840@inconue-PC>
Feb  2 04:04:03 mail postfix/qmgr[2026]: 4DVB5H570jz1wF4: from=<do-not-reply@oneidnet.com>, size=38773, nrcpt=1 (queue active)
Feb  2 04:04:03 mail amavis[1485068]: (1485068-15) Passed CLEAN {RelayedInternal}, ORIGINATING LOCAL [102.52.87.215]:47715 [102.52.87.215] ESMTP/ESMTP <do-not-reply@oneidnet.com> -> <a_balvarez@hotmail.com>, (ESMTPSA://[102.52.87.215]:47715), Queue-ID: 4DVB5G2NcKz1wG6, Message-ID: <25803503543523039516840@inconue-pc>, mail_id: CwOadXfMBtuu, b: ld9O1QAPs, Hits: 3.162, size: 37149, queued_as: 4DVB5H570jz1wF4, Subject: "- Use materials provided -", From: <do-not-reply@oneidnet.com>, X-Mailer: Smart_Send_3_1_6, helo=41.142.47.107, Tests: [ALL_TRUSTED=-1,HTML_MESSAGE=0.001,MIME_HTML_ONLY=0.1,TVD_RCVD_IP4=0.001,TVD_RCVD_IP=0.001,T_KAM_HTML_FONT_INVALID=0.01,URIBL_ABUSE_SURBL=1.948,URIBL_BLOCKED=0.001,URIBL_DBL_ABUSE_SPAM=2,URIBL_SBL_A=0.1], autolearn=no autolearn_force=no, autolearnscore=4.161, dkim_new=dkim:oneidnet.com, 214 ms
Feb  2 04:04:03 mail postfix/amavis/smtp[1552275]: 4DVB5G2NcKz1wG6: to=<a_balvarez@hotmail.com>, relay=127.0.0.1[127.0.0.1]:10026, delay=1.6, delays=1.4/0/0/0.22, dsn=2.0.0, status=sent (250 2.0.0 from MTA(smtp:[127.0.0.1]:10025): 250 2.0.0 Ok: queued as 4DVB5H570jz1wF4)
Feb  2 04:04:03 mail postfix/qmgr[2026]: 4DVB5G2NcKz1wG6: removed
Feb  2 04:04:03 mail postfix/submission/smtpd[1552233]: connect from unknown[102.52.87.215]
Feb  2 04:04:03 mail postfix/cleanup[1552263]: 4DVB5H11K8z24l2: message-id=<25803503543522103916978@inconue-PC>
Feb  2 04:04:03 mail postfix/cleanup[1552258]: 4DVB5H166Jz25K9: message-id=<258035035435252321@inconue-PC>
Feb  2 04:04:03 mail postfix/smtp[1552291]: 4DVB5G3SCYz22B9: to=<a_aumann@hotmail.com>, relay=hotmail-com.olc.protection.outlook.com[104.47.18.225]:25, delay=1.5, delays=0.01/0.01/0.69/0.78, dsn=2.6.0, status=sent (250 2.6.0 <25803503543522570410844@inconue-PC> [InternalId=8345121460402, Hostname=VI1EUR06HT019.eop-eur06.prod.protection.outlook.com] 46035 bytes in 0.443, 101.329 KB/sec Queued mail for delivery -> 250 2.1.5)
Feb  2 04:04:03 mail postfix/qmgr[2026]: 4DVB5G3SCYz22B9: removed
Feb  2 04:04:04 mail postfix/smtp[1552271]: Trusted TLS connection established to hotmail-com.olc.protection.outlook.com[104.47.18.161]:25: TLSv1.2 with cipher ECDHE-RSA-AES256-GCM-SHA384 (256/256 bits)
Feb  2 04:04:04 mail postfix/smtp[1552282]: Trusted TLS connection established to hotmail-com.olc.protection.outlook.com[104.47.18.161]:25: TLSv1.2 with cipher ECDHE-RSA-AES256-GCM-SHA384 (256/256 bits)
Feb  2 04:04:04 mail postfix/submission/smtpd[1552231]: Anonymous TLS connection established from unknown[102.52.87.215]: TLSv1 with cipher DHE-RSA-AES256-SHA (256/256 bits)
Feb  2 04:04:04 mail postfix/smtp[1552280]: Trusted TLS connection established to hotmail-com.olc.protection.outlook.com[104.47.18.225]:25: TLSv1.2 with cipher ECDHE-RSA-AES256-GCM-SHA384 (256/256 bits)
Feb  2 04:04:04 mail postfix/qmgr[2026]: 4DVB5G3dnsz22B8: from=<do-not-reply@oneidnet.com>, size=37149, nrcpt=1 (queue active)
Feb  2 04:04:04 mail postfix/qmgr[2026]: 4DVB5G3gf3z1wDJ: from=<do-not-reply@oneidnet.com>, size=37142, nrcpt=1 (queue active)
Feb  2 04:04:04 mail postfix/qmgr[2026]: 4DVB5H166Jz25K9: from=<do-not-reply@oneidnet.com>, size=37144, nrcpt=1 (queue active)
Feb  2 04:04:04 mail postfix/qmgr[2026]: 4DVB5H11K8z24l2: from=<do-not-reply@oneidnet.com>, size=37143, nrcpt=1 (queue active)
Feb  2 04:04:04 mail postfix/smtp[1552282]: 4DVB5H46PCz25KH: to=<a_bake9@hotmail.com>, relay=hotmail-com.olc.protection.outlook.com[104.47.18.161]:25, delay=1, delays=0.01/0/0.6/0.42, dsn=2.6.0, status=sent (250 2.6.0 <25803503543522420013248@inconue-PC> [InternalId=33642478832959, Hostname=AM7EUR06HT140.eop-eur06.prod.protection.outlook.com] 45968 bytes in 0.174, 257.689 KB/sec Queued mail for delivery -> 250 2.1.5)
Feb  2 04:04:04 mail postfix/qmgr[2026]: 4DVB5H46PCz25KH: removed
Feb  2 04:04:04 mail postfix/submission/smtpd[1552232]: connect from unknown[102.52.87.215]
Feb  2 04:04:04 mail postfix/smtp[1552271]: 4DVB5H43wKz25KG: to=<a_barton@hotmail.com>, relay=hotmail-com.olc.protection.outlook.com[104.47.18.161]:25, delay=1.1, delays=0.01/0.01/0.6/0.44, dsn=2.6.0, status=sent (250 2.6.0 <2580350354352239327659@inconue-PC> [InternalId=33659658702543, Hostname=AM7EUR06HT152.eop-eur06.prod.protection.outlook.com] 45988 bytes in 0.193, 231.843 KB/sec Queued mail for delivery -> 250 2.1.5)
Feb  2 04:04:04 mail postfix/qmgr[2026]: 4DVB5H43wKz25KG: removed
Feb  2 04:04:04 mail postfix/submission/smtpd[1552237]: disconnect from unknown[102.52.87.215] ehlo=2 starttls=1 auth=1 mail=1 rcpt=1 data=1 quit=1 commands=8
Feb  2 04:04:04 mail postfix/submission/smtpd[1552221]: disconnect from unknown[102.52.87.215] ehlo=2 starttls=1 auth=1 mail=1 rcpt=1 data=1 quit=1 commands=8
Feb  2 04:04:04 mail postfix/submission/smtpd[1552234]: disconnect from unknown[102.52.87.215] ehlo=2 starttls=1 auth=1 mail=1 rcpt=1 data=1 quit=1 commands=8
Feb  2 04:04:04 mail postfix/submission/smtpd[1552235]: disconnect from unknown[102.52.87.215] ehlo=2 starttls=1 auth=1 mail=1 rcpt=1 data=1 quit=1 commands=8
Feb  2 04:04:04 mail postfix/cleanup[1552250]: 4DVB5H3vhlz25KB: message-id=<25803503543529487900@inconue-PC>
Feb  2 04:04:04 mail postfix/10025/smtpd[1552269]: 4DVB5J5lwSz1wG4: client=localhost[127.0.0.1]
Feb  2 04:04:04 mail postfix/cleanup[1552248]: 4DVB5J5lwSz1wG4: message-id=<2580350354352442620813@inconue-PC>
Feb  2 04:04:04 mail postfix/qmgr[2026]: 4DVB5J5lwSz1wG4: from=<do-not-reply@oneidnet.com>, size=38760, nrcpt=1 (queue active)
Feb  2 04:04:04 mail amavis[1485067]: (1485067-14) Passed CLEAN {RelayedInternal}, ORIGINATING LOCAL [102.52.87.215]:47975 [102.52.87.215] ESMTP/ESMTP <do-not-reply@oneidnet.com> -> <a_banya@hotmail.com>, (ESMTPSA://[102.52.87.215]:47975), Queue-ID: 4DVB5G3gf3z1wDJ, Message-ID: <2580350354352442620813@inconue-pc>, mail_id: aSGswublIyPa, b: ld9O1QAPs, Hits: 3.162, size: 37142, queued_as: 4DVB5J5lwSz1wG4, Subject: "- Use materials provided -", From: <do-not-reply@oneidnet.com>, X-Mailer: Smart_Send_3_1_6, helo=41.142.47.107, Tests: [ALL_TRUSTED=-1,HTML_MESSAGE=0.001,MIME_HTML_ONLY=0.1,TVD_RCVD_IP4=0.001,TVD_RCVD_IP=0.001,T_KAM_HTML_FONT_INVALID=0.01,URIBL_ABUSE_SURBL=1.948,URIBL_BLOCKED=0.001,URIBL_DBL_ABUSE_SPAM=2,URIBL_SBL_A=0.1], autolearn=no autolearn_force=no, autolearnscore=4.161, dkim_new=dkim:oneidnet.com, 340 ms
Feb  2 04:04:04 mail postfix/amavis/smtp[1552268]: 4DVB5G3gf3z1wDJ: to=<a_banya@hotmail.com>, relay=127.0.0.1[127.0.0.1]:10026, delay=2.5, delays=2.2/0/0/0.35, dsn=2.0.0, status=sent (250 2.0.0 from MTA(smtp:[127.0.0.1]:10025): 250 2.0.0 Ok: queued as 4DVB5J5lwSz1wG4)
Feb  2 04:04:04 mail postfix/qmgr[2026]: 4DVB5G3gf3z1wDJ: removed
Feb  2 04:04:04 mail postfix/10025/smtpd[1552289]: 4DVB5J5xJ1z1wDJ: client=localhost[127.0.0.1]
Feb  2 04:04:04 mail postfix/cleanup[1552259]: 4DVB5J5xJ1z1wDJ: message-id=<258035035435252321@inconue-PC>
Feb  2 04:04:04 mail postfix/qmgr[2026]: 4DVB5J5xJ1z1wDJ: from=<do-not-reply@oneidnet.com>, size=38768, nrcpt=1 (queue active)
Feb  2 04:04:04 mail postfix/submission/smtpd[1552238]: 4DVB5J6376z22B9: client=unknown[102.52.87.215], sasl_method=LOGIN, sasl_username=do-not-reply@oneidnet.com
Feb  2 04:04:04 mail postfix/10025/smtpd[1552288]: 4DVB5J673Vz25KF: client=localhost[127.0.0.1]
Feb  2 04:04:04 mail postfix/cleanup[1552257]: 4DVB5J673Vz25KF: message-id=<25803503543521826614227@inconue-PC>
Feb  2 04:04:04 mail amavis[1485069]: (1485069-14) Passed CLEAN {RelayedInternal}, ORIGINATING LOCAL [102.52.87.215]:47093 [102.52.87.215] ESMTP/ESMTP <do-not-reply@oneidnet.com> -> <a_bashandy@hotmail.com>, (ESMTPSA://[102.52.87.215]:47093), Queue-ID: 4DVB5H166Jz25K9, Message-ID: <258035035435252321@inconue-pc>, mail_id: SLOwH8QzMhbq, b: ld9O1QAPs, Hits: 3.162, size: 37144, queued_as: 4DVB5J5xJ1z1wDJ, Subject: "- Use materials provided -", From: <do-not-reply@oneidnet.com>, X-Mailer: Smart_Send_3_1_6, helo=41.142.47.107, Tests: [ALL_TRUSTED=-1,HTML_MESSAGE=0.001,MIME_HTML_ONLY=0.1,TVD_RCVD_IP4=0.001,TVD_RCVD_IP=0.001,T_KAM_HTML_FONT_INVALID=0.01,URIBL_ABUSE_SURBL=1.948,URIBL_BLOCKED=0.001,URIBL_DBL_ABUSE_SPAM=2,URIBL_SBL_A=0.1], autolearn=no autolearn_force=no, autolearnscore=4.161, dkim_new=dkim:oneidnet.com, 371 ms
Feb  2 04:04:04 mail postfix/qmgr[2026]: 4DVB5J673Vz25KF: from=<do-not-reply@oneidnet.com>, size=38773, nrcpt=1 (queue active)
Feb  2 04:04:04 mail postfix/amavis/smtp[1552265]: 4DVB5H166Jz25K9: to=<a_bashandy@hotmail.com>, relay=127.0.0.1[127.0.0.1]:10026, delay=2.3, delays=1.9/0.01/0/0.38, dsn=2.0.0, status=sent (250 2.0.0 from MTA(smtp:[127.0.0.1]:10025): 250 2.0.0 Ok: queued as 4DVB5J5xJ1z1wDJ)
Feb  2 04:04:04 mail postfix/qmgr[2026]: 4DVB5H166Jz25K9: removed
Feb  2 04:04:04 mail postfix/submission/smtpd[1552237]: connect from unknown[102.52.87.215]
Feb  2 04:04:04 mail amavis[1485070]: (1485070-14) Passed CLEAN {RelayedInternal}, ORIGINATING LOCAL [102.52.87.215]:47125 [102.52.87.215] ESMTP/ESMTP <do-not-reply@oneidnet.com> -> <a_battikha@hotmail.com>, (ESMTPSA://[102.52.87.215]:47125), Queue-ID: 4DVB5G3dnsz22B8, Message-ID: <25803503543521826614227@inconue-pc>, mail_id: orfj95NgX5hL, b: ld9O1QAPs, Hits: 3.162, size: 37149, queued_as: 4DVB5J673Vz25KF, Subject: "- Use materials provided -", From: <do-not-reply@oneidnet.com>, X-Mailer: Smart_Send_3_1_6, helo=41.142.47.107, Tests: [ALL_TRUSTED=-1,HTML_MESSAGE=0.001,MIME_HTML_ONLY=0.1,TVD_RCVD_IP4=0.001,TVD_RCVD_IP=0.001,T_KAM_HTML_FONT_INVALID=0.01,URIBL_ABUSE_SURBL=1.948,URIBL_BLOCKED=0.001,URIBL_DBL_ABUSE_SPAM=2,URIBL_SBL_A=0.1], autolearn=no autolearn_force=no, autolearnscore=4.161, dkim_new=dkim:oneidnet.com, 414 ms
Feb  2 04:04:04 mail postfix/amavis/smtp[1552272]: 4DVB5G3dnsz22B8: to=<a_battikha@hotmail.com>, relay=127.0.0.1[127.0.0.1]:10026, delay=2.6, delays=2.1/0/0/0.42, dsn=2.0.0, status=sent (250 2.0.0 from MTA(smtp:[127.0.0.1]:10025): 250 2.0.0 Ok: queued as 4DVB5J673Vz25KF)
Feb  2 04:04:04 mail postfix/qmgr[2026]: 4DVB5G3dnsz22B8: removed
Feb  2 04:04:04 mail postfix/10025/smtpd[1552279]: 4DVB5J6KDyz1wG6: client=localhost[127.0.0.1]
Feb  2 04:04:04 mail postfix/cleanup[1552260]: 4DVB5J6KDyz1wG6: message-id=<25803503543522103916978@inconue-PC>
Feb  2 04:04:04 mail postfix/qmgr[2026]: 4DVB5J6KDyz1wG6: from=<do-not-reply@oneidnet.com>, size=38761, nrcpt=1 (queue active)
